org/apache/shardingsphere/shardingjdbc/orchestration/spring/boot/registry/TestRegistryCenter.class
org/apache/shardingsphere/shardingjdbc/orchestration/spring/boot/type/OrchestrationSpringBootRegistryEncryptTest.class
org/apache/shardingsphere/shardingjdbc/orchestration/spring/boot/type/OrchestrationSpringBootShardingTest.class
org/apache/shardingsphere/shardingjdbc/orchestration/spring/boot/util/EmbedTestingServer$1.class
org/apache/shardingsphere/shardingjdbc/orchestration/spring/boot/util/DataSourceUtilTest.class
org/apache/shardingsphere/shardingjdbc/orchestration/spring/boot/type/OrchestrationSpringBootEncryptTest.class
org/apache/shardingsphere/shardingjdbc/orchestration/spring/boot/type/OrchestrationSpringBootRegistryMasterSlaveTest.class
org/apache/shardingsphere/shardingjdbc/orchestration/spring/boot/type/OrchestrationSpringBootRegistryShardingTest.class
org/apache/shardingsphere/shardingjdbc/orchestration/spring/boot/type/OrchestrationSpringBootMasterSlaveTest.class
org/apache/shardingsphere/shardingjdbc/orchestration/spring/boot/util/EmbedTestingServer.class
org/apache/shardingsphere/shardingjdbc/orchestration/spring/boot/type/SpringBootRawDataSourceTest.class
