/Users/huqingfeng/Downloads/apache-shardingsphere-incubating-4.0.0-RC2-src-release/sharding-spring/sharding-jdbc-orchestration-spring/sharding-jdbc-orchestration-spring-boot-starter/src/test/java/org/apache/shardingsphere/shardingjdbc/orchestration/spring/boot/type/OrchestrationSpringBootRegistryMasterSlaveTest.java
/Users/huqingfeng/Downloads/apache-shardingsphere-incubating-4.0.0-RC2-src-release/sharding-spring/sharding-jdbc-orchestration-spring/sharding-jdbc-orchestration-spring-boot-starter/src/test/java/org/apache/shardingsphere/shardingjdbc/orchestration/spring/boot/type/OrchestrationSpringBootEncryptTest.java
/Users/huqingfeng/Downloads/apache-shardingsphere-incubating-4.0.0-RC2-src-release/sharding-spring/sharding-jdbc-orchestration-spring/sharding-jdbc-orchestration-spring-boot-starter/src/test/java/org/apache/shardingsphere/shardingjdbc/orchestration/spring/boot/util/EmbedTestingServer.java
/Users/huqingfeng/Downloads/apache-shardingsphere-incubating-4.0.0-RC2-src-release/sharding-spring/sharding-jdbc-orchestration-spring/sharding-jdbc-orchestration-spring-boot-starter/src/test/java/org/apache/shardingsphere/shardingjdbc/orchestration/spring/boot/type/SpringBootRawDataSourceTest.java
/Users/huqingfeng/Downloads/apache-shardingsphere-incubating-4.0.0-RC2-src-release/sharding-spring/sharding-jdbc-orchestration-spring/sharding-jdbc-orchestration-spring-boot-starter/src/test/java/org/apache/shardingsphere/shardingjdbc/orchestration/spring/boot/type/OrchestrationSpringBootRegistryShardingTest.java
/Users/huqingfeng/Downloads/apache-shardingsphere-incubating-4.0.0-RC2-src-release/sharding-spring/sharding-jdbc-orchestration-spring/sharding-jdbc-orchestration-spring-boot-starter/src/test/java/org/apache/shardingsphere/shardingjdbc/orchestration/spring/boot/type/OrchestrationSpringBootMasterSlaveTest.java
/Users/huqingfeng/Downloads/apache-shardingsphere-incubating-4.0.0-RC2-src-release/sharding-spring/sharding-jdbc-orchestration-spring/sharding-jdbc-orchestration-spring-boot-starter/src/test/java/org/apache/shardingsphere/shardingjdbc/orchestration/spring/boot/registry/TestRegistryCenter.java
/Users/huqingfeng/Downloads/apache-shardingsphere-incubating-4.0.0-RC2-src-release/sharding-spring/sharding-jdbc-orchestration-spring/sharding-jdbc-orchestration-spring-boot-starter/src/test/java/org/apache/shardingsphere/shardingjdbc/orchestration/spring/boot/util/DataSourceUtilTest.java
/Users/huqingfeng/Downloads/apache-shardingsphere-incubating-4.0.0-RC2-src-release/sharding-spring/sharding-jdbc-orchestration-spring/sharding-jdbc-orchestration-spring-boot-starter/src/test/java/org/apache/shardingsphere/shardingjdbc/orchestration/spring/boot/type/OrchestrationSpringBootShardingTest.java
/Users/huqingfeng/Downloads/apache-shardingsphere-incubating-4.0.0-RC2-src-release/sharding-spring/sharding-jdbc-orchestration-spring/sharding-jdbc-orchestration-spring-boot-starter/src/test/java/org/apache/shardingsphere/shardingjdbc/orchestration/spring/boot/type/OrchestrationSpringBootRegistryEncryptTest.java
