/Users/huqingfeng/Downloads/apache-shardingsphere-incubating-4.0.0-RC2-src-release/sharding-spring/sharding-jdbc-orchestration-spring/sharding-jdbc-orchestration-spring-boot-starter/src/main/java/org/apache/shardingsphere/shardingjdbc/orchestration/spring/boot/util/PropertyUtil.java
/Users/huqingfeng/Downloads/apache-shardingsphere-incubating-4.0.0-RC2-src-release/sharding-spring/sharding-jdbc-orchestration-spring/sharding-jdbc-orchestration-spring-boot-starter/src/main/java/org/apache/shardingsphere/shardingjdbc/orchestration/spring/boot/orchestration/SpringBootOrchestrationConfigurationProperties.java
/Users/huqingfeng/Downloads/apache-shardingsphere-incubating-4.0.0-RC2-src-release/sharding-spring/sharding-jdbc-orchestration-spring/sharding-jdbc-orchestration-spring-boot-starter/src/main/java/org/apache/shardingsphere/shardingjdbc/orchestration/spring/boot/OrchestrationSpringBootConfiguration.java
/Users/huqingfeng/Downloads/apache-shardingsphere-incubating-4.0.0-RC2-src-release/sharding-spring/sharding-jdbc-orchestration-spring/sharding-jdbc-orchestration-spring-boot-starter/src/main/java/org/apache/shardingsphere/shardingjdbc/orchestration/spring/boot/masterslave/SpringBootMasterSlaveRuleConfigurationProperties.java
/Users/huqingfeng/Downloads/apache-shardingsphere-incubating-4.0.0-RC2-src-release/sharding-spring/sharding-jdbc-orchestration-spring/sharding-jdbc-orchestration-spring-boot-starter/src/main/java/org/apache/shardingsphere/shardingjdbc/orchestration/spring/boot/util/DataSourceUtil.java
/Users/huqingfeng/Downloads/apache-shardingsphere-incubating-4.0.0-RC2-src-release/sharding-spring/sharding-jdbc-orchestration-spring/sharding-jdbc-orchestration-spring-boot-starter/src/main/java/org/apache/shardingsphere/shardingjdbc/orchestration/spring/boot/sharding/LocalShardingRuleCondition.java
/Users/huqingfeng/Downloads/apache-shardingsphere-incubating-4.0.0-RC2-src-release/sharding-spring/sharding-jdbc-orchestration-spring/sharding-jdbc-orchestration-spring-boot-starter/src/main/java/org/apache/shardingsphere/shardingjdbc/orchestration/spring/boot/common/SpringBootPropertiesConfigurationProperties.java
/Users/huqingfeng/Downloads/apache-shardingsphere-incubating-4.0.0-RC2-src-release/sharding-spring/sharding-jdbc-orchestration-spring/sharding-jdbc-orchestration-spring-boot-starter/src/main/java/org/apache/shardingsphere/shardingjdbc/orchestration/spring/boot/encrypt/LocalEncryptRuleCondition.java
/Users/huqingfeng/Downloads/apache-shardingsphere-incubating-4.0.0-RC2-src-release/sharding-spring/sharding-jdbc-orchestration-spring/sharding-jdbc-orchestration-spring-boot-starter/src/main/java/org/apache/shardingsphere/shardingjdbc/orchestration/spring/boot/masterslave/LocalMasterSlaveRuleCondition.java
/Users/huqingfeng/Downloads/apache-shardingsphere-incubating-4.0.0-RC2-src-release/sharding-spring/sharding-jdbc-orchestration-spring/sharding-jdbc-orchestration-spring-boot-starter/src/main/java/org/apache/shardingsphere/shardingjdbc/orchestration/spring/boot/encrypt/SpringBootEncryptRuleConfigurationProperties.java
/Users/huqingfeng/Downloads/apache-shardingsphere-incubating-4.0.0-RC2-src-release/sharding-spring/sharding-jdbc-orchestration-spring/sharding-jdbc-orchestration-spring-boot-starter/src/main/java/org/apache/shardingsphere/shardingjdbc/orchestration/spring/boot/sharding/SpringBootShardingRuleConfigurationProperties.java
