org/apache/shardingsphere/core/optimize/sharding/engnie/dml/ShardingInsertOptimizeEngineTest.class
org/apache/shardingsphere/core/optimize/api/segment/ColumnTest.class
org/apache/shardingsphere/core/optimize/fixture/TestQueryAssistedShardingEncryptor.class
org/apache/shardingsphere/core/optimize/encrypt/segment/condition/EncryptConditionTest.class
org/apache/shardingsphere/core/optimize/sharding/segment/insert/keygen/GeneratedKeyTest.class
org/apache/shardingsphere/core/optimize/sharding/engnie/dml/ShardingSelectOptimizeEngineTest.class
org/apache/shardingsphere/core/optimize/transparent/engine/TransparentOptimizeEngineTest.class
org/apache/shardingsphere/core/optimize/sharding/engnie/ddl/ShardingDropIndexOptimizeEngineTest.class
org/apache/shardingsphere/core/optimize/fixture/TestShardingEncryptor.class
org/apache/shardingsphere/core/optimize/sharding/segment/insert/InsertOptimizedStatementTest.class
org/apache/shardingsphere/core/optimize/sharding/segment/select/item/SelectItemsTest.class
org/apache/shardingsphere/core/optimize/encrypt/engine/EncryptInsertOptimizeEngineTest.class
org/apache/shardingsphere/core/optimize/api/segment/TablesTest.class
org/apache/shardingsphere/core/optimize/sharding/segment/select/item/AggregationDistinctSelectItemTest.class
org/apache/shardingsphere/core/optimize/fixture/TestShardingKeyGenerator.class
org/apache/shardingsphere/core/optimize/sharding/segment/select/item/DerivedColumnTest.class
org/apache/shardingsphere/core/optimize/api/segment/InsertValueTest.class
