/Users/huqingfeng/Downloads/apache-shardingsphere-incubating-4.0.0-RC2-src-release/sharding-core/sharding-core-optimize/src/test/java/org/apache/shardingsphere/core/optimize/api/segment/TablesTest.java
/Users/huqingfeng/Downloads/apache-shardingsphere-incubating-4.0.0-RC2-src-release/sharding-core/sharding-core-optimize/src/test/java/org/apache/shardingsphere/core/optimize/fixture/TestShardingEncryptor.java
/Users/huqingfeng/Downloads/apache-shardingsphere-incubating-4.0.0-RC2-src-release/sharding-core/sharding-core-optimize/src/test/java/org/apache/shardingsphere/core/optimize/fixture/TestQueryAssistedShardingEncryptor.java
/Users/huqingfeng/Downloads/apache-shardingsphere-incubating-4.0.0-RC2-src-release/sharding-core/sharding-core-optimize/src/test/java/org/apache/shardingsphere/core/optimize/sharding/engnie/dml/ShardingInsertOptimizeEngineTest.java
/Users/huqingfeng/Downloads/apache-shardingsphere-incubating-4.0.0-RC2-src-release/sharding-core/sharding-core-optimize/src/test/java/org/apache/shardingsphere/core/optimize/sharding/segment/select/item/SelectItemsTest.java
/Users/huqingfeng/Downloads/apache-shardingsphere-incubating-4.0.0-RC2-src-release/sharding-core/sharding-core-optimize/src/test/java/org/apache/shardingsphere/core/optimize/sharding/segment/select/item/DerivedColumnTest.java
/Users/huqingfeng/Downloads/apache-shardingsphere-incubating-4.0.0-RC2-src-release/sharding-core/sharding-core-optimize/src/test/java/org/apache/shardingsphere/core/optimize/api/segment/ColumnTest.java
/Users/huqingfeng/Downloads/apache-shardingsphere-incubating-4.0.0-RC2-src-release/sharding-core/sharding-core-optimize/src/test/java/org/apache/shardingsphere/core/optimize/encrypt/segment/condition/EncryptConditionTest.java
/Users/huqingfeng/Downloads/apache-shardingsphere-incubating-4.0.0-RC2-src-release/sharding-core/sharding-core-optimize/src/test/java/org/apache/shardingsphere/core/optimize/sharding/segment/select/item/AggregationDistinctSelectItemTest.java
/Users/huqingfeng/Downloads/apache-shardingsphere-incubating-4.0.0-RC2-src-release/sharding-core/sharding-core-optimize/src/test/java/org/apache/shardingsphere/core/optimize/api/segment/InsertValueTest.java
/Users/huqingfeng/Downloads/apache-shardingsphere-incubating-4.0.0-RC2-src-release/sharding-core/sharding-core-optimize/src/test/java/org/apache/shardingsphere/core/optimize/encrypt/engine/EncryptInsertOptimizeEngineTest.java
/Users/huqingfeng/Downloads/apache-shardingsphere-incubating-4.0.0-RC2-src-release/sharding-core/sharding-core-optimize/src/test/java/org/apache/shardingsphere/core/optimize/fixture/TestShardingKeyGenerator.java
/Users/huqingfeng/Downloads/apache-shardingsphere-incubating-4.0.0-RC2-src-release/sharding-core/sharding-core-optimize/src/test/java/org/apache/shardingsphere/core/optimize/sharding/segment/insert/keygen/GeneratedKeyTest.java
/Users/huqingfeng/Downloads/apache-shardingsphere-incubating-4.0.0-RC2-src-release/sharding-core/sharding-core-optimize/src/test/java/org/apache/shardingsphere/core/optimize/sharding/engnie/ddl/ShardingDropIndexOptimizeEngineTest.java
/Users/huqingfeng/Downloads/apache-shardingsphere-incubating-4.0.0-RC2-src-release/sharding-core/sharding-core-optimize/src/test/java/org/apache/shardingsphere/core/optimize/sharding/engnie/dml/ShardingSelectOptimizeEngineTest.java
/Users/huqingfeng/Downloads/apache-shardingsphere-incubating-4.0.0-RC2-src-release/sharding-core/sharding-core-optimize/src/test/java/org/apache/shardingsphere/core/optimize/sharding/segment/insert/InsertOptimizedStatementTest.java
/Users/huqingfeng/Downloads/apache-shardingsphere-incubating-4.0.0-RC2-src-release/sharding-core/sharding-core-optimize/src/test/java/org/apache/shardingsphere/core/optimize/transparent/engine/TransparentOptimizeEngineTest.java
