/Users/huqingfeng/Downloads/apache-shardingsphere-incubating-4.0.0-RC2-src-release/sharding-proxy/sharding-proxy-frontend/sharding-proxy-frontend-core/src/test/java/org/apache/shardingsphere/shardingproxy/frontend/DatabaseFrontendEngineFactoryTest.java
/Users/huqingfeng/Downloads/apache-shardingsphere-incubating-4.0.0-RC2-src-release/sharding-proxy/sharding-proxy-frontend/sharding-proxy-frontend-core/src/test/java/org/apache/shardingsphere/shardingproxy/frontend/ConnectionIdGeneratorTest.java
/Users/huqingfeng/Downloads/apache-shardingsphere-incubating-4.0.0-RC2-src-release/sharding-proxy/sharding-proxy-frontend/sharding-proxy-frontend-core/src/test/java/org/apache/shardingsphere/shardingproxy/frontend/executor/ChannelThreadExecutorGroupTest.java
/Users/huqingfeng/Downloads/apache-shardingsphere-incubating-4.0.0-RC2-src-release/sharding-proxy/sharding-proxy-frontend/sharding-proxy-frontend-core/src/test/java/org/apache/shardingsphere/shardingproxy/frontend/executor/ExecutorGroupTest.java
