/Users/huqingfeng/Downloads/apache-shardingsphere-incubating-4.0.0-RC2-src-release/sharding-opentracing/src/test/java/org/apache/shardingsphere/opentracing/hook/OpenTracingSQLExecutionHookTest.java
/Users/huqingfeng/Downloads/apache-shardingsphere-incubating-4.0.0-RC2-src-release/sharding-opentracing/src/test/java/org/apache/shardingsphere/opentracing/hook/BaseOpenTracingHookTest.java
/Users/huqingfeng/Downloads/apache-shardingsphere-incubating-4.0.0-RC2-src-release/sharding-opentracing/src/test/java/org/apache/shardingsphere/opentracing/fixture/FooTracer.java
/Users/huqingfeng/Downloads/apache-shardingsphere-incubating-4.0.0-RC2-src-release/sharding-opentracing/src/test/java/org/apache/shardingsphere/opentracing/hook/OpenTracingRootInvokeHookTest.java
/Users/huqingfeng/Downloads/apache-shardingsphere-incubating-4.0.0-RC2-src-release/sharding-opentracing/src/test/java/org/apache/shardingsphere/opentracing/hook/OpenTracingParsingHookTest.java
/Users/huqingfeng/Downloads/apache-shardingsphere-incubating-4.0.0-RC2-src-release/sharding-opentracing/src/test/java/org/apache/shardingsphere/opentracing/ShardingTracerTest.java
