org/apache/shardingsphere/core/strategy/keygen/fixture/IncrementShardingKeyGenerator.class
org/apache/shardingsphere/core/strategy/route/fixture/RangeShardingAlgorithmFixture.class
org/apache/shardingsphere/core/fixture/TestQueryAssistedShardingEncryptor.class
org/apache/shardingsphere/core/yaml/swapper/impl/KeyGeneratorConfigurationYamlSwapperTest.class
org/apache/shardingsphere/core/strategy/masterslave/RoundRobinMasterSlaveLoadBalanceAlgorithmTest.class
org/apache/shardingsphere/core/fixture/RangeShardingAlgorithmFixture.class
org/apache/shardingsphere/core/spi/algorithm/fixture/BaseAlgorithmFixtureServiceLoader.class
org/apache/shardingsphere/core/yaml/swapper/impl/MasterSlaveRuleConfigurationYamlSwapperTest.class
org/apache/shardingsphere/core/strategy/route/fixture/HintShardingAlgorithmFixture.class
org/apache/shardingsphere/core/util/ConfigurationLoggerTest.class
org/apache/shardingsphere/core/spi/algorithm/fixture/BaseAlgorithmFixtureImpl.class
org/apache/shardingsphere/core/strategy/masterslave/MasterSlaveLoadBalanceAlgorithmServiceLoaderTest.class
org/apache/shardingsphere/core/constant/ShardingPropertiesConstantTest.class
org/apache/shardingsphere/core/util/StringUtilTest.class
org/apache/shardingsphere/core/strategy/keygen/ShardingKeyGeneratorServiceLoaderTest.class
org/apache/shardingsphere/core/strategy/route/ShardingStrategyTest.class
org/apache/shardingsphere/core/yaml/swapper/impl/ProxyUserYamlSwapperTest.class
org/apache/shardingsphere/core/strategy/encrypt/ShardingEncryptorServiceLoaderTest.class
org/apache/shardingsphere/core/strategy/keygen/fixture/FixedTimeService.class
org/apache/shardingsphere/core/rule/TableRuleTest.class
org/apache/shardingsphere/core/rule/ShardingRuleTest.class
org/apache/shardingsphere/core/yaml/swapper/impl/TableRuleConfigurationYamlSwapperTest.class
org/apache/shardingsphere/core/util/ConfigurationLoggerTest$1.class
org/apache/shardingsphere/core/fixture/ComplexKeysShardingAlgorithmFixture.class
org/apache/shardingsphere/core/fixture/TestShardingEncryptor.class
org/apache/shardingsphere/core/yaml/engine/YamlEngineShardingConfigurationTest.class
org/apache/shardingsphere/core/strategy/encrypt/impl/MD5ShardingEncryptorTest.class
org/apache/shardingsphere/core/rule/BindingTableRuleTest.class
org/apache/shardingsphere/core/database/DatabaseTypesTest.class
org/apache/shardingsphere/core/metadata/datasource/dialect/PostgreSQLDataSourceMetaDataTest.class
org/apache/shardingsphere/core/yaml/swapper/impl/ShardingRuleConfigurationYamlSwapperTest.class
org/apache/shardingsphere/core/yaml/engine/YamlEngineMasterSlaveConfigurationTest.class
org/apache/shardingsphere/core/strategy/keygen/SnowflakeShardingKeyGeneratorTest$1.class
org/apache/shardingsphere/core/rule/ShardingDataSourceNamesTest.class
org/apache/shardingsphere/core/strategy/encrypt/fixture/TestQueryAssistedShardingEncryptor.class
org/apache/shardingsphere/core/metadata/datasource/dialect/MySQLDataSourceMetaDataTest.class
org/apache/shardingsphere/core/strategy/masterslave/RandomMasterSlaveLoadBalanceAlgorithmTest.class
org/apache/shardingsphere/core/fixture/HintShardingAlgorithmFixture.class
org/apache/shardingsphere/core/metadata/datasource/dialect/H2DataSourceMetaDataTest.class
org/apache/shardingsphere/core/strategy/route/fixture/ComplexKeysShardingAlgorithmFixture.class
org/apache/shardingsphere/core/spi/algorithm/BaseAlgorithmFactoryTest.class
org/apache/shardingsphere/core/yaml/swapper/impl/ShardingStrategyConfigurationYamlSwapperTest.class
org/apache/shardingsphere/core/yaml/swapper/impl/AuthenticationYamlSwapperTest.class
org/apache/shardingsphere/core/strategy/encrypt/impl/AESShardingEncryptorTest.class
org/apache/shardingsphere/core/yaml/engine/fixture/DefaultYamlRepresenterFixture.class
org/apache/shardingsphere/core/strategy/encrypt/fixture/TestShardingEncryptor.class
org/apache/shardingsphere/core/rule/DataNodeTest.class
org/apache/shardingsphere/core/constant/ShardingPropertiesTest.class
org/apache/shardingsphere/core/rule/MasterSlaveRuleTest.class
org/apache/shardingsphere/core/strategy/keygen/UUIDShardingKeyGeneratorTest.class
org/apache/shardingsphere/core/yaml/engine/YamlEngineTest.class
org/apache/shardingsphere/core/metadata/datasource/dialect/SQLServerDataSourceMetaDataTest.class
org/apache/shardingsphere/core/fixture/PreciseShardingAlgorithmFixture.class
org/apache/shardingsphere/core/spi/NewInstanceServiceLoaderTest.class
org/apache/shardingsphere/core/metadata/datasource/dialect/OracleDataSourceMetaDataTest.class
org/apache/shardingsphere/core/yaml/engine/DefaultYamlRepresenterTest.class
org/apache/shardingsphere/core/metadata/datasource/ShardingDataSourceMetaDataTest.class
org/apache/shardingsphere/core/strategy/keygen/SnowflakeShardingKeyGeneratorTest.class
org/apache/shardingsphere/core/util/InlineExpressionParserTest.class
org/apache/shardingsphere/core/config/DataSourceConfigurationTest.class
org/apache/shardingsphere/core/spi/algorithm/fixture/BaseAlgorithmFixture.class
org/apache/shardingsphere/core/strategy/route/fixture/PreciseShardingAlgorithmFixture.class
