/Users/huqingfeng/Downloads/apache-shardingsphere-incubating-4.0.0-RC2-src-release/sharding-core/sharding-core-common/src/test/java/org/apache/shardingsphere/core/yaml/engine/YamlEngineMasterSlaveConfigurationTest.java
/Users/huqingfeng/Downloads/apache-shardingsphere-incubating-4.0.0-RC2-src-release/sharding-core/sharding-core-common/src/test/java/org/apache/shardingsphere/core/yaml/swapper/impl/AuthenticationYamlSwapperTest.java
/Users/huqingfeng/Downloads/apache-shardingsphere-incubating-4.0.0-RC2-src-release/sharding-core/sharding-core-common/src/test/java/org/apache/shardingsphere/core/strategy/masterslave/RandomMasterSlaveLoadBalanceAlgorithmTest.java
/Users/huqingfeng/Downloads/apache-shardingsphere-incubating-4.0.0-RC2-src-release/sharding-core/sharding-core-common/src/test/java/org/apache/shardingsphere/core/fixture/PreciseShardingAlgorithmFixture.java
/Users/huqingfeng/Downloads/apache-shardingsphere-incubating-4.0.0-RC2-src-release/sharding-core/sharding-core-common/src/test/java/org/apache/shardingsphere/core/yaml/engine/YamlEngineShardingConfigurationTest.java
/Users/huqingfeng/Downloads/apache-shardingsphere-incubating-4.0.0-RC2-src-release/sharding-core/sharding-core-common/src/test/java/org/apache/shardingsphere/core/strategy/encrypt/fixture/TestQueryAssistedShardingEncryptor.java
/Users/huqingfeng/Downloads/apache-shardingsphere-incubating-4.0.0-RC2-src-release/sharding-core/sharding-core-common/src/test/java/org/apache/shardingsphere/core/rule/ShardingRuleTest.java
/Users/huqingfeng/Downloads/apache-shardingsphere-incubating-4.0.0-RC2-src-release/sharding-core/sharding-core-common/src/test/java/org/apache/shardingsphere/core/metadata/datasource/dialect/MySQLDataSourceMetaDataTest.java
/Users/huqingfeng/Downloads/apache-shardingsphere-incubating-4.0.0-RC2-src-release/sharding-core/sharding-core-common/src/test/java/org/apache/shardingsphere/core/rule/DataNodeTest.java
/Users/huqingfeng/Downloads/apache-shardingsphere-incubating-4.0.0-RC2-src-release/sharding-core/sharding-core-common/src/test/java/org/apache/shardingsphere/core/yaml/swapper/impl/ProxyUserYamlSwapperTest.java
/Users/huqingfeng/Downloads/apache-shardingsphere-incubating-4.0.0-RC2-src-release/sharding-core/sharding-core-common/src/test/java/org/apache/shardingsphere/core/yaml/swapper/impl/ShardingRuleConfigurationYamlSwapperTest.java
/Users/huqingfeng/Downloads/apache-shardingsphere-incubating-4.0.0-RC2-src-release/sharding-core/sharding-core-common/src/test/java/org/apache/shardingsphere/core/strategy/encrypt/impl/MD5ShardingEncryptorTest.java
/Users/huqingfeng/Downloads/apache-shardingsphere-incubating-4.0.0-RC2-src-release/sharding-core/sharding-core-common/src/test/java/org/apache/shardingsphere/core/strategy/keygen/SnowflakeShardingKeyGeneratorTest.java
/Users/huqingfeng/Downloads/apache-shardingsphere-incubating-4.0.0-RC2-src-release/sharding-core/sharding-core-common/src/test/java/org/apache/shardingsphere/core/database/DatabaseTypesTest.java
/Users/huqingfeng/Downloads/apache-shardingsphere-incubating-4.0.0-RC2-src-release/sharding-core/sharding-core-common/src/test/java/org/apache/shardingsphere/core/rule/ShardingDataSourceNamesTest.java
/Users/huqingfeng/Downloads/apache-shardingsphere-incubating-4.0.0-RC2-src-release/sharding-core/sharding-core-common/src/test/java/org/apache/shardingsphere/core/metadata/datasource/dialect/PostgreSQLDataSourceMetaDataTest.java
/Users/huqingfeng/Downloads/apache-shardingsphere-incubating-4.0.0-RC2-src-release/sharding-core/sharding-core-common/src/test/java/org/apache/shardingsphere/core/strategy/encrypt/fixture/TestShardingEncryptor.java
/Users/huqingfeng/Downloads/apache-shardingsphere-incubating-4.0.0-RC2-src-release/sharding-core/sharding-core-common/src/test/java/org/apache/shardingsphere/core/strategy/route/fixture/HintShardingAlgorithmFixture.java
/Users/huqingfeng/Downloads/apache-shardingsphere-incubating-4.0.0-RC2-src-release/sharding-core/sharding-core-common/src/test/java/org/apache/shardingsphere/core/metadata/datasource/dialect/H2DataSourceMetaDataTest.java
/Users/huqingfeng/Downloads/apache-shardingsphere-incubating-4.0.0-RC2-src-release/sharding-core/sharding-core-common/src/test/java/org/apache/shardingsphere/core/fixture/TestQueryAssistedShardingEncryptor.java
/Users/huqingfeng/Downloads/apache-shardingsphere-incubating-4.0.0-RC2-src-release/sharding-core/sharding-core-common/src/test/java/org/apache/shardingsphere/core/yaml/engine/DefaultYamlRepresenterTest.java
/Users/huqingfeng/Downloads/apache-shardingsphere-incubating-4.0.0-RC2-src-release/sharding-core/sharding-core-common/src/test/java/org/apache/shardingsphere/core/strategy/encrypt/ShardingEncryptorServiceLoaderTest.java
/Users/huqingfeng/Downloads/apache-shardingsphere-incubating-4.0.0-RC2-src-release/sharding-core/sharding-core-common/src/test/java/org/apache/shardingsphere/core/metadata/datasource/dialect/SQLServerDataSourceMetaDataTest.java
/Users/huqingfeng/Downloads/apache-shardingsphere-incubating-4.0.0-RC2-src-release/sharding-core/sharding-core-common/src/test/java/org/apache/shardingsphere/core/config/DataSourceConfigurationTest.java
/Users/huqingfeng/Downloads/apache-shardingsphere-incubating-4.0.0-RC2-src-release/sharding-core/sharding-core-common/src/test/java/org/apache/shardingsphere/core/rule/BindingTableRuleTest.java
/Users/huqingfeng/Downloads/apache-shardingsphere-incubating-4.0.0-RC2-src-release/sharding-core/sharding-core-common/src/test/java/org/apache/shardingsphere/core/yaml/swapper/impl/TableRuleConfigurationYamlSwapperTest.java
/Users/huqingfeng/Downloads/apache-shardingsphere-incubating-4.0.0-RC2-src-release/sharding-core/sharding-core-common/src/test/java/org/apache/shardingsphere/core/yaml/swapper/impl/ShardingStrategyConfigurationYamlSwapperTest.java
/Users/huqingfeng/Downloads/apache-shardingsphere-incubating-4.0.0-RC2-src-release/sharding-core/sharding-core-common/src/test/java/org/apache/shardingsphere/core/strategy/masterslave/MasterSlaveLoadBalanceAlgorithmServiceLoaderTest.java
/Users/huqingfeng/Downloads/apache-shardingsphere-incubating-4.0.0-RC2-src-release/sharding-core/sharding-core-common/src/test/java/org/apache/shardingsphere/core/fixture/ComplexKeysShardingAlgorithmFixture.java
/Users/huqingfeng/Downloads/apache-shardingsphere-incubating-4.0.0-RC2-src-release/sharding-core/sharding-core-common/src/test/java/org/apache/shardingsphere/core/rule/TableRuleTest.java
/Users/huqingfeng/Downloads/apache-shardingsphere-incubating-4.0.0-RC2-src-release/sharding-core/sharding-core-common/src/test/java/org/apache/shardingsphere/core/util/StringUtilTest.java
/Users/huqingfeng/Downloads/apache-shardingsphere-incubating-4.0.0-RC2-src-release/sharding-core/sharding-core-common/src/test/java/org/apache/shardingsphere/core/util/InlineExpressionParserTest.java
/Users/huqingfeng/Downloads/apache-shardingsphere-incubating-4.0.0-RC2-src-release/sharding-core/sharding-core-common/src/test/java/org/apache/shardingsphere/core/fixture/HintShardingAlgorithmFixture.java
/Users/huqingfeng/Downloads/apache-shardingsphere-incubating-4.0.0-RC2-src-release/sharding-core/sharding-core-common/src/test/java/org/apache/shardingsphere/core/strategy/keygen/ShardingKeyGeneratorServiceLoaderTest.java
/Users/huqingfeng/Downloads/apache-shardingsphere-incubating-4.0.0-RC2-src-release/sharding-core/sharding-core-common/src/test/java/org/apache/shardingsphere/core/yaml/swapper/impl/KeyGeneratorConfigurationYamlSwapperTest.java
/Users/huqingfeng/Downloads/apache-shardingsphere-incubating-4.0.0-RC2-src-release/sharding-core/sharding-core-common/src/test/java/org/apache/shardingsphere/core/strategy/masterslave/RoundRobinMasterSlaveLoadBalanceAlgorithmTest.java
/Users/huqingfeng/Downloads/apache-shardingsphere-incubating-4.0.0-RC2-src-release/sharding-core/sharding-core-common/src/test/java/org/apache/shardingsphere/core/spi/algorithm/fixture/BaseAlgorithmFixture.java
/Users/huqingfeng/Downloads/apache-shardingsphere-incubating-4.0.0-RC2-src-release/sharding-core/sharding-core-common/src/test/java/org/apache/shardingsphere/core/spi/algorithm/fixture/BaseAlgorithmFixtureImpl.java
/Users/huqingfeng/Downloads/apache-shardingsphere-incubating-4.0.0-RC2-src-release/sharding-core/sharding-core-common/src/test/java/org/apache/shardingsphere/core/strategy/route/fixture/RangeShardingAlgorithmFixture.java
/Users/huqingfeng/Downloads/apache-shardingsphere-incubating-4.0.0-RC2-src-release/sharding-core/sharding-core-common/src/test/java/org/apache/shardingsphere/core/util/ConfigurationLoggerTest.java
/Users/huqingfeng/Downloads/apache-shardingsphere-incubating-4.0.0-RC2-src-release/sharding-core/sharding-core-common/src/test/java/org/apache/shardingsphere/core/fixture/RangeShardingAlgorithmFixture.java
/Users/huqingfeng/Downloads/apache-shardingsphere-incubating-4.0.0-RC2-src-release/sharding-core/sharding-core-common/src/test/java/org/apache/shardingsphere/core/spi/algorithm/fixture/BaseAlgorithmFixtureServiceLoader.java
/Users/huqingfeng/Downloads/apache-shardingsphere-incubating-4.0.0-RC2-src-release/sharding-core/sharding-core-common/src/test/java/org/apache/shardingsphere/core/strategy/encrypt/impl/AESShardingEncryptorTest.java
/Users/huqingfeng/Downloads/apache-shardingsphere-incubating-4.0.0-RC2-src-release/sharding-core/sharding-core-common/src/test/java/org/apache/shardingsphere/core/rule/MasterSlaveRuleTest.java
/Users/huqingfeng/Downloads/apache-shardingsphere-incubating-4.0.0-RC2-src-release/sharding-core/sharding-core-common/src/test/java/org/apache/shardingsphere/core/constant/ShardingPropertiesTest.java
/Users/huqingfeng/Downloads/apache-shardingsphere-incubating-4.0.0-RC2-src-release/sharding-core/sharding-core-common/src/test/java/org/apache/shardingsphere/core/strategy/keygen/fixture/FixedTimeService.java
/Users/huqingfeng/Downloads/apache-shardingsphere-incubating-4.0.0-RC2-src-release/sharding-core/sharding-core-common/src/test/java/org/apache/shardingsphere/core/spi/algorithm/BaseAlgorithmFactoryTest.java
/Users/huqingfeng/Downloads/apache-shardingsphere-incubating-4.0.0-RC2-src-release/sharding-core/sharding-core-common/src/test/java/org/apache/shardingsphere/core/strategy/keygen/UUIDShardingKeyGeneratorTest.java
/Users/huqingfeng/Downloads/apache-shardingsphere-incubating-4.0.0-RC2-src-release/sharding-core/sharding-core-common/src/test/java/org/apache/shardingsphere/core/yaml/swapper/impl/MasterSlaveRuleConfigurationYamlSwapperTest.java
/Users/huqingfeng/Downloads/apache-shardingsphere-incubating-4.0.0-RC2-src-release/sharding-core/sharding-core-common/src/test/java/org/apache/shardingsphere/core/metadata/datasource/ShardingDataSourceMetaDataTest.java
/Users/huqingfeng/Downloads/apache-shardingsphere-incubating-4.0.0-RC2-src-release/sharding-core/sharding-core-common/src/test/java/org/apache/shardingsphere/core/fixture/TestShardingEncryptor.java
/Users/huqingfeng/Downloads/apache-shardingsphere-incubating-4.0.0-RC2-src-release/sharding-core/sharding-core-common/src/test/java/org/apache/shardingsphere/core/metadata/datasource/dialect/OracleDataSourceMetaDataTest.java
/Users/huqingfeng/Downloads/apache-shardingsphere-incubating-4.0.0-RC2-src-release/sharding-core/sharding-core-common/src/test/java/org/apache/shardingsphere/core/strategy/route/fixture/PreciseShardingAlgorithmFixture.java
/Users/huqingfeng/Downloads/apache-shardingsphere-incubating-4.0.0-RC2-src-release/sharding-core/sharding-core-common/src/test/java/org/apache/shardingsphere/core/strategy/route/ShardingStrategyTest.java
/Users/huqingfeng/Downloads/apache-shardingsphere-incubating-4.0.0-RC2-src-release/sharding-core/sharding-core-common/src/test/java/org/apache/shardingsphere/core/strategy/keygen/fixture/IncrementShardingKeyGenerator.java
/Users/huqingfeng/Downloads/apache-shardingsphere-incubating-4.0.0-RC2-src-release/sharding-core/sharding-core-common/src/test/java/org/apache/shardingsphere/core/strategy/route/fixture/ComplexKeysShardingAlgorithmFixture.java
/Users/huqingfeng/Downloads/apache-shardingsphere-incubating-4.0.0-RC2-src-release/sharding-core/sharding-core-common/src/test/java/org/apache/shardingsphere/core/constant/ShardingPropertiesConstantTest.java
/Users/huqingfeng/Downloads/apache-shardingsphere-incubating-4.0.0-RC2-src-release/sharding-core/sharding-core-common/src/test/java/org/apache/shardingsphere/core/spi/NewInstanceServiceLoaderTest.java
/Users/huqingfeng/Downloads/apache-shardingsphere-incubating-4.0.0-RC2-src-release/sharding-core/sharding-core-common/src/test/java/org/apache/shardingsphere/core/yaml/engine/YamlEngineTest.java
/Users/huqingfeng/Downloads/apache-shardingsphere-incubating-4.0.0-RC2-src-release/sharding-core/sharding-core-common/src/test/java/org/apache/shardingsphere/core/yaml/engine/fixture/DefaultYamlRepresenterFixture.java
