/Users/huqingfeng/Downloads/apache-shardingsphere-incubating-4.0.0-RC2-src-release/sharding-core/sharding-core-api/src/main/java/org/apache/shardingsphere/api/sharding/ShardingAlgorithm.java
/Users/huqingfeng/Downloads/apache-shardingsphere-incubating-4.0.0-RC2-src-release/sharding-core/sharding-core-api/src/main/java/org/apache/shardingsphere/api/sharding/hint/HintShardingAlgorithm.java
/Users/huqingfeng/Downloads/apache-shardingsphere-incubating-4.0.0-RC2-src-release/sharding-core/sharding-core-api/src/main/java/org/apache/shardingsphere/api/sharding/standard/PreciseShardingAlgorithm.java
/Users/huqingfeng/Downloads/apache-shardingsphere-incubating-4.0.0-RC2-src-release/sharding-core/sharding-core-api/src/main/java/org/apache/shardingsphere/api/config/sharding/strategy/ComplexShardingStrategyConfiguration.java
/Users/huqingfeng/Downloads/apache-shardingsphere-incubating-4.0.0-RC2-src-release/sharding-core/sharding-core-api/src/main/java/org/apache/shardingsphere/api/config/TypeBasedSPIConfiguration.java
/Users/huqingfeng/Downloads/apache-shardingsphere-incubating-4.0.0-RC2-src-release/sharding-core/sharding-core-api/src/main/java/org/apache/shardingsphere/api/config/encrypt/EncryptColumnRuleConfiguration.java
/Users/huqingfeng/Downloads/apache-shardingsphere-incubating-4.0.0-RC2-src-release/sharding-core/sharding-core-api/src/main/java/org/apache/shardingsphere/api/sharding/standard/RangeShardingValue.java
/Users/huqingfeng/Downloads/apache-shardingsphere-incubating-4.0.0-RC2-src-release/sharding-core/sharding-core-api/src/main/java/org/apache/shardingsphere/api/config/encrypt/EncryptRuleConfiguration.java
/Users/huqingfeng/Downloads/apache-shardingsphere-incubating-4.0.0-RC2-src-release/sharding-core/sharding-core-api/src/main/java/org/apache/shardingsphere/api/config/sharding/strategy/HintShardingStrategyConfiguration.java
/Users/huqingfeng/Downloads/apache-shardingsphere-incubating-4.0.0-RC2-src-release/sharding-core/sharding-core-api/src/main/java/org/apache/shardingsphere/api/config/sharding/TableRuleConfiguration.java
/Users/huqingfeng/Downloads/apache-shardingsphere-incubating-4.0.0-RC2-src-release/sharding-core/sharding-core-api/src/main/java/org/apache/shardingsphere/spi/encrypt/ShardingQueryAssistedEncryptor.java
/Users/huqingfeng/Downloads/apache-shardingsphere-incubating-4.0.0-RC2-src-release/sharding-core/sharding-core-api/src/main/java/org/apache/shardingsphere/api/sharding/standard/PreciseShardingValue.java
/Users/huqingfeng/Downloads/apache-shardingsphere-incubating-4.0.0-RC2-src-release/sharding-core/sharding-core-api/src/main/java/org/apache/shardingsphere/spi/TypeBasedSPI.java
/Users/huqingfeng/Downloads/apache-shardingsphere-incubating-4.0.0-RC2-src-release/sharding-core/sharding-core-api/src/main/java/org/apache/shardingsphere/spi/database/MemorizedDataSourceMetaData.java
/Users/huqingfeng/Downloads/apache-shardingsphere-incubating-4.0.0-RC2-src-release/sharding-core/sharding-core-api/src/main/java/org/apache/shardingsphere/api/hint/HintManager.java
/Users/huqingfeng/Downloads/apache-shardingsphere-incubating-4.0.0-RC2-src-release/sharding-core/sharding-core-api/src/main/java/org/apache/shardingsphere/api/config/sharding/ShardingRuleConfiguration.java
/Users/huqingfeng/Downloads/apache-shardingsphere-incubating-4.0.0-RC2-src-release/sharding-core/sharding-core-api/src/main/java/org/apache/shardingsphere/api/sharding/complex/ComplexKeysShardingValue.java
/Users/huqingfeng/Downloads/apache-shardingsphere-incubating-4.0.0-RC2-src-release/sharding-core/sharding-core-api/src/main/java/org/apache/shardingsphere/spi/database/BranchDatabaseType.java
/Users/huqingfeng/Downloads/apache-shardingsphere-incubating-4.0.0-RC2-src-release/sharding-core/sharding-core-api/src/main/java/org/apache/shardingsphere/api/config/masterslave/LoadBalanceStrategyConfiguration.java
/Users/huqingfeng/Downloads/apache-shardingsphere-incubating-4.0.0-RC2-src-release/sharding-core/sharding-core-api/src/main/java/org/apache/shardingsphere/api/sharding/complex/ComplexKeysShardingAlgorithm.java
/Users/huqingfeng/Downloads/apache-shardingsphere-incubating-4.0.0-RC2-src-release/sharding-core/sharding-core-api/src/main/java/org/apache/shardingsphere/api/sharding/standard/RangeShardingAlgorithm.java
/Users/huqingfeng/Downloads/apache-shardingsphere-incubating-4.0.0-RC2-src-release/sharding-core/sharding-core-api/src/main/java/org/apache/shardingsphere/api/config/RuleConfiguration.java
/Users/huqingfeng/Downloads/apache-shardingsphere-incubating-4.0.0-RC2-src-release/sharding-core/sharding-core-api/src/main/java/org/apache/shardingsphere/api/config/sharding/strategy/NoneShardingStrategyConfiguration.java
/Users/huqingfeng/Downloads/apache-shardingsphere-incubating-4.0.0-RC2-src-release/sharding-core/sharding-core-api/src/main/java/org/apache/shardingsphere/api/config/encrypt/EncryptTableRuleConfiguration.java
/Users/huqingfeng/Downloads/apache-shardingsphere-incubating-4.0.0-RC2-src-release/sharding-core/sharding-core-api/src/main/java/org/apache/shardingsphere/api/config/sharding/strategy/InlineShardingStrategyConfiguration.java
/Users/huqingfeng/Downloads/apache-shardingsphere-incubating-4.0.0-RC2-src-release/sharding-core/sharding-core-api/src/main/java/org/apache/shardingsphere/spi/masterslave/MasterSlaveLoadBalanceAlgorithm.java
/Users/huqingfeng/Downloads/apache-shardingsphere-incubating-4.0.0-RC2-src-release/sharding-core/sharding-core-api/src/main/java/org/apache/shardingsphere/api/config/encrypt/EncryptorRuleConfiguration.java
/Users/huqingfeng/Downloads/apache-shardingsphere-incubating-4.0.0-RC2-src-release/sharding-core/sharding-core-api/src/main/java/org/apache/shardingsphere/spi/encrypt/ShardingEncryptor.java
/Users/huqingfeng/Downloads/apache-shardingsphere-incubating-4.0.0-RC2-src-release/sharding-core/sharding-core-api/src/main/java/org/apache/shardingsphere/api/sharding/hint/HintShardingValue.java
/Users/huqingfeng/Downloads/apache-shardingsphere-incubating-4.0.0-RC2-src-release/sharding-core/sharding-core-api/src/main/java/org/apache/shardingsphere/api/sharding/ShardingValue.java
/Users/huqingfeng/Downloads/apache-shardingsphere-incubating-4.0.0-RC2-src-release/sharding-core/sharding-core-api/src/main/java/org/apache/shardingsphere/api/config/sharding/strategy/ShardingStrategyConfiguration.java
/Users/huqingfeng/Downloads/apache-shardingsphere-incubating-4.0.0-RC2-src-release/sharding-core/sharding-core-api/src/main/java/org/apache/shardingsphere/api/config/sharding/strategy/StandardShardingStrategyConfiguration.java
/Users/huqingfeng/Downloads/apache-shardingsphere-incubating-4.0.0-RC2-src-release/sharding-core/sharding-core-api/src/main/java/org/apache/shardingsphere/spi/database/DatabaseType.java
/Users/huqingfeng/Downloads/apache-shardingsphere-incubating-4.0.0-RC2-src-release/sharding-core/sharding-core-api/src/main/java/org/apache/shardingsphere/api/config/masterslave/MasterSlaveRuleConfiguration.java
/Users/huqingfeng/Downloads/apache-shardingsphere-incubating-4.0.0-RC2-src-release/sharding-core/sharding-core-api/src/main/java/org/apache/shardingsphere/spi/keygen/ShardingKeyGenerator.java
/Users/huqingfeng/Downloads/apache-shardingsphere-incubating-4.0.0-RC2-src-release/sharding-core/sharding-core-api/src/main/java/org/apache/shardingsphere/api/context/ThreadLocalContext.java
/Users/huqingfeng/Downloads/apache-shardingsphere-incubating-4.0.0-RC2-src-release/sharding-core/sharding-core-api/src/main/java/org/apache/shardingsphere/spi/database/DataSourceMetaData.java
/Users/huqingfeng/Downloads/apache-shardingsphere-incubating-4.0.0-RC2-src-release/sharding-core/sharding-core-api/src/main/java/org/apache/shardingsphere/spi/DatabaseTypeAwareSPI.java
/Users/huqingfeng/Downloads/apache-shardingsphere-incubating-4.0.0-RC2-src-release/sharding-core/sharding-core-api/src/main/java/org/apache/shardingsphere/api/config/sharding/KeyGeneratorConfiguration.java
