org/apache/shardingsphere/shardingjdbc/orchestration/internal/circuit/datasource/CircuitBreakerDataSourceTest.class
org/apache/shardingsphere/shardingjdbc/orchestration/api/yaml/sharding/YamlOrchestrationShardingIntegrateTest.class
org/apache/shardingsphere/shardingjdbc/orchestration/api/yaml/AbstractYamlDataSourceTest.class
org/apache/shardingsphere/shardingjdbc/orchestration/api/yaml/fixture/DecrementShardingKeyGenerator.class
org/apache/shardingsphere/shardingjdbc/orchestration/internal/datasource/OrchestrationEncryptDataSourceTest.class
org/apache/shardingsphere/shardingjdbc/orchestration/internal/circuit/metadata/CircuitBreakerDatabaseMetaDataTest.class
org/apache/shardingsphere/shardingjdbc/orchestration/internal/datasource/OrchestrationShardingDataSourceTest.class
org/apache/shardingsphere/shardingjdbc/orchestration/internal/datasource/OrchestrationMasterSlaveDataSourceTest.class
org/apache/shardingsphere/shardingjdbc/orchestration/internal/circuit/connection/CircuitBreakerConnectionTest.class
org/apache/shardingsphere/shardingjdbc/orchestration/api/yaml/fixture/MultiAlgorithm.class
org/apache/shardingsphere/shardingjdbc/orchestration/api/yaml/sharding/YamlOrchestrationShardingWithMasterSlaveIntegrateTest.class
org/apache/shardingsphere/shardingjdbc/orchestration/internal/util/DataSourceConverterTest.class
org/apache/shardingsphere/shardingjdbc/orchestration/api/yaml/fixture/SingleAlgorithm.class
org/apache/shardingsphere/shardingjdbc/orchestration/api/yaml/masterslave/YamlOrchestrationMasterSlaveIntegrateTest.class
org/apache/shardingsphere/shardingjdbc/orchestration/api/yaml/YamlOrchestrationEncryptDataSourceFactoryTest.class
org/apache/shardingsphere/shardingjdbc/orchestration/api/yaml/sharding/YamlOrchestrationShardingWithMasterSlaveIntegrateTest$1.class
org/apache/shardingsphere/shardingjdbc/orchestration/api/OrchestrationEncryptDataSourceFactoryTest.class
org/apache/shardingsphere/shardingjdbc/orchestration/util/TestRegistryCenter.class
org/apache/shardingsphere/shardingjdbc/orchestration/api/yaml/masterslave/YamlOrchestrationMasterSlaveIntegrateTest$1.class
org/apache/shardingsphere/shardingjdbc/orchestration/api/yaml/sharding/YamlOrchestrationShardingIntegrateTest$1.class
org/apache/shardingsphere/shardingjdbc/orchestration/api/yaml/fixture/IncrementShardingKeyGenerator.class
