/Users/huqingfeng/Downloads/apache-shardingsphere-incubating-4.0.0-RC2-src-release/sharding-transaction/sharding-transaction-core/src/main/java/org/apache/shardingsphere/transaction/annotation/ShardingTransactionType.java
/Users/huqingfeng/Downloads/apache-shardingsphere-incubating-4.0.0-RC2-src-release/sharding-transaction/sharding-transaction-core/src/main/java/org/apache/shardingsphere/transaction/core/ResourceIDGenerator.java
/Users/huqingfeng/Downloads/apache-shardingsphere-incubating-4.0.0-RC2-src-release/sharding-transaction/sharding-transaction-core/src/main/java/org/apache/shardingsphere/transaction/core/TransactionType.java
/Users/huqingfeng/Downloads/apache-shardingsphere-incubating-4.0.0-RC2-src-release/sharding-transaction/sharding-transaction-core/src/main/java/org/apache/shardingsphere/transaction/core/TransactionOperationType.java
/Users/huqingfeng/Downloads/apache-shardingsphere-incubating-4.0.0-RC2-src-release/sharding-transaction/sharding-transaction-core/src/main/java/org/apache/shardingsphere/transaction/spi/ShardingTransactionManager.java
/Users/huqingfeng/Downloads/apache-shardingsphere-incubating-4.0.0-RC2-src-release/sharding-transaction/sharding-transaction-core/src/main/java/org/apache/shardingsphere/transaction/core/TransactionTypeHolder.java
/Users/huqingfeng/Downloads/apache-shardingsphere-incubating-4.0.0-RC2-src-release/sharding-transaction/sharding-transaction-core/src/main/java/org/apache/shardingsphere/transaction/core/ResourceDataSource.java
/Users/huqingfeng/Downloads/apache-shardingsphere-incubating-4.0.0-RC2-src-release/sharding-transaction/sharding-transaction-core/src/main/java/org/apache/shardingsphere/transaction/ShardingTransactionManagerEngine.java
