/Users/huqingfeng/Downloads/apache-shardingsphere-incubating-4.0.0-RC2-src-release/sharding-spring/sharding-jdbc-spring/sharding-jdbc-spring-namespace/src/main/java/org/apache/shardingsphere/shardingjdbc/spring/namespace/parser/MasterSlaveRuleConfigurationBeanDefinition.java
/Users/huqingfeng/Downloads/apache-shardingsphere-incubating-4.0.0-RC2-src-release/sharding-spring/sharding-jdbc-spring/sharding-jdbc-spring-namespace/src/main/java/org/apache/shardingsphere/shardingjdbc/spring/datasource/SpringShardingDataSource.java
/Users/huqingfeng/Downloads/apache-shardingsphere-incubating-4.0.0-RC2-src-release/sharding-spring/sharding-jdbc-spring/sharding-jdbc-spring-namespace/src/main/java/org/apache/shardingsphere/shardingjdbc/spring/namespace/parser/EncryptDataSourceBeanDefinitionParser.java
/Users/huqingfeng/Downloads/apache-shardingsphere-incubating-4.0.0-RC2-src-release/sharding-spring/sharding-jdbc-spring/sharding-jdbc-spring-namespace/src/main/java/org/apache/shardingsphere/shardingjdbc/spring/namespace/constants/LoadBalanceAlgorithmBeanDefinitionParserTag.java
/Users/huqingfeng/Downloads/apache-shardingsphere-incubating-4.0.0-RC2-src-release/sharding-spring/sharding-jdbc-spring/sharding-jdbc-spring-namespace/src/main/java/org/apache/shardingsphere/shardingjdbc/spring/namespace/constants/MasterSlaveDataSourceBeanDefinitionParserTag.java
/Users/huqingfeng/Downloads/apache-shardingsphere-incubating-4.0.0-RC2-src-release/sharding-spring/sharding-jdbc-spring/sharding-jdbc-spring-namespace/src/main/java/org/apache/shardingsphere/shardingjdbc/spring/namespace/constants/ShardingDataSourceBeanDefinitionParserTag.java
/Users/huqingfeng/Downloads/apache-shardingsphere-incubating-4.0.0-RC2-src-release/sharding-spring/sharding-jdbc-spring/sharding-jdbc-spring-namespace/src/main/java/org/apache/shardingsphere/shardingjdbc/spring/namespace/handler/MasterSlaveNamespaceHandler.java
/Users/huqingfeng/Downloads/apache-shardingsphere-incubating-4.0.0-RC2-src-release/sharding-spring/sharding-jdbc-spring/sharding-jdbc-spring-namespace/src/main/java/org/apache/shardingsphere/shardingjdbc/spring/namespace/parser/MasterSlaveDataSourceBeanDefinitionParser.java
/Users/huqingfeng/Downloads/apache-shardingsphere-incubating-4.0.0-RC2-src-release/sharding-spring/sharding-jdbc-spring/sharding-jdbc-spring-namespace/src/main/java/org/apache/shardingsphere/shardingjdbc/spring/namespace/parser/ShardingStrategyBeanDefinition.java
/Users/huqingfeng/Downloads/apache-shardingsphere-incubating-4.0.0-RC2-src-release/sharding-spring/sharding-jdbc-spring/sharding-jdbc-spring-namespace/src/main/java/org/apache/shardingsphere/shardingjdbc/spring/namespace/constants/EncryptDataSourceBeanDefinitionParserTag.java
/Users/huqingfeng/Downloads/apache-shardingsphere-incubating-4.0.0-RC2-src-release/sharding-spring/sharding-jdbc-spring/sharding-jdbc-spring-namespace/src/main/java/org/apache/shardingsphere/shardingjdbc/spring/namespace/parser/ShardingStrategyBeanDefinitionParser.java
/Users/huqingfeng/Downloads/apache-shardingsphere-incubating-4.0.0-RC2-src-release/sharding-spring/sharding-jdbc-spring/sharding-jdbc-spring-namespace/src/main/java/org/apache/shardingsphere/shardingjdbc/spring/namespace/handler/EncryptNamespaceHandler.java
/Users/huqingfeng/Downloads/apache-shardingsphere-incubating-4.0.0-RC2-src-release/sharding-spring/sharding-jdbc-spring/sharding-jdbc-spring-namespace/src/main/java/org/apache/shardingsphere/shardingjdbc/spring/namespace/parser/MasterSlaveLoadBalanceStrategyBeanDefinitionParser.java
/Users/huqingfeng/Downloads/apache-shardingsphere-incubating-4.0.0-RC2-src-release/sharding-spring/sharding-jdbc-spring/sharding-jdbc-spring-namespace/src/main/java/org/apache/shardingsphere/shardingjdbc/spring/namespace/parser/KeyGeneratorBeanDefinitionParser.java
/Users/huqingfeng/Downloads/apache-shardingsphere-incubating-4.0.0-RC2-src-release/sharding-spring/sharding-jdbc-spring/sharding-jdbc-spring-namespace/src/main/java/org/apache/shardingsphere/shardingjdbc/spring/namespace/constants/ShardingStrategyBeanDefinitionParserTag.java
/Users/huqingfeng/Downloads/apache-shardingsphere-incubating-4.0.0-RC2-src-release/sharding-spring/sharding-jdbc-spring/sharding-jdbc-spring-namespace/src/main/java/org/apache/shardingsphere/shardingjdbc/spring/namespace/parser/EncryptRuleBeanDefinitionParser.java
/Users/huqingfeng/Downloads/apache-shardingsphere-incubating-4.0.0-RC2-src-release/sharding-spring/sharding-jdbc-spring/sharding-jdbc-spring-namespace/src/main/java/org/apache/shardingsphere/shardingjdbc/spring/datasource/SpringEncryptDataSource.java
/Users/huqingfeng/Downloads/apache-shardingsphere-incubating-4.0.0-RC2-src-release/sharding-spring/sharding-jdbc-spring/sharding-jdbc-spring-namespace/src/main/java/org/apache/shardingsphere/shardingjdbc/spring/namespace/handler/ShardingNamespaceHandler.java
/Users/huqingfeng/Downloads/apache-shardingsphere-incubating-4.0.0-RC2-src-release/sharding-spring/sharding-jdbc-spring/sharding-jdbc-spring-namespace/src/main/java/org/apache/shardingsphere/shardingjdbc/spring/datasource/SpringMasterSlaveDataSource.java
/Users/huqingfeng/Downloads/apache-shardingsphere-incubating-4.0.0-RC2-src-release/sharding-spring/sharding-jdbc-spring/sharding-jdbc-spring-namespace/src/main/java/org/apache/shardingsphere/shardingjdbc/spring/namespace/parser/ShardingDataSourceBeanDefinitionParser.java
