org/apache/shardingsphere/shardingjdbc/spring/fixture/DecrementKeyGenerator.class
org/apache/shardingsphere/shardingjdbc/spring/cases/WithNamespaceForMasterSlaveWithDefaultStrategyTest.class
org/apache/shardingsphere/shardingjdbc/spring/algorithm/PreciseModuloDatabaseShardingAlgorithm.class
org/apache/shardingsphere/shardingjdbc/spring/fixture/IncrementKeyGenerator.class
org/apache/shardingsphere/shardingjdbc/spring/cases/WithNamespaceBindingTablesTest.class
org/apache/shardingsphere/shardingjdbc/spring/cases/WithNamespaceAlgorithmExpressionTest.class
org/apache/shardingsphere/shardingjdbc/spring/util/FieldValueUtil.class
org/apache/shardingsphere/shardingjdbc/spring/cases/WithNamespaceDefaultStrategyTest.class
org/apache/shardingsphere/shardingjdbc/spring/cases/WithNamespaceDifferentTablesTest.class
org/apache/shardingsphere/shardingjdbc/spring/cases/WithNamespaceBroadcastTablesTest.class
org/apache/shardingsphere/shardingjdbc/spring/algorithm/RangeModuloDatabaseShardingAlgorithm.class
org/apache/shardingsphere/shardingjdbc/spring/cases/WithNamespaceForMasterSlaveWithStrategyTypeTest.class
org/apache/shardingsphere/shardingjdbc/spring/algorithm/DefaultComplexKeysShardingAlgorithm.class
org/apache/shardingsphere/shardingjdbc/spring/EncryptNamespaceTest.class
org/apache/shardingsphere/shardingjdbc/spring/MasterSlaveNamespaceTest.class
org/apache/shardingsphere/shardingjdbc/spring/algorithm/RangeModuloTableShardingAlgorithm.class
org/apache/shardingsphere/shardingjdbc/spring/algorithm/PreciseModuloTableShardingAlgorithm.class
org/apache/shardingsphere/shardingjdbc/spring/cases/WithNamespaceForMasterSlaveWithStrategyRefTest.class
org/apache/shardingsphere/shardingjdbc/spring/ShardingNamespaceTest.class
org/apache/shardingsphere/shardingjdbc/spring/algorithm/DefaultHintShardingAlgorithm.class
org/apache/shardingsphere/shardingjdbc/spring/GenerateKeyJUnitTest.class
org/apache/shardingsphere/shardingjdbc/spring/AbstractShardingBothDataBasesAndTablesJUnitTest.class
org/apache/shardingsphere/shardingjdbc/spring/AbstractSpringJUnitTest.class
org/apache/shardingsphere/shardingjdbc/spring/fixture/TestShardingEncryptor.class
org/apache/shardingsphere/shardingjdbc/spring/cases/WithNamespaceAlgorithmClassTest.class
