/Users/huqingfeng/Downloads/apache-shardingsphere-incubating-4.0.0-RC2-src-release/sharding-spring/sharding-jdbc-spring/sharding-jdbc-spring-namespace/src/test/java/org/apache/shardingsphere/shardingjdbc/spring/cases/WithNamespaceForMasterSlaveWithDefaultStrategyTest.java
/Users/huqingfeng/Downloads/apache-shardingsphere-incubating-4.0.0-RC2-src-release/sharding-spring/sharding-jdbc-spring/sharding-jdbc-spring-namespace/src/test/java/org/apache/shardingsphere/shardingjdbc/spring/cases/WithNamespaceAlgorithmExpressionTest.java
/Users/huqingfeng/Downloads/apache-shardingsphere-incubating-4.0.0-RC2-src-release/sharding-spring/sharding-jdbc-spring/sharding-jdbc-spring-namespace/src/test/java/org/apache/shardingsphere/shardingjdbc/spring/cases/WithNamespaceForMasterSlaveWithStrategyTypeTest.java
/Users/huqingfeng/Downloads/apache-shardingsphere-incubating-4.0.0-RC2-src-release/sharding-spring/sharding-jdbc-spring/sharding-jdbc-spring-namespace/src/test/java/org/apache/shardingsphere/shardingjdbc/spring/util/FieldValueUtil.java
/Users/huqingfeng/Downloads/apache-shardingsphere-incubating-4.0.0-RC2-src-release/sharding-spring/sharding-jdbc-spring/sharding-jdbc-spring-namespace/src/test/java/org/apache/shardingsphere/shardingjdbc/spring/fixture/IncrementKeyGenerator.java
/Users/huqingfeng/Downloads/apache-shardingsphere-incubating-4.0.0-RC2-src-release/sharding-spring/sharding-jdbc-spring/sharding-jdbc-spring-namespace/src/test/java/org/apache/shardingsphere/shardingjdbc/spring/cases/WithNamespaceDifferentTablesTest.java
/Users/huqingfeng/Downloads/apache-shardingsphere-incubating-4.0.0-RC2-src-release/sharding-spring/sharding-jdbc-spring/sharding-jdbc-spring-namespace/src/test/java/org/apache/shardingsphere/shardingjdbc/spring/AbstractShardingBothDataBasesAndTablesJUnitTest.java
/Users/huqingfeng/Downloads/apache-shardingsphere-incubating-4.0.0-RC2-src-release/sharding-spring/sharding-jdbc-spring/sharding-jdbc-spring-namespace/src/test/java/org/apache/shardingsphere/shardingjdbc/spring/AbstractSpringJUnitTest.java
/Users/huqingfeng/Downloads/apache-shardingsphere-incubating-4.0.0-RC2-src-release/sharding-spring/sharding-jdbc-spring/sharding-jdbc-spring-namespace/src/test/java/org/apache/shardingsphere/shardingjdbc/spring/MasterSlaveNamespaceTest.java
/Users/huqingfeng/Downloads/apache-shardingsphere-incubating-4.0.0-RC2-src-release/sharding-spring/sharding-jdbc-spring/sharding-jdbc-spring-namespace/src/test/java/org/apache/shardingsphere/shardingjdbc/spring/algorithm/DefaultComplexKeysShardingAlgorithm.java
/Users/huqingfeng/Downloads/apache-shardingsphere-incubating-4.0.0-RC2-src-release/sharding-spring/sharding-jdbc-spring/sharding-jdbc-spring-namespace/src/test/java/org/apache/shardingsphere/shardingjdbc/spring/algorithm/RangeModuloTableShardingAlgorithm.java
/Users/huqingfeng/Downloads/apache-shardingsphere-incubating-4.0.0-RC2-src-release/sharding-spring/sharding-jdbc-spring/sharding-jdbc-spring-namespace/src/test/java/org/apache/shardingsphere/shardingjdbc/spring/cases/WithNamespaceBindingTablesTest.java
/Users/huqingfeng/Downloads/apache-shardingsphere-incubating-4.0.0-RC2-src-release/sharding-spring/sharding-jdbc-spring/sharding-jdbc-spring-namespace/src/test/java/org/apache/shardingsphere/shardingjdbc/spring/EncryptNamespaceTest.java
/Users/huqingfeng/Downloads/apache-shardingsphere-incubating-4.0.0-RC2-src-release/sharding-spring/sharding-jdbc-spring/sharding-jdbc-spring-namespace/src/test/java/org/apache/shardingsphere/shardingjdbc/spring/GenerateKeyJUnitTest.java
/Users/huqingfeng/Downloads/apache-shardingsphere-incubating-4.0.0-RC2-src-release/sharding-spring/sharding-jdbc-spring/sharding-jdbc-spring-namespace/src/test/java/org/apache/shardingsphere/shardingjdbc/spring/algorithm/PreciseModuloDatabaseShardingAlgorithm.java
/Users/huqingfeng/Downloads/apache-shardingsphere-incubating-4.0.0-RC2-src-release/sharding-spring/sharding-jdbc-spring/sharding-jdbc-spring-namespace/src/test/java/org/apache/shardingsphere/shardingjdbc/spring/cases/WithNamespaceBroadcastTablesTest.java
/Users/huqingfeng/Downloads/apache-shardingsphere-incubating-4.0.0-RC2-src-release/sharding-spring/sharding-jdbc-spring/sharding-jdbc-spring-namespace/src/test/java/org/apache/shardingsphere/shardingjdbc/spring/cases/WithNamespaceDefaultStrategyTest.java
/Users/huqingfeng/Downloads/apache-shardingsphere-incubating-4.0.0-RC2-src-release/sharding-spring/sharding-jdbc-spring/sharding-jdbc-spring-namespace/src/test/java/org/apache/shardingsphere/shardingjdbc/spring/algorithm/RangeModuloDatabaseShardingAlgorithm.java
/Users/huqingfeng/Downloads/apache-shardingsphere-incubating-4.0.0-RC2-src-release/sharding-spring/sharding-jdbc-spring/sharding-jdbc-spring-namespace/src/test/java/org/apache/shardingsphere/shardingjdbc/spring/cases/WithNamespaceAlgorithmClassTest.java
/Users/huqingfeng/Downloads/apache-shardingsphere-incubating-4.0.0-RC2-src-release/sharding-spring/sharding-jdbc-spring/sharding-jdbc-spring-namespace/src/test/java/org/apache/shardingsphere/shardingjdbc/spring/ShardingNamespaceTest.java
/Users/huqingfeng/Downloads/apache-shardingsphere-incubating-4.0.0-RC2-src-release/sharding-spring/sharding-jdbc-spring/sharding-jdbc-spring-namespace/src/test/java/org/apache/shardingsphere/shardingjdbc/spring/algorithm/DefaultHintShardingAlgorithm.java
/Users/huqingfeng/Downloads/apache-shardingsphere-incubating-4.0.0-RC2-src-release/sharding-spring/sharding-jdbc-spring/sharding-jdbc-spring-namespace/src/test/java/org/apache/shardingsphere/shardingjdbc/spring/fixture/DecrementKeyGenerator.java
/Users/huqingfeng/Downloads/apache-shardingsphere-incubating-4.0.0-RC2-src-release/sharding-spring/sharding-jdbc-spring/sharding-jdbc-spring-namespace/src/test/java/org/apache/shardingsphere/shardingjdbc/spring/fixture/TestShardingEncryptor.java
/Users/huqingfeng/Downloads/apache-shardingsphere-incubating-4.0.0-RC2-src-release/sharding-spring/sharding-jdbc-spring/sharding-jdbc-spring-namespace/src/test/java/org/apache/shardingsphere/shardingjdbc/spring/cases/WithNamespaceForMasterSlaveWithStrategyRefTest.java
/Users/huqingfeng/Downloads/apache-shardingsphere-incubating-4.0.0-RC2-src-release/sharding-spring/sharding-jdbc-spring/sharding-jdbc-spring-namespace/src/test/java/org/apache/shardingsphere/shardingjdbc/spring/algorithm/PreciseModuloTableShardingAlgorithm.java
