/Users/huqingfeng/Downloads/apache-shardingsphere-incubating-4.0.0-RC2-src-release/sharding-proxy/sharding-proxy-transport/sharding-proxy-transport-mysql/src/main/java/org/apache/shardingsphere/shardingproxy/transport/mysql/packet/generic/MySQLEofPacket.java
/Users/huqingfeng/Downloads/apache-shardingsphere-incubating-4.0.0-RC2-src-release/sharding-proxy/sharding-proxy-transport/sharding-proxy-transport-mysql/src/main/java/org/apache/shardingsphere/shardingproxy/transport/mysql/packet/command/query/binary/execute/protocol/MySQLDoubleBinaryProtocolValue.java
/Users/huqingfeng/Downloads/apache-shardingsphere-incubating-4.0.0-RC2-src-release/sharding-proxy/sharding-proxy-transport/sharding-proxy-transport-mysql/src/main/java/org/apache/shardingsphere/shardingproxy/transport/mysql/packet/handshake/MySQLHandshakeResponse41Packet.java
/Users/huqingfeng/Downloads/apache-shardingsphere-incubating-4.0.0-RC2-src-release/sharding-proxy/sharding-proxy-transport/sharding-proxy-transport-mysql/src/main/java/org/apache/shardingsphere/shardingproxy/transport/mysql/packet/command/query/binary/execute/protocol/MySQLBinaryProtocolValueFactory.java
/Users/huqingfeng/Downloads/apache-shardingsphere-incubating-4.0.0-RC2-src-release/sharding-proxy/sharding-proxy-transport/sharding-proxy-transport-mysql/src/main/java/org/apache/shardingsphere/shardingproxy/transport/mysql/packet/command/query/binary/execute/protocol/MySQLStringLenencBinaryProtocolValue.java
/Users/huqingfeng/Downloads/apache-shardingsphere-incubating-4.0.0-RC2-src-release/sharding-proxy/sharding-proxy-transport/sharding-proxy-transport-mysql/src/main/java/org/apache/shardingsphere/shardingproxy/transport/mysql/packet/generic/MySQLOKPacket.java
/Users/huqingfeng/Downloads/apache-shardingsphere-incubating-4.0.0-RC2-src-release/sharding-proxy/sharding-proxy-transport/sharding-proxy-transport-mysql/src/main/java/org/apache/shardingsphere/shardingproxy/transport/mysql/packet/command/query/binary/close/MySQLComStmtClosePacket.java
/Users/huqingfeng/Downloads/apache-shardingsphere-incubating-4.0.0-RC2-src-release/sharding-proxy/sharding-proxy-transport/sharding-proxy-transport-mysql/src/main/java/org/apache/shardingsphere/shardingproxy/transport/mysql/packet/command/query/binary/execute/protocol/MySQLBinaryProtocolValue.java
/Users/huqingfeng/Downloads/apache-shardingsphere-incubating-4.0.0-RC2-src-release/sharding-proxy/sharding-proxy-transport/sharding-proxy-transport-mysql/src/main/java/org/apache/shardingsphere/shardingproxy/transport/mysql/packet/command/MySQLCommandPacketTypeLoader.java
/Users/huqingfeng/Downloads/apache-shardingsphere-incubating-4.0.0-RC2-src-release/sharding-proxy/sharding-proxy-transport/sharding-proxy-transport-mysql/src/main/java/org/apache/shardingsphere/shardingproxy/transport/mysql/constant/MySQLCapabilityFlag.java
/Users/huqingfeng/Downloads/apache-shardingsphere-incubating-4.0.0-RC2-src-release/sharding-proxy/sharding-proxy-transport/sharding-proxy-transport-mysql/src/main/java/org/apache/shardingsphere/shardingproxy/transport/mysql/packet/command/MySQLCommandPacketFactory.java
/Users/huqingfeng/Downloads/apache-shardingsphere-incubating-4.0.0-RC2-src-release/sharding-proxy/sharding-proxy-transport/sharding-proxy-transport-mysql/src/main/java/org/apache/shardingsphere/shardingproxy/transport/mysql/constant/MySQLServerErrorCode.java
/Users/huqingfeng/Downloads/apache-shardingsphere-incubating-4.0.0-RC2-src-release/sharding-proxy/sharding-proxy-transport/sharding-proxy-transport-mysql/src/main/java/org/apache/shardingsphere/shardingproxy/transport/mysql/constant/MySQLColumnType.java
/Users/huqingfeng/Downloads/apache-shardingsphere-incubating-4.0.0-RC2-src-release/sharding-proxy/sharding-proxy-transport/sharding-proxy-transport-mysql/src/main/java/org/apache/shardingsphere/shardingproxy/transport/mysql/packet/command/query/binary/execute/protocol/MySQLInt8BinaryProtocolValue.java
/Users/huqingfeng/Downloads/apache-shardingsphere-incubating-4.0.0-RC2-src-release/sharding-proxy/sharding-proxy-transport/sharding-proxy-transport-mysql/src/main/java/org/apache/shardingsphere/shardingproxy/transport/mysql/constant/MySQLServerInfo.java
/Users/huqingfeng/Downloads/apache-shardingsphere-incubating-4.0.0-RC2-src-release/sharding-proxy/sharding-proxy-transport/sharding-proxy-transport-mysql/src/main/java/org/apache/shardingsphere/shardingproxy/transport/mysql/packet/command/query/binary/prepare/MySQLComStmtPrepareOKPacket.java
/Users/huqingfeng/Downloads/apache-shardingsphere-incubating-4.0.0-RC2-src-release/sharding-proxy/sharding-proxy-transport/sharding-proxy-transport-mysql/src/main/java/org/apache/shardingsphere/shardingproxy/transport/mysql/packet/command/query/binary/reset/MySQLComStmtResetPacket.java
/Users/huqingfeng/Downloads/apache-shardingsphere-incubating-4.0.0-RC2-src-release/sharding-proxy/sharding-proxy-transport/sharding-proxy-transport-mysql/src/main/java/org/apache/shardingsphere/shardingproxy/transport/mysql/packet/command/MySQLCommandPacket.java
/Users/huqingfeng/Downloads/apache-shardingsphere-incubating-4.0.0-RC2-src-release/sharding-proxy/sharding-proxy-transport/sharding-proxy-transport-mysql/src/main/java/org/apache/shardingsphere/shardingproxy/transport/mysql/payload/MySQLPacketPayload.java
/Users/huqingfeng/Downloads/apache-shardingsphere-incubating-4.0.0-RC2-src-release/sharding-proxy/sharding-proxy-transport/sharding-proxy-transport-mysql/src/main/java/org/apache/shardingsphere/shardingproxy/transport/mysql/codec/MySQLPacketCodecEngine.java
/Users/huqingfeng/Downloads/apache-shardingsphere-incubating-4.0.0-RC2-src-release/sharding-proxy/sharding-proxy-transport/sharding-proxy-transport-mysql/src/main/java/org/apache/shardingsphere/shardingproxy/transport/mysql/packet/command/query/binary/MySQLBinaryStatement.java
/Users/huqingfeng/Downloads/apache-shardingsphere-incubating-4.0.0-RC2-src-release/sharding-proxy/sharding-proxy-transport/sharding-proxy-transport-mysql/src/main/java/org/apache/shardingsphere/shardingproxy/transport/mysql/packet/command/query/binary/execute/protocol/MySQLTimeBinaryProtocolValue.java
/Users/huqingfeng/Downloads/apache-shardingsphere-incubating-4.0.0-RC2-src-release/sharding-proxy/sharding-proxy-transport/sharding-proxy-transport-mysql/src/main/java/org/apache/shardingsphere/shardingproxy/transport/mysql/constant/MySQLNewParametersBoundFlag.java
/Users/huqingfeng/Downloads/apache-shardingsphere-incubating-4.0.0-RC2-src-release/sharding-proxy/sharding-proxy-transport/sharding-proxy-transport-mysql/src/main/java/org/apache/shardingsphere/shardingproxy/transport/mysql/packet/command/query/binary/execute/protocol/MySQLInt1BinaryProtocolValue.java
/Users/huqingfeng/Downloads/apache-shardingsphere-incubating-4.0.0-RC2-src-release/sharding-proxy/sharding-proxy-transport/sharding-proxy-transport-mysql/src/main/java/org/apache/shardingsphere/shardingproxy/transport/mysql/packet/command/query/text/fieldlist/MySQLComFieldListPacket.java
/Users/huqingfeng/Downloads/apache-shardingsphere-incubating-4.0.0-RC2-src-release/sharding-proxy/sharding-proxy-transport/sharding-proxy-transport-mysql/src/main/java/org/apache/shardingsphere/shardingproxy/transport/mysql/packet/command/query/binary/execute/MySQLComStmtExecutePacket.java
/Users/huqingfeng/Downloads/apache-shardingsphere-incubating-4.0.0-RC2-src-release/sharding-proxy/sharding-proxy-transport/sharding-proxy-transport-mysql/src/main/java/org/apache/shardingsphere/shardingproxy/transport/mysql/packet/command/query/binary/execute/protocol/MySQLInt2BinaryProtocolValue.java
/Users/huqingfeng/Downloads/apache-shardingsphere-incubating-4.0.0-RC2-src-release/sharding-proxy/sharding-proxy-transport/sharding-proxy-transport-mysql/src/main/java/org/apache/shardingsphere/shardingproxy/transport/mysql/packet/command/admin/ping/MySQLComPingPacket.java
/Users/huqingfeng/Downloads/apache-shardingsphere-incubating-4.0.0-RC2-src-release/sharding-proxy/sharding-proxy-transport/sharding-proxy-transport-mysql/src/main/java/org/apache/shardingsphere/shardingproxy/transport/mysql/packet/command/query/binary/MySQLBinaryStatementRegistry.java
/Users/huqingfeng/Downloads/apache-shardingsphere-incubating-4.0.0-RC2-src-release/sharding-proxy/sharding-proxy-transport/sharding-proxy-transport-mysql/src/main/java/org/apache/shardingsphere/shardingproxy/transport/mysql/constant/MySQLStatusFlag.java
/Users/huqingfeng/Downloads/apache-shardingsphere-incubating-4.0.0-RC2-src-release/sharding-proxy/sharding-proxy-transport/sharding-proxy-transport-mysql/src/main/java/org/apache/shardingsphere/shardingproxy/transport/mysql/packet/handshake/MySQLRandomGenerator.java
/Users/huqingfeng/Downloads/apache-shardingsphere-incubating-4.0.0-RC2-src-release/sharding-proxy/sharding-proxy-transport/sharding-proxy-transport-mysql/src/main/java/org/apache/shardingsphere/shardingproxy/transport/mysql/packet/command/query/binary/MySQLBinaryStatementParameterType.java
/Users/huqingfeng/Downloads/apache-shardingsphere-incubating-4.0.0-RC2-src-release/sharding-proxy/sharding-proxy-transport/sharding-proxy-transport-mysql/src/main/java/org/apache/shardingsphere/shardingproxy/transport/mysql/packet/handshake/MySQLAuthenticationHandler.java
/Users/huqingfeng/Downloads/apache-shardingsphere-incubating-4.0.0-RC2-src-release/sharding-proxy/sharding-proxy-transport/sharding-proxy-transport-mysql/src/main/java/org/apache/shardingsphere/shardingproxy/transport/mysql/packet/command/query/binary/execute/MySQLNullBitmap.java
/Users/huqingfeng/Downloads/apache-shardingsphere-incubating-4.0.0-RC2-src-release/sharding-proxy/sharding-proxy-transport/sharding-proxy-transport-mysql/src/main/java/org/apache/shardingsphere/shardingproxy/transport/mysql/packet/command/query/MySQLFieldCountPacket.java
/Users/huqingfeng/Downloads/apache-shardingsphere-incubating-4.0.0-RC2-src-release/sharding-proxy/sharding-proxy-transport/sharding-proxy-transport-mysql/src/main/java/org/apache/shardingsphere/shardingproxy/transport/mysql/packet/command/MySQLCommandPacketType.java
/Users/huqingfeng/Downloads/apache-shardingsphere-incubating-4.0.0-RC2-src-release/sharding-proxy/sharding-proxy-transport/sharding-proxy-transport-mysql/src/main/java/org/apache/shardingsphere/shardingproxy/transport/mysql/packet/command/query/binary/prepare/MySQLComStmtPreparePacket.java
/Users/huqingfeng/Downloads/apache-shardingsphere-incubating-4.0.0-RC2-src-release/sharding-proxy/sharding-proxy-transport/sharding-proxy-transport-mysql/src/main/java/org/apache/shardingsphere/shardingproxy/transport/mysql/packet/command/query/binary/execute/protocol/MySQLInt4BinaryProtocolValue.java
/Users/huqingfeng/Downloads/apache-shardingsphere-incubating-4.0.0-RC2-src-release/sharding-proxy/sharding-proxy-transport/sharding-proxy-transport-mysql/src/main/java/org/apache/shardingsphere/shardingproxy/transport/mysql/packet/command/query/text/MySQLTextResultSetRowPacket.java
/Users/huqingfeng/Downloads/apache-shardingsphere-incubating-4.0.0-RC2-src-release/sharding-proxy/sharding-proxy-transport/sharding-proxy-transport-mysql/src/main/java/org/apache/shardingsphere/shardingproxy/transport/mysql/packet/command/query/text/query/MySQLComQueryPacket.java
/Users/huqingfeng/Downloads/apache-shardingsphere-incubating-4.0.0-RC2-src-release/sharding-proxy/sharding-proxy-transport/sharding-proxy-transport-mysql/src/main/java/org/apache/shardingsphere/shardingproxy/transport/mysql/packet/generic/MySQLErrPacket.java
/Users/huqingfeng/Downloads/apache-shardingsphere-incubating-4.0.0-RC2-src-release/sharding-proxy/sharding-proxy-transport/sharding-proxy-transport-mysql/src/main/java/org/apache/shardingsphere/shardingproxy/transport/mysql/packet/command/admin/MySQLUnsupportedCommandPacket.java
/Users/huqingfeng/Downloads/apache-shardingsphere-incubating-4.0.0-RC2-src-release/sharding-proxy/sharding-proxy-transport/sharding-proxy-transport-mysql/src/main/java/org/apache/shardingsphere/shardingproxy/transport/mysql/packet/handshake/MySQLAuthPluginData.java
/Users/huqingfeng/Downloads/apache-shardingsphere-incubating-4.0.0-RC2-src-release/sharding-proxy/sharding-proxy-transport/sharding-proxy-transport-mysql/src/main/java/org/apache/shardingsphere/shardingproxy/transport/mysql/packet/command/query/binary/execute/protocol/MySQLDateBinaryProtocolValue.java
/Users/huqingfeng/Downloads/apache-shardingsphere-incubating-4.0.0-RC2-src-release/sharding-proxy/sharding-proxy-transport/sharding-proxy-transport-mysql/src/main/java/org/apache/shardingsphere/shardingproxy/transport/mysql/packet/command/admin/quit/MySQLComQuitPacket.java
/Users/huqingfeng/Downloads/apache-shardingsphere-incubating-4.0.0-RC2-src-release/sharding-proxy/sharding-proxy-transport/sharding-proxy-transport-mysql/src/main/java/org/apache/shardingsphere/shardingproxy/transport/mysql/packet/handshake/MySQLHandshakePacket.java
/Users/huqingfeng/Downloads/apache-shardingsphere-incubating-4.0.0-RC2-src-release/sharding-proxy/sharding-proxy-transport/sharding-proxy-transport-mysql/src/main/java/org/apache/shardingsphere/shardingproxy/transport/mysql/packet/command/admin/initdb/MySQLComInitDbPacket.java
/Users/huqingfeng/Downloads/apache-shardingsphere-incubating-4.0.0-RC2-src-release/sharding-proxy/sharding-proxy-transport/sharding-proxy-transport-mysql/src/main/java/org/apache/shardingsphere/shardingproxy/transport/mysql/packet/command/query/binary/execute/MySQLBinaryResultSetRowPacket.java
/Users/huqingfeng/Downloads/apache-shardingsphere-incubating-4.0.0-RC2-src-release/sharding-proxy/sharding-proxy-transport/sharding-proxy-transport-mysql/src/main/java/org/apache/shardingsphere/shardingproxy/transport/mysql/packet/MySQLPacket.java
/Users/huqingfeng/Downloads/apache-shardingsphere-incubating-4.0.0-RC2-src-release/sharding-proxy/sharding-proxy-transport/sharding-proxy-transport-mysql/src/main/java/org/apache/shardingsphere/shardingproxy/transport/mysql/packet/command/query/MySQLColumnDefinition41Packet.java
/Users/huqingfeng/Downloads/apache-shardingsphere-incubating-4.0.0-RC2-src-release/sharding-proxy/sharding-proxy-transport/sharding-proxy-transport-mysql/src/main/java/org/apache/shardingsphere/shardingproxy/transport/mysql/packet/command/query/binary/execute/protocol/MySQLFloatBinaryProtocolValue.java
