/Users/huqingfeng/Downloads/apache-shardingsphere-incubating-4.0.0-RC2-src-release/sharding-transaction/sharding-transaction-2pc/sharding-transaction-xa/sharding-transaction-xa-atomikos/sharding-transaction-xa-atomikos-manager/src/test/java/org/apache/shardingsphere/transaction/xa/atomikos/manager/AtomikosXARecoverableResourceTest.java
/Users/huqingfeng/Downloads/apache-shardingsphere-incubating-4.0.0-RC2-src-release/sharding-transaction/sharding-transaction-2pc/sharding-transaction-xa/sharding-transaction-xa-atomikos/sharding-transaction-xa-atomikos-manager/src/test/java/org/apache/shardingsphere/transaction/xa/atomikos/manager/fixture/ReflectiveUtil.java
/Users/huqingfeng/Downloads/apache-shardingsphere-incubating-4.0.0-RC2-src-release/sharding-transaction/sharding-transaction-2pc/sharding-transaction-xa/sharding-transaction-xa-atomikos/sharding-transaction-xa-atomikos-manager/src/test/java/org/apache/shardingsphere/transaction/xa/atomikos/manager/AtomikosTransactionManagerTest.java
