org/apache/shardingsphere/dbtest/cases/assertion/dml/DMLIntegrateTestCases.class
org/apache/shardingsphere/dbtest/fixture/ConstantShardingKeyGenerator.class
org/apache/shardingsphere/dbtest/env/authority/AuthoritySQLSet$1.class
org/apache/shardingsphere/dbtest/env/EnvironmentPath.class
org/apache/shardingsphere/dbtest/engine/SingleIT.class
org/apache/shardingsphere/dbtest/fixture/RangeModuloAlgorithm.class
org/apache/shardingsphere/dbtest/engine/dql/BaseDQLIT.class
org/apache/shardingsphere/dbtest/engine/BatchIT$1.class
org/apache/shardingsphere/dbtest/engine/dml/AdditionalDMLIT.class
org/apache/shardingsphere/dbtest/cases/dataset/row/DataSetRow.class
org/apache/shardingsphere/dbtest/cases/assertion/dql/DQLIntegrateTestCaseAssertion.class
org/apache/shardingsphere/dbtest/cases/assertion/dcl/DCLIntegrateTestCaseAssertion.class
org/apache/shardingsphere/dbtest/cases/assertion/IntegrateTestCasesLoader.class
org/apache/shardingsphere/dbtest/cases/assertion/dml/DMLIntegrateTestCaseAssertion.class
org/apache/shardingsphere/dbtest/cases/assertion/root/SQLValue.class
org/apache/shardingsphere/dbtest/cases/assertion/root/SQLValueGroup.class
org/apache/shardingsphere/dbtest/cases/assertion/dql/DQLIntegrateTestCases.class
org/apache/shardingsphere/dbtest/env/schema/SchemaEnvironmentManager.class
org/apache/shardingsphere/dbtest/env/authority/AuthorityEnvironmentManager.class
org/apache/shardingsphere/dbtest/engine/dcl/GeneralDCLIT.class
org/apache/shardingsphere/dbtest/engine/ddl/BaseDDLIT.class
org/apache/shardingsphere/dbtest/engine/dql/AdditionalDQLIT.class
org/apache/shardingsphere/dbtest/engine/dql/GeneralDQLIT.class
org/apache/shardingsphere/dbtest/cases/assertion/IntegrateTestCasesLoader$1.class
org/apache/shardingsphere/dbtest/cases/assertion/dql/DQLIntegrateTestCase.class
org/apache/shardingsphere/dbtest/env/datasource/DataSourceUtil$1.class
org/apache/shardingsphere/dbtest/cases/assertion/dml/DMLIntegrateTestCase.class
org/apache/shardingsphere/dbtest/env/IntegrateTestEnvironment.class
org/apache/shardingsphere/dbtest/engine/dml/BaseDMLIT.class
org/apache/shardingsphere/dbtest/engine/util/IntegrateTestParameters.class
org/apache/shardingsphere/dbtest/env/datasource/DatabaseEnvironment.class
org/apache/shardingsphere/dbtest/engine/SQLType.class
org/apache/shardingsphere/dbtest/engine/dml/GeneralDMLIT.class
org/apache/shardingsphere/dbtest/cases/assertion/ddl/DDLIntegrateTestCases.class
org/apache/shardingsphere/dbtest/env/dataset/DataSetEnvironmentManager.class
org/apache/shardingsphere/dbtest/env/DatabaseTypeEnvironment.class
org/apache/shardingsphere/dbtest/engine/BatchIT.class
org/apache/shardingsphere/dbtest/cases/dataset/metadata/DataSetColumn.class
org/apache/shardingsphere/dbtest/engine/dcl/BaseDCLIT.class
org/apache/shardingsphere/dbtest/engine/ddl/GeneralDDLIT.class
org/apache/shardingsphere/dbtest/engine/BaseIT.class
org/apache/shardingsphere/dbtest/cases/assertion/dcl/DCLIntegrateTestCases.class
org/apache/shardingsphere/dbtest/engine/dml/BatchDMLIT.class
org/apache/shardingsphere/dbtest/cases/dataset/metadata/DataSetIndex.class
org/apache/shardingsphere/dbtest/env/schema/SchemaEnvironment.class
org/apache/shardingsphere/dbtest/cases/assertion/root/IntegrateTestCaseAssertion.class
org/apache/shardingsphere/dbtest/env/datasource/DataSourceUtil.class
org/apache/shardingsphere/dbtest/cases/assertion/dcl/DCLIntegrateTestCase.class
org/apache/shardingsphere/dbtest/cases/assertion/ddl/DDLIntegrateTestCase.class
org/apache/shardingsphere/dbtest/cases/dataset/DataSet.class
org/apache/shardingsphere/dbtest/env/datasource/DataSourceUtil$DataSourceCacheKey.class
org/apache/shardingsphere/dbtest/env/authority/AuthorityEnvironment.class
org/apache/shardingsphere/dbtest/cases/assertion/root/IntegrateTestCases.class
org/apache/shardingsphere/dbtest/cases/dataset/metadata/DataSetMetadata.class
org/apache/shardingsphere/dbtest/env/authority/AuthoritySQLSet.class
org/apache/shardingsphere/dbtest/fixture/PreciseModuloAlgorithm.class
org/apache/shardingsphere/dbtest/cases/assertion/root/IntegrateTestCase.class
org/apache/shardingsphere/dbtest/env/datasource/DataSourcePoolType.class
org/apache/shardingsphere/dbtest/engine/util/IntegrateTestParameters$1.class
org/apache/shardingsphere/dbtest/cases/assertion/ddl/DDLIntegrateTestCaseAssertion.class
