/Users/huqingfeng/Downloads/apache-shardingsphere-incubating-4.0.0-RC2-src-release/sharding-integration-test/sharding-jdbc-test/src/test/java/org/apache/shardingsphere/dbtest/cases/assertion/root/IntegrateTestCase.java
/Users/huqingfeng/Downloads/apache-shardingsphere-incubating-4.0.0-RC2-src-release/sharding-integration-test/sharding-jdbc-test/src/test/java/org/apache/shardingsphere/dbtest/cases/assertion/dml/DMLIntegrateTestCaseAssertion.java
/Users/huqingfeng/Downloads/apache-shardingsphere-incubating-4.0.0-RC2-src-release/sharding-integration-test/sharding-jdbc-test/src/test/java/org/apache/shardingsphere/dbtest/fixture/ConstantShardingKeyGenerator.java
/Users/huqingfeng/Downloads/apache-shardingsphere-incubating-4.0.0-RC2-src-release/sharding-integration-test/sharding-jdbc-test/src/test/java/org/apache/shardingsphere/dbtest/env/dataset/DataSetEnvironmentManager.java
/Users/huqingfeng/Downloads/apache-shardingsphere-incubating-4.0.0-RC2-src-release/sharding-integration-test/sharding-jdbc-test/src/test/java/org/apache/shardingsphere/dbtest/engine/dml/BaseDMLIT.java
/Users/huqingfeng/Downloads/apache-shardingsphere-incubating-4.0.0-RC2-src-release/sharding-integration-test/sharding-jdbc-test/src/test/java/org/apache/shardingsphere/dbtest/cases/assertion/dml/DMLIntegrateTestCase.java
/Users/huqingfeng/Downloads/apache-shardingsphere-incubating-4.0.0-RC2-src-release/sharding-integration-test/sharding-jdbc-test/src/test/java/org/apache/shardingsphere/dbtest/env/datasource/DataSourceUtil.java
/Users/huqingfeng/Downloads/apache-shardingsphere-incubating-4.0.0-RC2-src-release/sharding-integration-test/sharding-jdbc-test/src/test/java/org/apache/shardingsphere/dbtest/engine/dml/BatchDMLIT.java
/Users/huqingfeng/Downloads/apache-shardingsphere-incubating-4.0.0-RC2-src-release/sharding-integration-test/sharding-jdbc-test/src/test/java/org/apache/shardingsphere/dbtest/env/schema/SchemaEnvironment.java
/Users/huqingfeng/Downloads/apache-shardingsphere-incubating-4.0.0-RC2-src-release/sharding-integration-test/sharding-jdbc-test/src/test/java/org/apache/shardingsphere/dbtest/env/EnvironmentPath.java
/Users/huqingfeng/Downloads/apache-shardingsphere-incubating-4.0.0-RC2-src-release/sharding-integration-test/sharding-jdbc-test/src/test/java/org/apache/shardingsphere/dbtest/env/DatabaseTypeEnvironment.java
/Users/huqingfeng/Downloads/apache-shardingsphere-incubating-4.0.0-RC2-src-release/sharding-integration-test/sharding-jdbc-test/src/test/java/org/apache/shardingsphere/dbtest/cases/dataset/metadata/DataSetMetadata.java
/Users/huqingfeng/Downloads/apache-shardingsphere-incubating-4.0.0-RC2-src-release/sharding-integration-test/sharding-jdbc-test/src/test/java/org/apache/shardingsphere/dbtest/engine/dql/AdditionalDQLIT.java
/Users/huqingfeng/Downloads/apache-shardingsphere-incubating-4.0.0-RC2-src-release/sharding-integration-test/sharding-jdbc-test/src/test/java/org/apache/shardingsphere/dbtest/env/datasource/DatabaseEnvironment.java
/Users/huqingfeng/Downloads/apache-shardingsphere-incubating-4.0.0-RC2-src-release/sharding-integration-test/sharding-jdbc-test/src/test/java/org/apache/shardingsphere/dbtest/cases/assertion/IntegrateTestCasesLoader.java
/Users/huqingfeng/Downloads/apache-shardingsphere-incubating-4.0.0-RC2-src-release/sharding-integration-test/sharding-jdbc-test/src/test/java/org/apache/shardingsphere/dbtest/cases/assertion/root/IntegrateTestCases.java
/Users/huqingfeng/Downloads/apache-shardingsphere-incubating-4.0.0-RC2-src-release/sharding-integration-test/sharding-jdbc-test/src/test/java/org/apache/shardingsphere/dbtest/env/authority/AuthorityEnvironment.java
/Users/huqingfeng/Downloads/apache-shardingsphere-incubating-4.0.0-RC2-src-release/sharding-integration-test/sharding-jdbc-test/src/test/java/org/apache/shardingsphere/dbtest/cases/assertion/dml/DMLIntegrateTestCases.java
/Users/huqingfeng/Downloads/apache-shardingsphere-incubating-4.0.0-RC2-src-release/sharding-integration-test/sharding-jdbc-test/src/test/java/org/apache/shardingsphere/dbtest/cases/assertion/root/IntegrateTestCaseAssertion.java
/Users/huqingfeng/Downloads/apache-shardingsphere-incubating-4.0.0-RC2-src-release/sharding-integration-test/sharding-jdbc-test/src/test/java/org/apache/shardingsphere/dbtest/cases/assertion/dql/DQLIntegrateTestCases.java
/Users/huqingfeng/Downloads/apache-shardingsphere-incubating-4.0.0-RC2-src-release/sharding-integration-test/sharding-jdbc-test/src/test/java/org/apache/shardingsphere/dbtest/cases/assertion/ddl/DDLIntegrateTestCase.java
/Users/huqingfeng/Downloads/apache-shardingsphere-incubating-4.0.0-RC2-src-release/sharding-integration-test/sharding-jdbc-test/src/test/java/org/apache/shardingsphere/dbtest/engine/dcl/GeneralDCLIT.java
/Users/huqingfeng/Downloads/apache-shardingsphere-incubating-4.0.0-RC2-src-release/sharding-integration-test/sharding-jdbc-test/src/test/java/org/apache/shardingsphere/dbtest/engine/dml/AdditionalDMLIT.java
/Users/huqingfeng/Downloads/apache-shardingsphere-incubating-4.0.0-RC2-src-release/sharding-integration-test/sharding-jdbc-test/src/test/java/org/apache/shardingsphere/dbtest/fixture/RangeModuloAlgorithm.java
/Users/huqingfeng/Downloads/apache-shardingsphere-incubating-4.0.0-RC2-src-release/sharding-integration-test/sharding-jdbc-test/src/test/java/org/apache/shardingsphere/dbtest/cases/dataset/metadata/DataSetColumn.java
/Users/huqingfeng/Downloads/apache-shardingsphere-incubating-4.0.0-RC2-src-release/sharding-integration-test/sharding-jdbc-test/src/test/java/org/apache/shardingsphere/dbtest/cases/assertion/dcl/DCLIntegrateTestCase.java
/Users/huqingfeng/Downloads/apache-shardingsphere-incubating-4.0.0-RC2-src-release/sharding-integration-test/sharding-jdbc-test/src/test/java/org/apache/shardingsphere/dbtest/cases/dataset/DataSet.java
/Users/huqingfeng/Downloads/apache-shardingsphere-incubating-4.0.0-RC2-src-release/sharding-integration-test/sharding-jdbc-test/src/test/java/org/apache/shardingsphere/dbtest/engine/dql/GeneralDQLIT.java
/Users/huqingfeng/Downloads/apache-shardingsphere-incubating-4.0.0-RC2-src-release/sharding-integration-test/sharding-jdbc-test/src/test/java/org/apache/shardingsphere/dbtest/cases/assertion/root/SQLValue.java
/Users/huqingfeng/Downloads/apache-shardingsphere-incubating-4.0.0-RC2-src-release/sharding-integration-test/sharding-jdbc-test/src/test/java/org/apache/shardingsphere/dbtest/env/IntegrateTestEnvironment.java
/Users/huqingfeng/Downloads/apache-shardingsphere-incubating-4.0.0-RC2-src-release/sharding-integration-test/sharding-jdbc-test/src/test/java/org/apache/shardingsphere/dbtest/engine/dql/BaseDQLIT.java
/Users/huqingfeng/Downloads/apache-shardingsphere-incubating-4.0.0-RC2-src-release/sharding-integration-test/sharding-jdbc-test/src/test/java/org/apache/shardingsphere/dbtest/cases/dataset/metadata/DataSetIndex.java
/Users/huqingfeng/Downloads/apache-shardingsphere-incubating-4.0.0-RC2-src-release/sharding-integration-test/sharding-jdbc-test/src/test/java/org/apache/shardingsphere/dbtest/cases/assertion/dcl/DCLIntegrateTestCases.java
/Users/huqingfeng/Downloads/apache-shardingsphere-incubating-4.0.0-RC2-src-release/sharding-integration-test/sharding-jdbc-test/src/test/java/org/apache/shardingsphere/dbtest/engine/BaseIT.java
/Users/huqingfeng/Downloads/apache-shardingsphere-incubating-4.0.0-RC2-src-release/sharding-integration-test/sharding-jdbc-test/src/test/java/org/apache/shardingsphere/dbtest/cases/assertion/ddl/DDLIntegrateTestCases.java
/Users/huqingfeng/Downloads/apache-shardingsphere-incubating-4.0.0-RC2-src-release/sharding-integration-test/sharding-jdbc-test/src/test/java/org/apache/shardingsphere/dbtest/engine/BatchIT.java
/Users/huqingfeng/Downloads/apache-shardingsphere-incubating-4.0.0-RC2-src-release/sharding-integration-test/sharding-jdbc-test/src/test/java/org/apache/shardingsphere/dbtest/env/datasource/DataSourcePoolType.java
/Users/huqingfeng/Downloads/apache-shardingsphere-incubating-4.0.0-RC2-src-release/sharding-integration-test/sharding-jdbc-test/src/test/java/org/apache/shardingsphere/dbtest/cases/assertion/dql/DQLIntegrateTestCase.java
/Users/huqingfeng/Downloads/apache-shardingsphere-incubating-4.0.0-RC2-src-release/sharding-integration-test/sharding-jdbc-test/src/test/java/org/apache/shardingsphere/dbtest/env/authority/AuthorityEnvironmentManager.java
/Users/huqingfeng/Downloads/apache-shardingsphere-incubating-4.0.0-RC2-src-release/sharding-integration-test/sharding-jdbc-test/src/test/java/org/apache/shardingsphere/dbtest/fixture/PreciseModuloAlgorithm.java
/Users/huqingfeng/Downloads/apache-shardingsphere-incubating-4.0.0-RC2-src-release/sharding-integration-test/sharding-jdbc-test/src/test/java/org/apache/shardingsphere/dbtest/cases/assertion/ddl/DDLIntegrateTestCaseAssertion.java
/Users/huqingfeng/Downloads/apache-shardingsphere-incubating-4.0.0-RC2-src-release/sharding-integration-test/sharding-jdbc-test/src/test/java/org/apache/shardingsphere/dbtest/cases/assertion/dcl/DCLIntegrateTestCaseAssertion.java
/Users/huqingfeng/Downloads/apache-shardingsphere-incubating-4.0.0-RC2-src-release/sharding-integration-test/sharding-jdbc-test/src/test/java/org/apache/shardingsphere/dbtest/engine/util/IntegrateTestParameters.java
/Users/huqingfeng/Downloads/apache-shardingsphere-incubating-4.0.0-RC2-src-release/sharding-integration-test/sharding-jdbc-test/src/test/java/org/apache/shardingsphere/dbtest/engine/SQLType.java
/Users/huqingfeng/Downloads/apache-shardingsphere-incubating-4.0.0-RC2-src-release/sharding-integration-test/sharding-jdbc-test/src/test/java/org/apache/shardingsphere/dbtest/env/schema/SchemaEnvironmentManager.java
/Users/huqingfeng/Downloads/apache-shardingsphere-incubating-4.0.0-RC2-src-release/sharding-integration-test/sharding-jdbc-test/src/test/java/org/apache/shardingsphere/dbtest/cases/assertion/root/SQLValueGroup.java
/Users/huqingfeng/Downloads/apache-shardingsphere-incubating-4.0.0-RC2-src-release/sharding-integration-test/sharding-jdbc-test/src/test/java/org/apache/shardingsphere/dbtest/engine/dcl/BaseDCLIT.java
/Users/huqingfeng/Downloads/apache-shardingsphere-incubating-4.0.0-RC2-src-release/sharding-integration-test/sharding-jdbc-test/src/test/java/org/apache/shardingsphere/dbtest/cases/dataset/row/DataSetRow.java
/Users/huqingfeng/Downloads/apache-shardingsphere-incubating-4.0.0-RC2-src-release/sharding-integration-test/sharding-jdbc-test/src/test/java/org/apache/shardingsphere/dbtest/engine/SingleIT.java
/Users/huqingfeng/Downloads/apache-shardingsphere-incubating-4.0.0-RC2-src-release/sharding-integration-test/sharding-jdbc-test/src/test/java/org/apache/shardingsphere/dbtest/engine/ddl/GeneralDDLIT.java
/Users/huqingfeng/Downloads/apache-shardingsphere-incubating-4.0.0-RC2-src-release/sharding-integration-test/sharding-jdbc-test/src/test/java/org/apache/shardingsphere/dbtest/engine/ddl/BaseDDLIT.java
/Users/huqingfeng/Downloads/apache-shardingsphere-incubating-4.0.0-RC2-src-release/sharding-integration-test/sharding-jdbc-test/src/test/java/org/apache/shardingsphere/dbtest/cases/assertion/dql/DQLIntegrateTestCaseAssertion.java
/Users/huqingfeng/Downloads/apache-shardingsphere-incubating-4.0.0-RC2-src-release/sharding-integration-test/sharding-jdbc-test/src/test/java/org/apache/shardingsphere/dbtest/env/authority/AuthoritySQLSet.java
/Users/huqingfeng/Downloads/apache-shardingsphere-incubating-4.0.0-RC2-src-release/sharding-integration-test/sharding-jdbc-test/src/test/java/org/apache/shardingsphere/dbtest/engine/dml/GeneralDMLIT.java
