/Users/huqingfeng/Downloads/apache-shardingsphere-incubating-4.0.0-RC2-src-release/sharding-transaction/sharding-transaction-base/sharding-transaction-base-seata-at/src/test/java/org/apache/shardingsphere/transaction/base/seata/at/MockSeataServer.java
/Users/huqingfeng/Downloads/apache-shardingsphere-incubating-4.0.0-RC2-src-release/sharding-transaction/sharding-transaction-base/sharding-transaction-base-seata-at/src/test/java/org/apache/shardingsphere/transaction/base/seata/at/SeataATShardingTransactionManagerTest.java
/Users/huqingfeng/Downloads/apache-shardingsphere-incubating-4.0.0-RC2-src-release/sharding-transaction/sharding-transaction-base/sharding-transaction-base-seata-at/src/test/java/org/apache/shardingsphere/transaction/base/seata/at/MockMessageHandler.java
/Users/huqingfeng/Downloads/apache-shardingsphere-incubating-4.0.0-RC2-src-release/sharding-transaction/sharding-transaction-base/sharding-transaction-base-seata-at/src/test/java/org/apache/shardingsphere/transaction/base/seata/at/TransactionalSQLExecutionHookTest.java
