/Users/huqingfeng/Downloads/apache-shardingsphere-incubating-4.0.0-RC2-src-release/sharding-jdbc/sharding-jdbc-core/src/main/java/org/apache/shardingsphere/shardingjdbc/jdbc/core/resultset/GeneratedKeysResultSet.java
/Users/huqingfeng/Downloads/apache-shardingsphere-incubating-4.0.0-RC2-src-release/sharding-jdbc/sharding-jdbc-core/src/main/java/org/apache/shardingsphere/shardingjdbc/api/ShardingDataSourceFactory.java
/Users/huqingfeng/Downloads/apache-shardingsphere-incubating-4.0.0-RC2-src-release/sharding-jdbc/sharding-jdbc-core/src/main/java/org/apache/shardingsphere/shardingjdbc/jdbc/adapter/invocation/JdbcMethodInvocation.java
/Users/huqingfeng/Downloads/apache-shardingsphere-incubating-4.0.0-RC2-src-release/sharding-jdbc/sharding-jdbc-core/src/main/java/org/apache/shardingsphere/shardingjdbc/jdbc/core/resultset/ResultSetUtil.java
/Users/huqingfeng/Downloads/apache-shardingsphere-incubating-4.0.0-RC2-src-release/sharding-jdbc/sharding-jdbc-core/src/main/java/org/apache/shardingsphere/shardingjdbc/executor/StatementExecutor.java
/Users/huqingfeng/Downloads/apache-shardingsphere-incubating-4.0.0-RC2-src-release/sharding-jdbc/sharding-jdbc-core/src/main/java/org/apache/shardingsphere/shardingjdbc/jdbc/adapter/executor/ForceExecuteTemplate.java
/Users/huqingfeng/Downloads/apache-shardingsphere-incubating-4.0.0-RC2-src-release/sharding-jdbc/sharding-jdbc-core/src/main/java/org/apache/shardingsphere/shardingjdbc/jdbc/core/statement/ShardingStatement.java
/Users/huqingfeng/Downloads/apache-shardingsphere-incubating-4.0.0-RC2-src-release/sharding-jdbc/sharding-jdbc-core/src/main/java/org/apache/shardingsphere/shardingjdbc/jdbc/unsupported/AbstractUnsupportedOperationStatement.java
/Users/huqingfeng/Downloads/apache-shardingsphere-incubating-4.0.0-RC2-src-release/sharding-jdbc/sharding-jdbc-core/src/main/java/org/apache/shardingsphere/shardingjdbc/jdbc/adapter/AbstractConnectionAdapter.java
/Users/huqingfeng/Downloads/apache-shardingsphere-incubating-4.0.0-RC2-src-release/sharding-jdbc/sharding-jdbc-core/src/main/java/org/apache/shardingsphere/shardingjdbc/jdbc/adapter/invocation/SetParameterMethodInvocation.java
/Users/huqingfeng/Downloads/apache-shardingsphere-incubating-4.0.0-RC2-src-release/sharding-jdbc/sharding-jdbc-core/src/main/java/org/apache/shardingsphere/shardingjdbc/api/EncryptDataSourceFactory.java
/Users/huqingfeng/Downloads/apache-shardingsphere-incubating-4.0.0-RC2-src-release/sharding-jdbc/sharding-jdbc-core/src/main/java/org/apache/shardingsphere/shardingjdbc/jdbc/core/statement/ShardingPreparedStatement.java
/Users/huqingfeng/Downloads/apache-shardingsphere-incubating-4.0.0-RC2-src-release/sharding-jdbc/sharding-jdbc-core/src/main/java/org/apache/shardingsphere/shardingjdbc/jdbc/core/context/ShardingRuntimeContext.java
/Users/huqingfeng/Downloads/apache-shardingsphere-incubating-4.0.0-RC2-src-release/sharding-jdbc/sharding-jdbc-core/src/main/java/org/apache/shardingsphere/shardingjdbc/jdbc/unsupported/AbstractUnsupportedDatabaseMetaDataResultSet.java
/Users/huqingfeng/Downloads/apache-shardingsphere-incubating-4.0.0-RC2-src-release/sharding-jdbc/sharding-jdbc-core/src/main/java/org/apache/shardingsphere/shardingjdbc/jdbc/unsupported/AbstractUnsupportedUpdateOperationResultSet.java
/Users/huqingfeng/Downloads/apache-shardingsphere-incubating-4.0.0-RC2-src-release/sharding-jdbc/sharding-jdbc-core/src/main/java/org/apache/shardingsphere/shardingjdbc/jdbc/core/connection/EncryptConnection.java
/Users/huqingfeng/Downloads/apache-shardingsphere-incubating-4.0.0-RC2-src-release/sharding-jdbc/sharding-jdbc-core/src/main/java/org/apache/shardingsphere/shardingjdbc/jdbc/unsupported/AbstractUnsupportedOperationDataSource.java
/Users/huqingfeng/Downloads/apache-shardingsphere-incubating-4.0.0-RC2-src-release/sharding-jdbc/sharding-jdbc-core/src/main/java/org/apache/shardingsphere/shardingjdbc/jdbc/core/resultset/GeneratedKeysResultSetMetaData.java
/Users/huqingfeng/Downloads/apache-shardingsphere-incubating-4.0.0-RC2-src-release/sharding-jdbc/sharding-jdbc-core/src/main/java/org/apache/shardingsphere/shardingjdbc/jdbc/core/datasource/metadata/CachedDatabaseMetaData.java
/Users/huqingfeng/Downloads/apache-shardingsphere-incubating-4.0.0-RC2-src-release/sharding-jdbc/sharding-jdbc-core/src/main/java/org/apache/shardingsphere/shardingjdbc/jdbc/adapter/AbstractResultSetAdapter.java
/Users/huqingfeng/Downloads/apache-shardingsphere-incubating-4.0.0-RC2-src-release/sharding-jdbc/sharding-jdbc-core/src/main/java/org/apache/shardingsphere/shardingjdbc/executor/BatchPreparedStatementExecutor.java
/Users/huqingfeng/Downloads/apache-shardingsphere-incubating-4.0.0-RC2-src-release/sharding-jdbc/sharding-jdbc-core/src/main/java/org/apache/shardingsphere/shardingjdbc/jdbc/core/statement/MasterSlaveStatement.java
/Users/huqingfeng/Downloads/apache-shardingsphere-incubating-4.0.0-RC2-src-release/sharding-jdbc/sharding-jdbc-core/src/main/java/org/apache/shardingsphere/shardingjdbc/jdbc/adapter/AbstractStatementAdapter.java
/Users/huqingfeng/Downloads/apache-shardingsphere-incubating-4.0.0-RC2-src-release/sharding-jdbc/sharding-jdbc-core/src/main/java/org/apache/shardingsphere/shardingjdbc/jdbc/core/statement/EncryptPreparedStatement.java
/Users/huqingfeng/Downloads/apache-shardingsphere-incubating-4.0.0-RC2-src-release/sharding-jdbc/sharding-jdbc-core/src/main/java/org/apache/shardingsphere/shardingjdbc/executor/SQLExecuteCallbackFactory.java
/Users/huqingfeng/Downloads/apache-shardingsphere-incubating-4.0.0-RC2-src-release/sharding-jdbc/sharding-jdbc-core/src/main/java/org/apache/shardingsphere/shardingjdbc/jdbc/core/context/AbstractRuntimeContext.java
/Users/huqingfeng/Downloads/apache-shardingsphere-incubating-4.0.0-RC2-src-release/sharding-jdbc/sharding-jdbc-core/src/main/java/org/apache/shardingsphere/shardingjdbc/jdbc/core/datasource/metadata/ResultSetReturnedDatabaseMetaData.java
/Users/huqingfeng/Downloads/apache-shardingsphere-incubating-4.0.0-RC2-src-release/sharding-jdbc/sharding-jdbc-core/src/main/java/org/apache/shardingsphere/shardingjdbc/jdbc/unsupported/AbstractUnsupportedOperationPreparedStatement.java
/Users/huqingfeng/Downloads/apache-shardingsphere-incubating-4.0.0-RC2-src-release/sharding-jdbc/sharding-jdbc-core/src/main/java/org/apache/shardingsphere/shardingjdbc/api/MasterSlaveDataSourceFactory.java
/Users/huqingfeng/Downloads/apache-shardingsphere-incubating-4.0.0-RC2-src-release/sharding-jdbc/sharding-jdbc-core/src/main/java/org/apache/shardingsphere/shardingjdbc/jdbc/core/resultset/EncryptResultSet.java
/Users/huqingfeng/Downloads/apache-shardingsphere-incubating-4.0.0-RC2-src-release/sharding-jdbc/sharding-jdbc-core/src/main/java/org/apache/shardingsphere/shardingjdbc/jdbc/adapter/AbstractDataSourceAdapter.java
/Users/huqingfeng/Downloads/apache-shardingsphere-incubating-4.0.0-RC2-src-release/sharding-jdbc/sharding-jdbc-core/src/main/java/org/apache/shardingsphere/shardingjdbc/jdbc/unsupported/AbstractUnsupportedOperationResultSet.java
/Users/huqingfeng/Downloads/apache-shardingsphere-incubating-4.0.0-RC2-src-release/sharding-jdbc/sharding-jdbc-core/src/main/java/org/apache/shardingsphere/shardingjdbc/jdbc/unsupported/AbstractUnsupportedOperationConnection.java
/Users/huqingfeng/Downloads/apache-shardingsphere-incubating-4.0.0-RC2-src-release/sharding-jdbc/sharding-jdbc-core/src/main/java/org/apache/shardingsphere/shardingjdbc/api/yaml/YamlShardingDataSourceFactory.java
/Users/huqingfeng/Downloads/apache-shardingsphere-incubating-4.0.0-RC2-src-release/sharding-jdbc/sharding-jdbc-core/src/main/java/org/apache/shardingsphere/shardingjdbc/jdbc/adapter/executor/ForceExecuteCallback.java
/Users/huqingfeng/Downloads/apache-shardingsphere-incubating-4.0.0-RC2-src-release/sharding-jdbc/sharding-jdbc-core/src/main/java/org/apache/shardingsphere/shardingjdbc/jdbc/unsupported/AbstractUnsupportedGeneratedKeysResultSet.java
/Users/huqingfeng/Downloads/apache-shardingsphere-incubating-4.0.0-RC2-src-release/sharding-jdbc/sharding-jdbc-core/src/main/java/org/apache/shardingsphere/shardingjdbc/jdbc/metadata/JDBCTableMetaDataConnectionManager.java
/Users/huqingfeng/Downloads/apache-shardingsphere-incubating-4.0.0-RC2-src-release/sharding-jdbc/sharding-jdbc-core/src/main/java/org/apache/shardingsphere/shardingjdbc/jdbc/core/datasource/ShardingDataSource.java
/Users/huqingfeng/Downloads/apache-shardingsphere-incubating-4.0.0-RC2-src-release/sharding-jdbc/sharding-jdbc-core/src/main/java/org/apache/shardingsphere/shardingjdbc/jdbc/core/datasource/EncryptDataSource.java
/Users/huqingfeng/Downloads/apache-shardingsphere-incubating-4.0.0-RC2-src-release/sharding-jdbc/sharding-jdbc-core/src/main/java/org/apache/shardingsphere/shardingjdbc/jdbc/core/connection/ShardingConnection.java
/Users/huqingfeng/Downloads/apache-shardingsphere-incubating-4.0.0-RC2-src-release/sharding-jdbc/sharding-jdbc-core/src/main/java/org/apache/shardingsphere/shardingjdbc/jdbc/core/datasource/MasterSlaveDataSource.java
/Users/huqingfeng/Downloads/apache-shardingsphere-incubating-4.0.0-RC2-src-release/sharding-jdbc/sharding-jdbc-core/src/main/java/org/apache/shardingsphere/shardingjdbc/jdbc/core/resultset/ShardingResultSetMetaData.java
/Users/huqingfeng/Downloads/apache-shardingsphere-incubating-4.0.0-RC2-src-release/sharding-jdbc/sharding-jdbc-core/src/main/java/org/apache/shardingsphere/shardingjdbc/jdbc/core/context/MasterSlaveRuntimeContext.java
/Users/huqingfeng/Downloads/apache-shardingsphere-incubating-4.0.0-RC2-src-release/sharding-jdbc/sharding-jdbc-core/src/main/java/org/apache/shardingsphere/shardingjdbc/jdbc/core/connection/MasterSlaveConnection.java
/Users/huqingfeng/Downloads/apache-shardingsphere-incubating-4.0.0-RC2-src-release/sharding-jdbc/sharding-jdbc-core/src/main/java/org/apache/shardingsphere/shardingjdbc/jdbc/adapter/AbstractShardingPreparedStatementAdapter.java
/Users/huqingfeng/Downloads/apache-shardingsphere-incubating-4.0.0-RC2-src-release/sharding-jdbc/sharding-jdbc-core/src/main/java/org/apache/shardingsphere/shardingjdbc/jdbc/core/resultset/DatabaseMetaDataResultSet.java
/Users/huqingfeng/Downloads/apache-shardingsphere-incubating-4.0.0-RC2-src-release/sharding-jdbc/sharding-jdbc-core/src/main/java/org/apache/shardingsphere/shardingjdbc/jdbc/core/resultset/ShardingResultSet.java
/Users/huqingfeng/Downloads/apache-shardingsphere-incubating-4.0.0-RC2-src-release/sharding-jdbc/sharding-jdbc-core/src/main/java/org/apache/shardingsphere/shardingjdbc/executor/PreparedStatementExecutor.java
/Users/huqingfeng/Downloads/apache-shardingsphere-incubating-4.0.0-RC2-src-release/sharding-jdbc/sharding-jdbc-core/src/main/java/org/apache/shardingsphere/shardingjdbc/jdbc/core/context/RuntimeContext.java
/Users/huqingfeng/Downloads/apache-shardingsphere-incubating-4.0.0-RC2-src-release/sharding-jdbc/sharding-jdbc-core/src/main/java/org/apache/shardingsphere/shardingjdbc/jdbc/adapter/WrapperAdapter.java
/Users/huqingfeng/Downloads/apache-shardingsphere-incubating-4.0.0-RC2-src-release/sharding-jdbc/sharding-jdbc-core/src/main/java/org/apache/shardingsphere/shardingjdbc/jdbc/core/datasource/metadata/AdaptedDatabaseMetaData.java
/Users/huqingfeng/Downloads/apache-shardingsphere-incubating-4.0.0-RC2-src-release/sharding-jdbc/sharding-jdbc-core/src/main/java/org/apache/shardingsphere/shardingjdbc/jdbc/core/context/EncryptRuntimeContext.java
/Users/huqingfeng/Downloads/apache-shardingsphere-incubating-4.0.0-RC2-src-release/sharding-jdbc/sharding-jdbc-core/src/main/java/org/apache/shardingsphere/shardingjdbc/api/yaml/YamlMasterSlaveDataSourceFactory.java
/Users/huqingfeng/Downloads/apache-shardingsphere-incubating-4.0.0-RC2-src-release/sharding-jdbc/sharding-jdbc-core/src/main/java/org/apache/shardingsphere/shardingjdbc/jdbc/core/statement/MasterSlavePreparedStatement.java
/Users/huqingfeng/Downloads/apache-shardingsphere-incubating-4.0.0-RC2-src-release/sharding-jdbc/sharding-jdbc-core/src/main/java/org/apache/shardingsphere/shardingjdbc/api/yaml/YamlEncryptDataSourceFactory.java
/Users/huqingfeng/Downloads/apache-shardingsphere-incubating-4.0.0-RC2-src-release/sharding-jdbc/sharding-jdbc-core/src/main/java/org/apache/shardingsphere/shardingjdbc/jdbc/core/statement/EncryptStatement.java
/Users/huqingfeng/Downloads/apache-shardingsphere-incubating-4.0.0-RC2-src-release/sharding-jdbc/sharding-jdbc-core/src/main/java/org/apache/shardingsphere/shardingjdbc/jdbc/core/resultset/EncryptResultSetMetaData.java
/Users/huqingfeng/Downloads/apache-shardingsphere-incubating-4.0.0-RC2-src-release/sharding-jdbc/sharding-jdbc-core/src/main/java/org/apache/shardingsphere/shardingjdbc/executor/AbstractStatementExecutor.java
/Users/huqingfeng/Downloads/apache-shardingsphere-incubating-4.0.0-RC2-src-release/sharding-jdbc/sharding-jdbc-core/src/main/java/org/apache/shardingsphere/shardingjdbc/jdbc/adapter/AbstractMasterSlavePreparedStatementAdapter.java
