org/apache/shardingsphere/shardingproxy/backend/text/admin/BroadcastBackendHandlerTest.class
org/apache/shardingsphere/shardingproxy/backend/schema/ProxyTableMetaDataConnectionManagerTest.class
org/apache/shardingsphere/shardingproxy/backend/text/admin/UseDatabaseBackendHandlerTest.class
org/apache/shardingsphere/shardingproxy/backend/communication/jdbc/connection/ConnectionStateHandlerTest.class
org/apache/shardingsphere/shardingproxy/backend/communication/jdbc/connection/BackendTransactionManagerTest.class
org/apache/shardingsphere/shardingproxy/backend/communication/jdbc/datasource/MockDataSource$MockConnection.class
org/apache/shardingsphere/shardingproxy/backend/text/sctl/show/ShardingCTLShowBackendHandlerTest.class
org/apache/shardingsphere/shardingproxy/backend/text/transaction/TransactionBackendHandlerTest.class
org/apache/shardingsphere/shardingproxy/backend/communication/jdbc/connection/ConnectionStateHandlerTest$4.class
org/apache/shardingsphere/shardingproxy/backend/communication/jdbc/recognizer/impl/MySQLRecognizerTest.class
org/apache/shardingsphere/shardingproxy/backend/communication/jdbc/recognizer/impl/OracleRecognizerTest.class
org/apache/shardingsphere/shardingproxy/backend/text/sctl/set/ShardingCTLSetBackendHandlerTest.class
org/apache/shardingsphere/shardingproxy/backend/communication/jdbc/datasource/JDBCBackendDataSourceTest$CallableTask.class
org/apache/shardingsphere/shardingproxy/backend/communication/jdbc/connection/BackendConnectionTest.class
org/apache/shardingsphere/shardingproxy/backend/communication/jdbc/connection/MockConnectionUtil.class
org/apache/shardingsphere/shardingproxy/backend/communication/jdbc/connection/BackendConnectionTest$1.class
org/apache/shardingsphere/shardingproxy/backend/text/admin/ShowDatabasesBackendHandlerTest.class
org/apache/shardingsphere/shardingproxy/backend/communication/jdbc/connection/ConnectionStateHandlerTest$1.class
org/apache/shardingsphere/shardingproxy/backend/communication/jdbc/datasource/JDBCBackendDataSourceTest.class
org/apache/shardingsphere/shardingproxy/backend/communication/jdbc/recognizer/impl/H2RecognizerTest.class
org/apache/shardingsphere/shardingproxy/backend/communication/jdbc/recognizer/impl/PostgreSQLRecognizerTest.class
org/apache/shardingsphere/shardingproxy/backend/communication/jdbc/connection/ConnectionStateHandlerTest$3.class
org/apache/shardingsphere/shardingproxy/backend/text/sctl/ShardingCTLErrorCodeTest.class
org/apache/shardingsphere/shardingproxy/backend/communication/jdbc/datasource/MockDataSource.class
org/apache/shardingsphere/shardingproxy/backend/TextProtocolBackendHandlerFactoryTest.class
org/apache/shardingsphere/shardingproxy/backend/executor/ExecutorContextTest.class
org/apache/shardingsphere/shardingproxy/backend/communication/jdbc/recognizer/impl/SQLServerRecognizerTest.class
org/apache/shardingsphere/shardingproxy/backend/MockLogicSchemasUtil.class
org/apache/shardingsphere/shardingproxy/backend/communication/jdbc/recognizer/JDBCDriverURLRecognizerEngineTest.class
org/apache/shardingsphere/shardingproxy/backend/text/admin/UnicastBackendHandlerTest.class
org/apache/shardingsphere/shardingproxy/backend/communication/jdbc/datasource/MockDataSource$1.class
org/apache/shardingsphere/shardingproxy/backend/communication/jdbc/connection/BackendConnectionTest$2.class
org/apache/shardingsphere/shardingproxy/backend/text/transaction/SkipBackendHandlerTest.class
org/apache/shardingsphere/shardingproxy/backend/communication/jdbc/connection/ConnectionStateHandlerTest$2.class
