/Users/huqingfeng/Downloads/apache-shardingsphere-incubating-4.0.0-RC2-src-release/sharding-proxy/sharding-proxy-backend/src/test/java/org/apache/shardingsphere/shardingproxy/backend/text/admin/UnicastBackendHandlerTest.java
/Users/huqingfeng/Downloads/apache-shardingsphere-incubating-4.0.0-RC2-src-release/sharding-proxy/sharding-proxy-backend/src/test/java/org/apache/shardingsphere/shardingproxy/backend/communication/jdbc/connection/ConnectionStateHandlerTest.java
/Users/huqingfeng/Downloads/apache-shardingsphere-incubating-4.0.0-RC2-src-release/sharding-proxy/sharding-proxy-backend/src/test/java/org/apache/shardingsphere/shardingproxy/backend/text/admin/BroadcastBackendHandlerTest.java
/Users/huqingfeng/Downloads/apache-shardingsphere-incubating-4.0.0-RC2-src-release/sharding-proxy/sharding-proxy-backend/src/test/java/org/apache/shardingsphere/shardingproxy/backend/text/admin/ShowDatabasesBackendHandlerTest.java
/Users/huqingfeng/Downloads/apache-shardingsphere-incubating-4.0.0-RC2-src-release/sharding-proxy/sharding-proxy-backend/src/test/java/org/apache/shardingsphere/shardingproxy/backend/communication/jdbc/connection/BackendTransactionManagerTest.java
/Users/huqingfeng/Downloads/apache-shardingsphere-incubating-4.0.0-RC2-src-release/sharding-proxy/sharding-proxy-backend/src/test/java/org/apache/shardingsphere/shardingproxy/backend/text/sctl/ShardingCTLErrorCodeTest.java
/Users/huqingfeng/Downloads/apache-shardingsphere-incubating-4.0.0-RC2-src-release/sharding-proxy/sharding-proxy-backend/src/test/java/org/apache/shardingsphere/shardingproxy/backend/communication/jdbc/recognizer/impl/PostgreSQLRecognizerTest.java
/Users/huqingfeng/Downloads/apache-shardingsphere-incubating-4.0.0-RC2-src-release/sharding-proxy/sharding-proxy-backend/src/test/java/org/apache/shardingsphere/shardingproxy/backend/communication/jdbc/recognizer/impl/SQLServerRecognizerTest.java
/Users/huqingfeng/Downloads/apache-shardingsphere-incubating-4.0.0-RC2-src-release/sharding-proxy/sharding-proxy-backend/src/test/java/org/apache/shardingsphere/shardingproxy/backend/text/sctl/show/ShardingCTLShowBackendHandlerTest.java
/Users/huqingfeng/Downloads/apache-shardingsphere-incubating-4.0.0-RC2-src-release/sharding-proxy/sharding-proxy-backend/src/test/java/org/apache/shardingsphere/shardingproxy/backend/communication/jdbc/connection/MockConnectionUtil.java
/Users/huqingfeng/Downloads/apache-shardingsphere-incubating-4.0.0-RC2-src-release/sharding-proxy/sharding-proxy-backend/src/test/java/org/apache/shardingsphere/shardingproxy/backend/communication/jdbc/datasource/JDBCBackendDataSourceTest.java
/Users/huqingfeng/Downloads/apache-shardingsphere-incubating-4.0.0-RC2-src-release/sharding-proxy/sharding-proxy-backend/src/test/java/org/apache/shardingsphere/shardingproxy/backend/communication/jdbc/recognizer/impl/MySQLRecognizerTest.java
/Users/huqingfeng/Downloads/apache-shardingsphere-incubating-4.0.0-RC2-src-release/sharding-proxy/sharding-proxy-backend/src/test/java/org/apache/shardingsphere/shardingproxy/backend/text/transaction/SkipBackendHandlerTest.java
/Users/huqingfeng/Downloads/apache-shardingsphere-incubating-4.0.0-RC2-src-release/sharding-proxy/sharding-proxy-backend/src/test/java/org/apache/shardingsphere/shardingproxy/backend/TextProtocolBackendHandlerFactoryTest.java
/Users/huqingfeng/Downloads/apache-shardingsphere-incubating-4.0.0-RC2-src-release/sharding-proxy/sharding-proxy-backend/src/test/java/org/apache/shardingsphere/shardingproxy/backend/schema/ProxyTableMetaDataConnectionManagerTest.java
/Users/huqingfeng/Downloads/apache-shardingsphere-incubating-4.0.0-RC2-src-release/sharding-proxy/sharding-proxy-backend/src/test/java/org/apache/shardingsphere/shardingproxy/backend/MockLogicSchemasUtil.java
/Users/huqingfeng/Downloads/apache-shardingsphere-incubating-4.0.0-RC2-src-release/sharding-proxy/sharding-proxy-backend/src/test/java/org/apache/shardingsphere/shardingproxy/backend/communication/jdbc/recognizer/impl/H2RecognizerTest.java
/Users/huqingfeng/Downloads/apache-shardingsphere-incubating-4.0.0-RC2-src-release/sharding-proxy/sharding-proxy-backend/src/test/java/org/apache/shardingsphere/shardingproxy/backend/text/transaction/TransactionBackendHandlerTest.java
/Users/huqingfeng/Downloads/apache-shardingsphere-incubating-4.0.0-RC2-src-release/sharding-proxy/sharding-proxy-backend/src/test/java/org/apache/shardingsphere/shardingproxy/backend/executor/ExecutorContextTest.java
/Users/huqingfeng/Downloads/apache-shardingsphere-incubating-4.0.0-RC2-src-release/sharding-proxy/sharding-proxy-backend/src/test/java/org/apache/shardingsphere/shardingproxy/backend/communication/jdbc/datasource/MockDataSource.java
/Users/huqingfeng/Downloads/apache-shardingsphere-incubating-4.0.0-RC2-src-release/sharding-proxy/sharding-proxy-backend/src/test/java/org/apache/shardingsphere/shardingproxy/backend/text/sctl/set/ShardingCTLSetBackendHandlerTest.java
/Users/huqingfeng/Downloads/apache-shardingsphere-incubating-4.0.0-RC2-src-release/sharding-proxy/sharding-proxy-backend/src/test/java/org/apache/shardingsphere/shardingproxy/backend/communication/jdbc/connection/BackendConnectionTest.java
/Users/huqingfeng/Downloads/apache-shardingsphere-incubating-4.0.0-RC2-src-release/sharding-proxy/sharding-proxy-backend/src/test/java/org/apache/shardingsphere/shardingproxy/backend/communication/jdbc/recognizer/impl/OracleRecognizerTest.java
/Users/huqingfeng/Downloads/apache-shardingsphere-incubating-4.0.0-RC2-src-release/sharding-proxy/sharding-proxy-backend/src/test/java/org/apache/shardingsphere/shardingproxy/backend/communication/jdbc/recognizer/JDBCDriverURLRecognizerEngineTest.java
/Users/huqingfeng/Downloads/apache-shardingsphere-incubating-4.0.0-RC2-src-release/sharding-proxy/sharding-proxy-backend/src/test/java/org/apache/shardingsphere/shardingproxy/backend/text/admin/UseDatabaseBackendHandlerTest.java
