/Users/huqingfeng/Downloads/apache-shardingsphere-incubating-4.0.0-RC2-src-release/sharding-orchestration/sharding-orchestration-reg/sharding-orchestration-reg-api/src/main/java/org/apache/shardingsphere/orchestration/reg/listener/DataChangedEventListener.java
/Users/huqingfeng/Downloads/apache-shardingsphere-incubating-4.0.0-RC2-src-release/sharding-orchestration/sharding-orchestration-reg/sharding-orchestration-reg-api/src/main/java/org/apache/shardingsphere/orchestration/reg/listener/DataChangedEvent.java
/Users/huqingfeng/Downloads/apache-shardingsphere-incubating-4.0.0-RC2-src-release/sharding-orchestration/sharding-orchestration-reg/sharding-orchestration-reg-api/src/main/java/org/apache/shardingsphere/orchestration/reg/api/RegistryCenterConfiguration.java
/Users/huqingfeng/Downloads/apache-shardingsphere-incubating-4.0.0-RC2-src-release/sharding-orchestration/sharding-orchestration-reg/sharding-orchestration-reg-api/src/main/java/org/apache/shardingsphere/orchestration/reg/api/RegistryCenter.java
/Users/huqingfeng/Downloads/apache-shardingsphere-incubating-4.0.0-RC2-src-release/sharding-orchestration/sharding-orchestration-reg/sharding-orchestration-reg-api/src/main/java/org/apache/shardingsphere/orchestration/reg/exception/RegistryCenterException.java
