/Users/huqingfeng/Downloads/apache-shardingsphere-incubating-4.0.0-RC2-src-release/sharding-proxy/sharding-proxy-backend/src/main/java/org/apache/shardingsphere/shardingproxy/backend/response/query/QueryResponse.java
/Users/huqingfeng/Downloads/apache-shardingsphere-incubating-4.0.0-RC2-src-release/sharding-proxy/sharding-proxy-backend/src/main/java/org/apache/shardingsphere/shardingproxy/backend/communication/jdbc/execute/JDBCExecuteEngine.java
/Users/huqingfeng/Downloads/apache-shardingsphere-incubating-4.0.0-RC2-src-release/sharding-proxy/sharding-proxy-backend/src/main/java/org/apache/shardingsphere/shardingproxy/backend/response/query/QueryHeader.java
/Users/huqingfeng/Downloads/apache-shardingsphere-incubating-4.0.0-RC2-src-release/sharding-proxy/sharding-proxy-backend/src/main/java/org/apache/shardingsphere/shardingproxy/backend/text/sctl/show/ShardingCTLShowBackendHandler.java
/Users/huqingfeng/Downloads/apache-shardingsphere-incubating-4.0.0-RC2-src-release/sharding-proxy/sharding-proxy-backend/src/main/java/org/apache/shardingsphere/shardingproxy/backend/communication/jdbc/datasource/JDBCBackendDataSource.java
/Users/huqingfeng/Downloads/apache-shardingsphere-incubating-4.0.0-RC2-src-release/sharding-proxy/sharding-proxy-backend/src/main/java/org/apache/shardingsphere/shardingproxy/backend/communication/jdbc/wrapper/PreparedStatementExecutorWrapper.java
/Users/huqingfeng/Downloads/apache-shardingsphere-incubating-4.0.0-RC2-src-release/sharding-proxy/sharding-proxy-backend/src/main/java/org/apache/shardingsphere/shardingproxy/backend/communication/jdbc/JDBCDatabaseCommunicationEngine.java
/Users/huqingfeng/Downloads/apache-shardingsphere-incubating-4.0.0-RC2-src-release/sharding-proxy/sharding-proxy-backend/src/main/java/org/apache/shardingsphere/shardingproxy/backend/communication/jdbc/connection/ConnectionStatus.java
/Users/huqingfeng/Downloads/apache-shardingsphere-incubating-4.0.0-RC2-src-release/sharding-proxy/sharding-proxy-backend/src/main/java/org/apache/shardingsphere/shardingproxy/backend/text/sctl/ShardingCTLBackendHandlerFactory.java
/Users/huqingfeng/Downloads/apache-shardingsphere-incubating-4.0.0-RC2-src-release/sharding-proxy/sharding-proxy-backend/src/main/java/org/apache/shardingsphere/shardingproxy/backend/communication/jdbc/execute/callback/ProxySQLExecuteCallback.java
/Users/huqingfeng/Downloads/apache-shardingsphere-incubating-4.0.0-RC2-src-release/sharding-proxy/sharding-proxy-backend/src/main/java/org/apache/shardingsphere/shardingproxy/backend/communication/jdbc/execute/response/ExecuteResponse.java
/Users/huqingfeng/Downloads/apache-shardingsphere-incubating-4.0.0-RC2-src-release/sharding-proxy/sharding-proxy-backend/src/main/java/org/apache/shardingsphere/shardingproxy/backend/text/TextProtocolBackendHandler.java
/Users/huqingfeng/Downloads/apache-shardingsphere-incubating-4.0.0-RC2-src-release/sharding-proxy/sharding-proxy-backend/src/main/java/org/apache/shardingsphere/shardingproxy/backend/communication/jdbc/recognizer/impl/PostgreSQLRecognizer.java
/Users/huqingfeng/Downloads/apache-shardingsphere-incubating-4.0.0-RC2-src-release/sharding-proxy/sharding-proxy-backend/src/main/java/org/apache/shardingsphere/shardingproxy/backend/communication/jdbc/execute/response/ExecuteUpdateResponse.java
/Users/huqingfeng/Downloads/apache-shardingsphere-incubating-4.0.0-RC2-src-release/sharding-proxy/sharding-proxy-backend/src/main/java/org/apache/shardingsphere/shardingproxy/backend/communication/jdbc/execute/response/ExecuteQueryResponse.java
/Users/huqingfeng/Downloads/apache-shardingsphere-incubating-4.0.0-RC2-src-release/sharding-proxy/sharding-proxy-backend/src/main/java/org/apache/shardingsphere/shardingproxy/backend/communication/jdbc/recognizer/impl/H2Recognizer.java
/Users/huqingfeng/Downloads/apache-shardingsphere-incubating-4.0.0-RC2-src-release/sharding-proxy/sharding-proxy-backend/src/main/java/org/apache/shardingsphere/shardingproxy/backend/communication/jdbc/connection/ConnectionStateHandler.java
/Users/huqingfeng/Downloads/apache-shardingsphere-incubating-4.0.0-RC2-src-release/sharding-proxy/sharding-proxy-backend/src/main/java/org/apache/shardingsphere/shardingproxy/backend/text/sctl/exception/ShardingCTLException.java
/Users/huqingfeng/Downloads/apache-shardingsphere-incubating-4.0.0-RC2-src-release/sharding-proxy/sharding-proxy-backend/src/main/java/org/apache/shardingsphere/shardingproxy/backend/response/BackendResponse.java
/Users/huqingfeng/Downloads/apache-shardingsphere-incubating-4.0.0-RC2-src-release/sharding-proxy/sharding-proxy-backend/src/main/java/org/apache/shardingsphere/shardingproxy/backend/text/admin/UnicastBackendHandler.java
/Users/huqingfeng/Downloads/apache-shardingsphere-incubating-4.0.0-RC2-src-release/sharding-proxy/sharding-proxy-backend/src/main/java/org/apache/shardingsphere/shardingproxy/backend/text/sctl/ShardingCTLErrorCode.java
/Users/huqingfeng/Downloads/apache-shardingsphere-incubating-4.0.0-RC2-src-release/sharding-proxy/sharding-proxy-backend/src/main/java/org/apache/shardingsphere/shardingproxy/backend/text/sctl/set/ShardingCTLSetBackendHandler.java
/Users/huqingfeng/Downloads/apache-shardingsphere-incubating-4.0.0-RC2-src-release/sharding-proxy/sharding-proxy-backend/src/main/java/org/apache/shardingsphere/shardingproxy/backend/exception/UnknownDatabaseException.java
/Users/huqingfeng/Downloads/apache-shardingsphere-incubating-4.0.0-RC2-src-release/sharding-proxy/sharding-proxy-backend/src/main/java/org/apache/shardingsphere/shardingproxy/backend/communication/jdbc/recognizer/impl/MySQLRecognizer.java
/Users/huqingfeng/Downloads/apache-shardingsphere-incubating-4.0.0-RC2-src-release/sharding-proxy/sharding-proxy-backend/src/main/java/org/apache/shardingsphere/shardingproxy/backend/communication/jdbc/connection/BackendConnection.java
/Users/huqingfeng/Downloads/apache-shardingsphere-incubating-4.0.0-RC2-src-release/sharding-proxy/sharding-proxy-backend/src/main/java/org/apache/shardingsphere/shardingproxy/backend/text/admin/BroadcastBackendHandler.java
/Users/huqingfeng/Downloads/apache-shardingsphere-incubating-4.0.0-RC2-src-release/sharding-proxy/sharding-proxy-backend/src/main/java/org/apache/shardingsphere/shardingproxy/backend/communication/jdbc/datasource/JDBCRawBackendDataSourceFactory.java
/Users/huqingfeng/Downloads/apache-shardingsphere-incubating-4.0.0-RC2-src-release/sharding-proxy/sharding-proxy-backend/src/main/java/org/apache/shardingsphere/shardingproxy/backend/communication/jdbc/connection/TransactionManager.java
/Users/huqingfeng/Downloads/apache-shardingsphere-incubating-4.0.0-RC2-src-release/sharding-proxy/sharding-proxy-backend/src/main/java/org/apache/shardingsphere/shardingproxy/backend/communication/jdbc/recognizer/spi/JDBCDriverURLRecognizer.java
/Users/huqingfeng/Downloads/apache-shardingsphere-incubating-4.0.0-RC2-src-release/sharding-proxy/sharding-proxy-backend/src/main/java/org/apache/shardingsphere/shardingproxy/backend/text/sctl/show/ShardingCTLShowStatement.java
/Users/huqingfeng/Downloads/apache-shardingsphere-incubating-4.0.0-RC2-src-release/sharding-proxy/sharding-proxy-backend/src/main/java/org/apache/shardingsphere/shardingproxy/backend/communication/jdbc/connection/LocalTransactionManager.java
/Users/huqingfeng/Downloads/apache-shardingsphere-incubating-4.0.0-RC2-src-release/sharding-proxy/sharding-proxy-backend/src/main/java/org/apache/shardingsphere/shardingproxy/backend/communication/jdbc/execute/SQLExecuteEngine.java
/Users/huqingfeng/Downloads/apache-shardingsphere-incubating-4.0.0-RC2-src-release/sharding-proxy/sharding-proxy-backend/src/main/java/org/apache/shardingsphere/shardingproxy/backend/text/sctl/set/ShardingCTLSetStatement.java
/Users/huqingfeng/Downloads/apache-shardingsphere-incubating-4.0.0-RC2-src-release/sharding-proxy/sharding-proxy-backend/src/main/java/org/apache/shardingsphere/shardingproxy/backend/schema/LogicSchema.java
/Users/huqingfeng/Downloads/apache-shardingsphere-incubating-4.0.0-RC2-src-release/sharding-proxy/sharding-proxy-backend/src/main/java/org/apache/shardingsphere/shardingproxy/backend/schema/ProxyTableMetaDataConnectionManager.java
/Users/huqingfeng/Downloads/apache-shardingsphere-incubating-4.0.0-RC2-src-release/sharding-proxy/sharding-proxy-backend/src/main/java/org/apache/shardingsphere/shardingproxy/backend/text/TextProtocolBackendHandlerFactory.java
/Users/huqingfeng/Downloads/apache-shardingsphere-incubating-4.0.0-RC2-src-release/sharding-proxy/sharding-proxy-backend/src/main/java/org/apache/shardingsphere/shardingproxy/backend/response/update/UpdateResponse.java
/Users/huqingfeng/Downloads/apache-shardingsphere-incubating-4.0.0-RC2-src-release/sharding-proxy/sharding-proxy-backend/src/main/java/org/apache/shardingsphere/shardingproxy/backend/exception/BackendException.java
/Users/huqingfeng/Downloads/apache-shardingsphere-incubating-4.0.0-RC2-src-release/sharding-proxy/sharding-proxy-backend/src/main/java/org/apache/shardingsphere/shardingproxy/backend/text/sctl/set/ShardingCTLSetParser.java
/Users/huqingfeng/Downloads/apache-shardingsphere-incubating-4.0.0-RC2-src-release/sharding-proxy/sharding-proxy-backend/src/main/java/org/apache/shardingsphere/shardingproxy/backend/communication/jdbc/connection/BackendTransactionManager.java
/Users/huqingfeng/Downloads/apache-shardingsphere-incubating-4.0.0-RC2-src-release/sharding-proxy/sharding-proxy-backend/src/main/java/org/apache/shardingsphere/shardingproxy/backend/communication/jdbc/recognizer/impl/OracleRecognizer.java
/Users/huqingfeng/Downloads/apache-shardingsphere-incubating-4.0.0-RC2-src-release/sharding-proxy/sharding-proxy-backend/src/main/java/org/apache/shardingsphere/shardingproxy/backend/text/sctl/explain/ShardingCTLExplainParser.java
/Users/huqingfeng/Downloads/apache-shardingsphere-incubating-4.0.0-RC2-src-release/sharding-proxy/sharding-proxy-backend/src/main/java/org/apache/shardingsphere/shardingproxy/backend/text/sctl/show/ShardingCTLShowParser.java
/Users/huqingfeng/Downloads/apache-shardingsphere-incubating-4.0.0-RC2-src-release/sharding-proxy/sharding-proxy-backend/src/main/java/org/apache/shardingsphere/shardingproxy/backend/communication/jdbc/execute/callback/ProxyJDBCExecutePrepareCallback.java
/Users/huqingfeng/Downloads/apache-shardingsphere-incubating-4.0.0-RC2-src-release/sharding-proxy/sharding-proxy-backend/src/main/java/org/apache/shardingsphere/shardingproxy/backend/text/transaction/TransactionBackendHandler.java
/Users/huqingfeng/Downloads/apache-shardingsphere-incubating-4.0.0-RC2-src-release/sharding-proxy/sharding-proxy-backend/src/main/java/org/apache/shardingsphere/shardingproxy/backend/schema/TransparentSchema.java
/Users/huqingfeng/Downloads/apache-shardingsphere-incubating-4.0.0-RC2-src-release/sharding-proxy/sharding-proxy-backend/src/main/java/org/apache/shardingsphere/shardingproxy/backend/schema/ShardingSchema.java
/Users/huqingfeng/Downloads/apache-shardingsphere-incubating-4.0.0-RC2-src-release/sharding-proxy/sharding-proxy-backend/src/main/java/org/apache/shardingsphere/shardingproxy/backend/text/sctl/explain/ShardingCTLExplainStatement.java
/Users/huqingfeng/Downloads/apache-shardingsphere-incubating-4.0.0-RC2-src-release/sharding-proxy/sharding-proxy-backend/src/main/java/org/apache/shardingsphere/shardingproxy/backend/text/transaction/SkipBackendHandler.java
/Users/huqingfeng/Downloads/apache-shardingsphere-incubating-4.0.0-RC2-src-release/sharding-proxy/sharding-proxy-backend/src/main/java/org/apache/shardingsphere/shardingproxy/backend/text/sctl/exception/InvalidShardingCTLFormatException.java
/Users/huqingfeng/Downloads/apache-shardingsphere-incubating-4.0.0-RC2-src-release/sharding-proxy/sharding-proxy-backend/src/main/java/org/apache/shardingsphere/shardingproxy/backend/communication/jdbc/recognizer/JDBCDriverURLRecognizerEngine.java
/Users/huqingfeng/Downloads/apache-shardingsphere-incubating-4.0.0-RC2-src-release/sharding-proxy/sharding-proxy-backend/src/main/java/org/apache/shardingsphere/shardingproxy/backend/text/admin/ShowDatabasesBackendHandler.java
/Users/huqingfeng/Downloads/apache-shardingsphere-incubating-4.0.0-RC2-src-release/sharding-proxy/sharding-proxy-backend/src/main/java/org/apache/shardingsphere/shardingproxy/backend/communication/jdbc/datasource/JDBCBackendDataSourceFactory.java
/Users/huqingfeng/Downloads/apache-shardingsphere-incubating-4.0.0-RC2-src-release/sharding-proxy/sharding-proxy-backend/src/main/java/org/apache/shardingsphere/shardingproxy/backend/communication/jdbc/connection/MethodInvocation.java
/Users/huqingfeng/Downloads/apache-shardingsphere-incubating-4.0.0-RC2-src-release/sharding-proxy/sharding-proxy-backend/src/main/java/org/apache/shardingsphere/shardingproxy/backend/schema/LogicSchemas.java
/Users/huqingfeng/Downloads/apache-shardingsphere-incubating-4.0.0-RC2-src-release/sharding-proxy/sharding-proxy-backend/src/main/java/org/apache/shardingsphere/shardingproxy/backend/text/sctl/exception/UnsupportedShardingCTLTypeException.java
/Users/huqingfeng/Downloads/apache-shardingsphere-incubating-4.0.0-RC2-src-release/sharding-proxy/sharding-proxy-backend/src/main/java/org/apache/shardingsphere/shardingproxy/backend/response/error/ErrorResponse.java
/Users/huqingfeng/Downloads/apache-shardingsphere-incubating-4.0.0-RC2-src-release/sharding-proxy/sharding-proxy-backend/src/main/java/org/apache/shardingsphere/shardingproxy/backend/text/sctl/ShardingCTLStatement.java
/Users/huqingfeng/Downloads/apache-shardingsphere-incubating-4.0.0-RC2-src-release/sharding-proxy/sharding-proxy-backend/src/main/java/org/apache/shardingsphere/shardingproxy/backend/communication/jdbc/recognizer/impl/SQLServerRecognizer.java
/Users/huqingfeng/Downloads/apache-shardingsphere-incubating-4.0.0-RC2-src-release/sharding-proxy/sharding-proxy-backend/src/main/java/org/apache/shardingsphere/shardingproxy/backend/executor/BackendExecutorContext.java
/Users/huqingfeng/Downloads/apache-shardingsphere-incubating-4.0.0-RC2-src-release/sharding-proxy/sharding-proxy-backend/src/main/java/org/apache/shardingsphere/shardingproxy/backend/text/admin/UseDatabaseBackendHandler.java
/Users/huqingfeng/Downloads/apache-shardingsphere-incubating-4.0.0-RC2-src-release/sharding-proxy/sharding-proxy-backend/src/main/java/org/apache/shardingsphere/shardingproxy/backend/schema/EncryptSchema.java
/Users/huqingfeng/Downloads/apache-shardingsphere-incubating-4.0.0-RC2-src-release/sharding-proxy/sharding-proxy-backend/src/main/java/org/apache/shardingsphere/shardingproxy/backend/response/query/QueryData.java
/Users/huqingfeng/Downloads/apache-shardingsphere-incubating-4.0.0-RC2-src-release/sharding-proxy/sharding-proxy-backend/src/main/java/org/apache/shardingsphere/shardingproxy/backend/text/sctl/ShardingCTLParser.java
/Users/huqingfeng/Downloads/apache-shardingsphere-incubating-4.0.0-RC2-src-release/sharding-proxy/sharding-proxy-backend/src/main/java/org/apache/shardingsphere/shardingproxy/backend/text/sctl/explain/ShardingCTLExplainBackendHandler.java
/Users/huqingfeng/Downloads/apache-shardingsphere-incubating-4.0.0-RC2-src-release/sharding-proxy/sharding-proxy-backend/src/main/java/org/apache/shardingsphere/shardingproxy/backend/communication/jdbc/wrapper/JDBCExecutorWrapper.java
/Users/huqingfeng/Downloads/apache-shardingsphere-incubating-4.0.0-RC2-src-release/sharding-proxy/sharding-proxy-backend/src/main/java/org/apache/shardingsphere/shardingproxy/backend/exception/TableModifyInTransactionException.java
/Users/huqingfeng/Downloads/apache-shardingsphere-incubating-4.0.0-RC2-src-release/sharding-proxy/sharding-proxy-backend/src/main/java/org/apache/shardingsphere/shardingproxy/backend/text/query/QueryBackendHandler.java
/Users/huqingfeng/Downloads/apache-shardingsphere-incubating-4.0.0-RC2-src-release/sharding-proxy/sharding-proxy-backend/src/main/java/org/apache/shardingsphere/shardingproxy/backend/communication/jdbc/connection/ResourceSynchronizer.java
/Users/huqingfeng/Downloads/apache-shardingsphere-incubating-4.0.0-RC2-src-release/sharding-proxy/sharding-proxy-backend/src/main/java/org/apache/shardingsphere/shardingproxy/backend/communication/jdbc/wrapper/StatementExecutorWrapper.java
/Users/huqingfeng/Downloads/apache-shardingsphere-incubating-4.0.0-RC2-src-release/sharding-proxy/sharding-proxy-backend/src/main/java/org/apache/shardingsphere/shardingproxy/backend/communication/DatabaseCommunicationEngineFactory.java
/Users/huqingfeng/Downloads/apache-shardingsphere-incubating-4.0.0-RC2-src-release/sharding-proxy/sharding-proxy-backend/src/main/java/org/apache/shardingsphere/shardingproxy/backend/BackendDataSource.java
/Users/huqingfeng/Downloads/apache-shardingsphere-incubating-4.0.0-RC2-src-release/sharding-proxy/sharding-proxy-backend/src/main/java/org/apache/shardingsphere/shardingproxy/backend/exception/NoDatabaseSelectedException.java
/Users/huqingfeng/Downloads/apache-shardingsphere-incubating-4.0.0-RC2-src-release/sharding-proxy/sharding-proxy-backend/src/main/java/org/apache/shardingsphere/shardingproxy/backend/communication/DatabaseCommunicationEngine.java
/Users/huqingfeng/Downloads/apache-shardingsphere-incubating-4.0.0-RC2-src-release/sharding-proxy/sharding-proxy-backend/src/main/java/org/apache/shardingsphere/shardingproxy/backend/schema/MasterSlaveSchema.java
