org/apache/shardingsphere/core/route/fixture/HintShardingAlgorithmFixture.class
org/apache/shardingsphere/core/route/type/hint/DatabaseHintRoutingEngineTest.class
org/apache/shardingsphere/core/route/type/standard/SubqueryRouteTest.class
org/apache/shardingsphere/core/route/type/standard/AbstractSQLRouteTest.class
org/apache/shardingsphere/core/route/type/complex/ComplexRoutingEngineTest.class
org/apache/shardingsphere/core/route/DatabaseTest.class
org/apache/shardingsphere/core/route/type/standard/StandardRoutingEngineTest.class
org/apache/shardingsphere/core/route/type/broadcast/TableBroadcastRoutingEngineTest.class
org/apache/shardingsphere/core/route/type/defaultdb/DefaultDatabaseRoutingEngineTest.class
org/apache/shardingsphere/core/route/router/DatabaseHintSQLRouterTest.class
org/apache/shardingsphere/core/route/type/broadcast/DataSourceGroupBroadcastRoutingEngineTest.class
org/apache/shardingsphere/core/route/type/broadcast/DatabaseBroadcastRoutingEngineTest.class
org/apache/shardingsphere/core/route/type/unicast/UnicastRoutingEngineTest.class
org/apache/shardingsphere/core/route/type/ignore/IgnoreRoutingEngineTest.class
org/apache/shardingsphere/core/route/type/standard/SQLRouteTest.class
org/apache/shardingsphere/core/route/SQLLoggerTest.class
