/Users/huqingfeng/Downloads/apache-shardingsphere-incubating-4.0.0-RC2-src-release/sharding-core/sharding-core-route/src/test/java/org/apache/shardingsphere/core/route/type/ignore/IgnoreRoutingEngineTest.java
/Users/huqingfeng/Downloads/apache-shardingsphere-incubating-4.0.0-RC2-src-release/sharding-core/sharding-core-route/src/test/java/org/apache/shardingsphere/core/route/type/standard/StandardRoutingEngineTest.java
/Users/huqingfeng/Downloads/apache-shardingsphere-incubating-4.0.0-RC2-src-release/sharding-core/sharding-core-route/src/test/java/org/apache/shardingsphere/core/route/type/broadcast/DataSourceGroupBroadcastRoutingEngineTest.java
/Users/huqingfeng/Downloads/apache-shardingsphere-incubating-4.0.0-RC2-src-release/sharding-core/sharding-core-route/src/test/java/org/apache/shardingsphere/core/route/type/defaultdb/DefaultDatabaseRoutingEngineTest.java
/Users/huqingfeng/Downloads/apache-shardingsphere-incubating-4.0.0-RC2-src-release/sharding-core/sharding-core-route/src/test/java/org/apache/shardingsphere/core/route/type/unicast/UnicastRoutingEngineTest.java
/Users/huqingfeng/Downloads/apache-shardingsphere-incubating-4.0.0-RC2-src-release/sharding-core/sharding-core-route/src/test/java/org/apache/shardingsphere/core/route/type/complex/ComplexRoutingEngineTest.java
/Users/huqingfeng/Downloads/apache-shardingsphere-incubating-4.0.0-RC2-src-release/sharding-core/sharding-core-route/src/test/java/org/apache/shardingsphere/core/route/type/broadcast/TableBroadcastRoutingEngineTest.java
/Users/huqingfeng/Downloads/apache-shardingsphere-incubating-4.0.0-RC2-src-release/sharding-core/sharding-core-route/src/test/java/org/apache/shardingsphere/core/route/type/standard/SQLRouteTest.java
/Users/huqingfeng/Downloads/apache-shardingsphere-incubating-4.0.0-RC2-src-release/sharding-core/sharding-core-route/src/test/java/org/apache/shardingsphere/core/route/SQLLoggerTest.java
/Users/huqingfeng/Downloads/apache-shardingsphere-incubating-4.0.0-RC2-src-release/sharding-core/sharding-core-route/src/test/java/org/apache/shardingsphere/core/route/type/broadcast/DatabaseBroadcastRoutingEngineTest.java
/Users/huqingfeng/Downloads/apache-shardingsphere-incubating-4.0.0-RC2-src-release/sharding-core/sharding-core-route/src/test/java/org/apache/shardingsphere/core/route/type/hint/DatabaseHintRoutingEngineTest.java
/Users/huqingfeng/Downloads/apache-shardingsphere-incubating-4.0.0-RC2-src-release/sharding-core/sharding-core-route/src/test/java/org/apache/shardingsphere/core/route/router/DatabaseHintSQLRouterTest.java
/Users/huqingfeng/Downloads/apache-shardingsphere-incubating-4.0.0-RC2-src-release/sharding-core/sharding-core-route/src/test/java/org/apache/shardingsphere/core/route/DatabaseTest.java
/Users/huqingfeng/Downloads/apache-shardingsphere-incubating-4.0.0-RC2-src-release/sharding-core/sharding-core-route/src/test/java/org/apache/shardingsphere/core/route/type/standard/SubqueryRouteTest.java
/Users/huqingfeng/Downloads/apache-shardingsphere-incubating-4.0.0-RC2-src-release/sharding-core/sharding-core-route/src/test/java/org/apache/shardingsphere/core/route/type/standard/AbstractSQLRouteTest.java
/Users/huqingfeng/Downloads/apache-shardingsphere-incubating-4.0.0-RC2-src-release/sharding-core/sharding-core-route/src/test/java/org/apache/shardingsphere/core/route/fixture/HintShardingAlgorithmFixture.java
