org/apache/shardingsphere/shardingjdbc/orchestration/spring/algorithm/RangeModuloTableShardingAlgorithm.class
org/apache/shardingsphere/shardingjdbc/orchestration/spring/util/FieldValueUtil.class
org/apache/shardingsphere/shardingjdbc/orchestration/spring/OrchestrationShardingMasterSlaveNamespaceTest.class
org/apache/shardingsphere/shardingjdbc/orchestration/spring/algorithm/PreciseModuloDatabaseShardingAlgorithm.class
org/apache/shardingsphere/shardingjdbc/orchestration/spring/algorithm/RangeModuloDatabaseShardingAlgorithm.class
org/apache/shardingsphere/shardingjdbc/orchestration/spring/algorithm/DefaultHintShardingAlgorithm.class
org/apache/shardingsphere/shardingjdbc/orchestration/spring/fixture/IncrementKeyGenerator.class
org/apache/shardingsphere/shardingjdbc/orchestration/spring/OrchestrationShardingNamespaceTest.class
org/apache/shardingsphere/shardingjdbc/orchestration/spring/algorithm/PreciseModuloTableShardingAlgorithm.class
org/apache/shardingsphere/shardingjdbc/orchestration/spring/util/EmbedTestingServer.class
org/apache/shardingsphere/shardingjdbc/orchestration/spring/registry/TestRegistryCenter.class
org/apache/shardingsphere/shardingjdbc/orchestration/spring/util/EmbedTestingServer$1.class
org/apache/shardingsphere/shardingjdbc/orchestration/spring/fixture/DecrementKeyGenerator.class
org/apache/shardingsphere/shardingjdbc/orchestration/spring/OrchestrationEncryptNamespaceTest.class
org/apache/shardingsphere/shardingjdbc/orchestration/spring/algorithm/DefaultComplexKeysShardingAlgorithm.class
org/apache/shardingsphere/shardingjdbc/orchestration/spring/OrchestrationMasterSlaveNamespaceTest.class
