/Users/huqingfeng/Downloads/apache-shardingsphere-incubating-4.0.0-RC2-src-release/sharding-spring/sharding-jdbc-orchestration-spring/sharding-jdbc-orchestration-spring-namespace/src/test/java/org/apache/shardingsphere/shardingjdbc/orchestration/spring/OrchestrationMasterSlaveNamespaceTest.java
/Users/huqingfeng/Downloads/apache-shardingsphere-incubating-4.0.0-RC2-src-release/sharding-spring/sharding-jdbc-orchestration-spring/sharding-jdbc-orchestration-spring-namespace/src/test/java/org/apache/shardingsphere/shardingjdbc/orchestration/spring/algorithm/DefaultHintShardingAlgorithm.java
/Users/huqingfeng/Downloads/apache-shardingsphere-incubating-4.0.0-RC2-src-release/sharding-spring/sharding-jdbc-orchestration-spring/sharding-jdbc-orchestration-spring-namespace/src/test/java/org/apache/shardingsphere/shardingjdbc/orchestration/spring/util/EmbedTestingServer.java
/Users/huqingfeng/Downloads/apache-shardingsphere-incubating-4.0.0-RC2-src-release/sharding-spring/sharding-jdbc-orchestration-spring/sharding-jdbc-orchestration-spring-namespace/src/test/java/org/apache/shardingsphere/shardingjdbc/orchestration/spring/algorithm/PreciseModuloDatabaseShardingAlgorithm.java
/Users/huqingfeng/Downloads/apache-shardingsphere-incubating-4.0.0-RC2-src-release/sharding-spring/sharding-jdbc-orchestration-spring/sharding-jdbc-orchestration-spring-namespace/src/test/java/org/apache/shardingsphere/shardingjdbc/orchestration/spring/OrchestrationShardingMasterSlaveNamespaceTest.java
/Users/huqingfeng/Downloads/apache-shardingsphere-incubating-4.0.0-RC2-src-release/sharding-spring/sharding-jdbc-orchestration-spring/sharding-jdbc-orchestration-spring-namespace/src/test/java/org/apache/shardingsphere/shardingjdbc/orchestration/spring/fixture/DecrementKeyGenerator.java
/Users/huqingfeng/Downloads/apache-shardingsphere-incubating-4.0.0-RC2-src-release/sharding-spring/sharding-jdbc-orchestration-spring/sharding-jdbc-orchestration-spring-namespace/src/test/java/org/apache/shardingsphere/shardingjdbc/orchestration/spring/algorithm/PreciseModuloTableShardingAlgorithm.java
/Users/huqingfeng/Downloads/apache-shardingsphere-incubating-4.0.0-RC2-src-release/sharding-spring/sharding-jdbc-orchestration-spring/sharding-jdbc-orchestration-spring-namespace/src/test/java/org/apache/shardingsphere/shardingjdbc/orchestration/spring/OrchestrationShardingNamespaceTest.java
/Users/huqingfeng/Downloads/apache-shardingsphere-incubating-4.0.0-RC2-src-release/sharding-spring/sharding-jdbc-orchestration-spring/sharding-jdbc-orchestration-spring-namespace/src/test/java/org/apache/shardingsphere/shardingjdbc/orchestration/spring/util/FieldValueUtil.java
/Users/huqingfeng/Downloads/apache-shardingsphere-incubating-4.0.0-RC2-src-release/sharding-spring/sharding-jdbc-orchestration-spring/sharding-jdbc-orchestration-spring-namespace/src/test/java/org/apache/shardingsphere/shardingjdbc/orchestration/spring/algorithm/DefaultComplexKeysShardingAlgorithm.java
/Users/huqingfeng/Downloads/apache-shardingsphere-incubating-4.0.0-RC2-src-release/sharding-spring/sharding-jdbc-orchestration-spring/sharding-jdbc-orchestration-spring-namespace/src/test/java/org/apache/shardingsphere/shardingjdbc/orchestration/spring/OrchestrationEncryptNamespaceTest.java
/Users/huqingfeng/Downloads/apache-shardingsphere-incubating-4.0.0-RC2-src-release/sharding-spring/sharding-jdbc-orchestration-spring/sharding-jdbc-orchestration-spring-namespace/src/test/java/org/apache/shardingsphere/shardingjdbc/orchestration/spring/algorithm/RangeModuloTableShardingAlgorithm.java
/Users/huqingfeng/Downloads/apache-shardingsphere-incubating-4.0.0-RC2-src-release/sharding-spring/sharding-jdbc-orchestration-spring/sharding-jdbc-orchestration-spring-namespace/src/test/java/org/apache/shardingsphere/shardingjdbc/orchestration/spring/registry/TestRegistryCenter.java
/Users/huqingfeng/Downloads/apache-shardingsphere-incubating-4.0.0-RC2-src-release/sharding-spring/sharding-jdbc-orchestration-spring/sharding-jdbc-orchestration-spring-namespace/src/test/java/org/apache/shardingsphere/shardingjdbc/orchestration/spring/algorithm/RangeModuloDatabaseShardingAlgorithm.java
/Users/huqingfeng/Downloads/apache-shardingsphere-incubating-4.0.0-RC2-src-release/sharding-spring/sharding-jdbc-orchestration-spring/sharding-jdbc-orchestration-spring-namespace/src/test/java/org/apache/shardingsphere/shardingjdbc/orchestration/spring/fixture/IncrementKeyGenerator.java
