/Users/huqingfeng/Downloads/apache-shardingsphere-incubating-4.0.0-RC2-src-release/sharding-spring/sharding-jdbc-spring/sharding-jdbc-spring-boot-starter/src/test/java/org/apache/shardingsphere/shardingjdbc/spring/boot/fixture/TestShardingEncryptor.java
/Users/huqingfeng/Downloads/apache-shardingsphere-incubating-4.0.0-RC2-src-release/sharding-spring/sharding-jdbc-spring/sharding-jdbc-spring-boot-starter/src/test/java/org/apache/shardingsphere/shardingjdbc/spring/boot/type/SpringBootEncryptTest.java
/Users/huqingfeng/Downloads/apache-shardingsphere-incubating-4.0.0-RC2-src-release/sharding-spring/sharding-jdbc-spring/sharding-jdbc-spring-boot-starter/src/test/java/org/apache/shardingsphere/shardingjdbc/spring/boot/type/SpringBootShardingTest.java
/Users/huqingfeng/Downloads/apache-shardingsphere-incubating-4.0.0-RC2-src-release/sharding-spring/sharding-jdbc-spring/sharding-jdbc-spring-boot-starter/src/test/java/org/apache/shardingsphere/shardingjdbc/spring/boot/util/DataSourceUtilTest.java
/Users/huqingfeng/Downloads/apache-shardingsphere-incubating-4.0.0-RC2-src-release/sharding-spring/sharding-jdbc-spring/sharding-jdbc-spring-boot-starter/src/test/java/org/apache/shardingsphere/shardingjdbc/spring/boot/type/SpringBootRawDataSourceTest.java
/Users/huqingfeng/Downloads/apache-shardingsphere-incubating-4.0.0-RC2-src-release/sharding-spring/sharding-jdbc-spring/sharding-jdbc-spring-boot-starter/src/test/java/org/apache/shardingsphere/shardingjdbc/spring/boot/type/SpringBootBroadcastTableTest.java
/Users/huqingfeng/Downloads/apache-shardingsphere-incubating-4.0.0-RC2-src-release/sharding-spring/sharding-jdbc-spring/sharding-jdbc-spring-boot-starter/src/test/java/org/apache/shardingsphere/shardingjdbc/spring/boot/type/SpringBootJndiTest.java
/Users/huqingfeng/Downloads/apache-shardingsphere-incubating-4.0.0-RC2-src-release/sharding-spring/sharding-jdbc-spring/sharding-jdbc-spring-boot-starter/src/test/java/org/apache/shardingsphere/shardingjdbc/spring/boot/fixture/TestJndiInitialContextFactory.java
/Users/huqingfeng/Downloads/apache-shardingsphere-incubating-4.0.0-RC2-src-release/sharding-spring/sharding-jdbc-spring/sharding-jdbc-spring-boot-starter/src/test/java/org/apache/shardingsphere/shardingjdbc/spring/boot/type/SpringBootMasterSlaveTest.java
