org/apache/shardingsphere/core/merge/dql/groupby/GroupByRowComparatorTest.class
org/apache/shardingsphere/core/merge/dql/DQLMergeEngineTest.class
org/apache/shardingsphere/core/merge/dql/common/fixture/TestStreamMergedResult.class
org/apache/shardingsphere/core/merge/dql/pagination/LimitDecoratorMergedResultTest.class
org/apache/shardingsphere/core/merge/dql/common/MemoryMergedResultTest.class
org/apache/shardingsphere/core/merge/dql/common/DecoratorMergedResultTest.class
org/apache/shardingsphere/core/merge/fixture/TestQueryResult.class
org/apache/shardingsphere/core/merge/dal/show/ShowOtherMergedResultTest.class
org/apache/shardingsphere/core/merge/dal/show/ShowDatabasesMergedResultTest.class
org/apache/shardingsphere/core/merge/dql/groupby/GroupByStreamMergedResultTest.class
org/apache/shardingsphere/core/merge/dql/common/fixture/TestDecoratorMergedResult.class
org/apache/shardingsphere/core/merge/dal/show/ShowCreateTableMergedResultTest.class
org/apache/shardingsphere/core/merge/dql/groupby/aggregation/AggregationUnitFactoryTest.class
org/apache/shardingsphere/core/merge/dal/show/ShowTablesMergedResultTest.class
org/apache/shardingsphere/core/merge/dql/orderby/CompareUtilTest.class
org/apache/shardingsphere/core/merge/MergeEngineFactoryTest.class
org/apache/shardingsphere/core/merge/dql/pagination/TopAndRowNumberDecoratorMergedResultTest.class
org/apache/shardingsphere/core/merge/dql/iterator/IteratorStreamMergedResultTest.class
org/apache/shardingsphere/core/merge/dql/groupby/aggregation/ComparableAggregationUnitTest.class
org/apache/shardingsphere/core/merge/dql/common/MemoryQueryResultRowTest.class
org/apache/shardingsphere/core/merge/dql/groupby/aggregation/AverageAggregationUnitTest.class
org/apache/shardingsphere/core/merge/dql/orderby/OrderByStreamMergedResultTest.class
org/apache/shardingsphere/core/merge/dql/common/fixture/TestMemoryMergedResult.class
org/apache/shardingsphere/core/merge/dql/orderby/OrderByValueTest.class
org/apache/shardingsphere/core/merge/dql/common/StreamMergedResultTest.class
org/apache/shardingsphere/core/merge/dql/groupby/GroupByValueTest.class
org/apache/shardingsphere/core/merge/dql/groupby/GroupByMemoryMergedResultTest.class
org/apache/shardingsphere/core/merge/fixture/ComplexKeysShardingAlgorithmFixture.class
org/apache/shardingsphere/core/merge/dal/DALMergeEngineTest.class
org/apache/shardingsphere/core/merge/dql/pagination/RowNumberDecoratorMergedResultTest.class
org/apache/shardingsphere/core/merge/dql/groupby/aggregation/AccumulationAggregationUnitTest.class
