/Users/huqingfeng/Downloads/apache-shardingsphere-incubating-4.0.0-RC2-src-release/sharding-core/sharding-core-merge/src/test/java/org/apache/shardingsphere/core/merge/dql/common/DecoratorMergedResultTest.java
/Users/huqingfeng/Downloads/apache-shardingsphere-incubating-4.0.0-RC2-src-release/sharding-core/sharding-core-merge/src/test/java/org/apache/shardingsphere/core/merge/dql/common/StreamMergedResultTest.java
/Users/huqingfeng/Downloads/apache-shardingsphere-incubating-4.0.0-RC2-src-release/sharding-core/sharding-core-merge/src/test/java/org/apache/shardingsphere/core/merge/dql/DQLMergeEngineTest.java
/Users/huqingfeng/Downloads/apache-shardingsphere-incubating-4.0.0-RC2-src-release/sharding-core/sharding-core-merge/src/test/java/org/apache/shardingsphere/core/merge/dql/common/fixture/TestDecoratorMergedResult.java
/Users/huqingfeng/Downloads/apache-shardingsphere-incubating-4.0.0-RC2-src-release/sharding-core/sharding-core-merge/src/test/java/org/apache/shardingsphere/core/merge/dql/groupby/GroupByMemoryMergedResultTest.java
/Users/huqingfeng/Downloads/apache-shardingsphere-incubating-4.0.0-RC2-src-release/sharding-core/sharding-core-merge/src/test/java/org/apache/shardingsphere/core/merge/dql/orderby/CompareUtilTest.java
/Users/huqingfeng/Downloads/apache-shardingsphere-incubating-4.0.0-RC2-src-release/sharding-core/sharding-core-merge/src/test/java/org/apache/shardingsphere/core/merge/dql/orderby/OrderByValueTest.java
/Users/huqingfeng/Downloads/apache-shardingsphere-incubating-4.0.0-RC2-src-release/sharding-core/sharding-core-merge/src/test/java/org/apache/shardingsphere/core/merge/dal/show/ShowOtherMergedResultTest.java
/Users/huqingfeng/Downloads/apache-shardingsphere-incubating-4.0.0-RC2-src-release/sharding-core/sharding-core-merge/src/test/java/org/apache/shardingsphere/core/merge/fixture/TestQueryResult.java
/Users/huqingfeng/Downloads/apache-shardingsphere-incubating-4.0.0-RC2-src-release/sharding-core/sharding-core-merge/src/test/java/org/apache/shardingsphere/core/merge/dql/groupby/aggregation/AccumulationAggregationUnitTest.java
/Users/huqingfeng/Downloads/apache-shardingsphere-incubating-4.0.0-RC2-src-release/sharding-core/sharding-core-merge/src/test/java/org/apache/shardingsphere/core/merge/dql/pagination/RowNumberDecoratorMergedResultTest.java
/Users/huqingfeng/Downloads/apache-shardingsphere-incubating-4.0.0-RC2-src-release/sharding-core/sharding-core-merge/src/test/java/org/apache/shardingsphere/core/merge/dql/groupby/GroupByRowComparatorTest.java
/Users/huqingfeng/Downloads/apache-shardingsphere-incubating-4.0.0-RC2-src-release/sharding-core/sharding-core-merge/src/test/java/org/apache/shardingsphere/core/merge/dal/show/ShowTablesMergedResultTest.java
/Users/huqingfeng/Downloads/apache-shardingsphere-incubating-4.0.0-RC2-src-release/sharding-core/sharding-core-merge/src/test/java/org/apache/shardingsphere/core/merge/dql/common/fixture/TestStreamMergedResult.java
/Users/huqingfeng/Downloads/apache-shardingsphere-incubating-4.0.0-RC2-src-release/sharding-core/sharding-core-merge/src/test/java/org/apache/shardingsphere/core/merge/dql/pagination/TopAndRowNumberDecoratorMergedResultTest.java
/Users/huqingfeng/Downloads/apache-shardingsphere-incubating-4.0.0-RC2-src-release/sharding-core/sharding-core-merge/src/test/java/org/apache/shardingsphere/core/merge/dql/orderby/OrderByStreamMergedResultTest.java
/Users/huqingfeng/Downloads/apache-shardingsphere-incubating-4.0.0-RC2-src-release/sharding-core/sharding-core-merge/src/test/java/org/apache/shardingsphere/core/merge/dal/show/ShowCreateTableMergedResultTest.java
/Users/huqingfeng/Downloads/apache-shardingsphere-incubating-4.0.0-RC2-src-release/sharding-core/sharding-core-merge/src/test/java/org/apache/shardingsphere/core/merge/dql/groupby/aggregation/AggregationUnitFactoryTest.java
/Users/huqingfeng/Downloads/apache-shardingsphere-incubating-4.0.0-RC2-src-release/sharding-core/sharding-core-merge/src/test/java/org/apache/shardingsphere/core/merge/MergeEngineFactoryTest.java
/Users/huqingfeng/Downloads/apache-shardingsphere-incubating-4.0.0-RC2-src-release/sharding-core/sharding-core-merge/src/test/java/org/apache/shardingsphere/core/merge/dql/common/MemoryQueryResultRowTest.java
/Users/huqingfeng/Downloads/apache-shardingsphere-incubating-4.0.0-RC2-src-release/sharding-core/sharding-core-merge/src/test/java/org/apache/shardingsphere/core/merge/dal/DALMergeEngineTest.java
/Users/huqingfeng/Downloads/apache-shardingsphere-incubating-4.0.0-RC2-src-release/sharding-core/sharding-core-merge/src/test/java/org/apache/shardingsphere/core/merge/dql/common/fixture/TestMemoryMergedResult.java
/Users/huqingfeng/Downloads/apache-shardingsphere-incubating-4.0.0-RC2-src-release/sharding-core/sharding-core-merge/src/test/java/org/apache/shardingsphere/core/merge/dal/show/ShowDatabasesMergedResultTest.java
/Users/huqingfeng/Downloads/apache-shardingsphere-incubating-4.0.0-RC2-src-release/sharding-core/sharding-core-merge/src/test/java/org/apache/shardingsphere/core/merge/dql/groupby/GroupByValueTest.java
/Users/huqingfeng/Downloads/apache-shardingsphere-incubating-4.0.0-RC2-src-release/sharding-core/sharding-core-merge/src/test/java/org/apache/shardingsphere/core/merge/dql/groupby/aggregation/ComparableAggregationUnitTest.java
/Users/huqingfeng/Downloads/apache-shardingsphere-incubating-4.0.0-RC2-src-release/sharding-core/sharding-core-merge/src/test/java/org/apache/shardingsphere/core/merge/dql/pagination/LimitDecoratorMergedResultTest.java
/Users/huqingfeng/Downloads/apache-shardingsphere-incubating-4.0.0-RC2-src-release/sharding-core/sharding-core-merge/src/test/java/org/apache/shardingsphere/core/merge/dql/groupby/aggregation/AverageAggregationUnitTest.java
/Users/huqingfeng/Downloads/apache-shardingsphere-incubating-4.0.0-RC2-src-release/sharding-core/sharding-core-merge/src/test/java/org/apache/shardingsphere/core/merge/dql/groupby/GroupByStreamMergedResultTest.java
/Users/huqingfeng/Downloads/apache-shardingsphere-incubating-4.0.0-RC2-src-release/sharding-core/sharding-core-merge/src/test/java/org/apache/shardingsphere/core/merge/dql/common/MemoryMergedResultTest.java
/Users/huqingfeng/Downloads/apache-shardingsphere-incubating-4.0.0-RC2-src-release/sharding-core/sharding-core-merge/src/test/java/org/apache/shardingsphere/core/merge/dql/iterator/IteratorStreamMergedResultTest.java
/Users/huqingfeng/Downloads/apache-shardingsphere-incubating-4.0.0-RC2-src-release/sharding-core/sharding-core-merge/src/test/java/org/apache/shardingsphere/core/merge/fixture/ComplexKeysShardingAlgorithmFixture.java
