/Users/huqingfeng/Downloads/apache-shardingsphere-incubating-4.0.0-RC2-src-release/sharding-core/sharding-core-merge/src/main/java/org/apache/shardingsphere/core/merge/MergeEngineFactory.java
/Users/huqingfeng/Downloads/apache-shardingsphere-incubating-4.0.0-RC2-src-release/sharding-core/sharding-core-merge/src/main/java/org/apache/shardingsphere/core/merge/dql/common/MemoryMergedResult.java
/Users/huqingfeng/Downloads/apache-shardingsphere-incubating-4.0.0-RC2-src-release/sharding-core/sharding-core-merge/src/main/java/org/apache/shardingsphere/core/merge/dql/common/DecoratorMergedResult.java
/Users/huqingfeng/Downloads/apache-shardingsphere-incubating-4.0.0-RC2-src-release/sharding-core/sharding-core-merge/src/main/java/org/apache/shardingsphere/core/merge/dql/pagination/TopAndRowNumberDecoratorMergedResult.java
/Users/huqingfeng/Downloads/apache-shardingsphere-incubating-4.0.0-RC2-src-release/sharding-core/sharding-core-merge/src/main/java/org/apache/shardingsphere/core/merge/dal/show/LogicTablesMergedResult.java
/Users/huqingfeng/Downloads/apache-shardingsphere-incubating-4.0.0-RC2-src-release/sharding-core/sharding-core-merge/src/main/java/org/apache/shardingsphere/core/merge/dal/show/LocalMergedResultAdapter.java
/Users/huqingfeng/Downloads/apache-shardingsphere-incubating-4.0.0-RC2-src-release/sharding-core/sharding-core-merge/src/main/java/org/apache/shardingsphere/core/merge/dql/groupby/aggregation/AverageAggregationUnit.java
/Users/huqingfeng/Downloads/apache-shardingsphere-incubating-4.0.0-RC2-src-release/sharding-core/sharding-core-merge/src/main/java/org/apache/shardingsphere/core/merge/dql/groupby/GroupByRowComparator.java
/Users/huqingfeng/Downloads/apache-shardingsphere-incubating-4.0.0-RC2-src-release/sharding-core/sharding-core-merge/src/main/java/org/apache/shardingsphere/core/merge/dql/groupby/GroupByValue.java
/Users/huqingfeng/Downloads/apache-shardingsphere-incubating-4.0.0-RC2-src-release/sharding-core/sharding-core-merge/src/main/java/org/apache/shardingsphere/core/merge/dql/orderby/CompareUtil.java
/Users/huqingfeng/Downloads/apache-shardingsphere-incubating-4.0.0-RC2-src-release/sharding-core/sharding-core-merge/src/main/java/org/apache/shardingsphere/core/merge/dql/groupby/aggregation/AggregationUnitFactory.java
/Users/huqingfeng/Downloads/apache-shardingsphere-incubating-4.0.0-RC2-src-release/sharding-core/sharding-core-merge/src/main/java/org/apache/shardingsphere/core/merge/dql/groupby/GroupByMemoryMergedResult.java
/Users/huqingfeng/Downloads/apache-shardingsphere-incubating-4.0.0-RC2-src-release/sharding-core/sharding-core-merge/src/main/java/org/apache/shardingsphere/core/merge/dal/DALMergeEngine.java
/Users/huqingfeng/Downloads/apache-shardingsphere-incubating-4.0.0-RC2-src-release/sharding-core/sharding-core-merge/src/main/java/org/apache/shardingsphere/core/merge/MergedResult.java
/Users/huqingfeng/Downloads/apache-shardingsphere-incubating-4.0.0-RC2-src-release/sharding-core/sharding-core-merge/src/main/java/org/apache/shardingsphere/core/merge/dal/show/ShowTableStatusMergedResult.java
/Users/huqingfeng/Downloads/apache-shardingsphere-incubating-4.0.0-RC2-src-release/sharding-core/sharding-core-merge/src/main/java/org/apache/shardingsphere/core/merge/TransparentMergeEngine.java
/Users/huqingfeng/Downloads/apache-shardingsphere-incubating-4.0.0-RC2-src-release/sharding-core/sharding-core-merge/src/main/java/org/apache/shardingsphere/core/merge/dql/common/MemoryQueryResultRow.java
/Users/huqingfeng/Downloads/apache-shardingsphere-incubating-4.0.0-RC2-src-release/sharding-core/sharding-core-merge/src/main/java/org/apache/shardingsphere/core/merge/dql/iterator/IteratorStreamMergedResult.java
/Users/huqingfeng/Downloads/apache-shardingsphere-incubating-4.0.0-RC2-src-release/sharding-core/sharding-core-merge/src/main/java/org/apache/shardingsphere/core/merge/dal/show/ShowIndexMergedResult.java
/Users/huqingfeng/Downloads/apache-shardingsphere-incubating-4.0.0-RC2-src-release/sharding-core/sharding-core-merge/src/main/java/org/apache/shardingsphere/core/merge/dql/pagination/RowNumberDecoratorMergedResult.java
/Users/huqingfeng/Downloads/apache-shardingsphere-incubating-4.0.0-RC2-src-release/sharding-core/sharding-core-merge/src/main/java/org/apache/shardingsphere/core/merge/dql/pagination/LimitDecoratorMergedResult.java
/Users/huqingfeng/Downloads/apache-shardingsphere-incubating-4.0.0-RC2-src-release/sharding-core/sharding-core-merge/src/main/java/org/apache/shardingsphere/core/merge/dal/show/ShowTablesMergedResult.java
/Users/huqingfeng/Downloads/apache-shardingsphere-incubating-4.0.0-RC2-src-release/sharding-core/sharding-core-merge/src/main/java/org/apache/shardingsphere/core/merge/MergeEngine.java
/Users/huqingfeng/Downloads/apache-shardingsphere-incubating-4.0.0-RC2-src-release/sharding-core/sharding-core-merge/src/main/java/org/apache/shardingsphere/core/merge/dql/groupby/aggregation/AggregationUnit.java
/Users/huqingfeng/Downloads/apache-shardingsphere-incubating-4.0.0-RC2-src-release/sharding-core/sharding-core-merge/src/main/java/org/apache/shardingsphere/core/merge/dal/show/ShowCreateTableMergedResult.java
/Users/huqingfeng/Downloads/apache-shardingsphere-incubating-4.0.0-RC2-src-release/sharding-core/sharding-core-merge/src/main/java/org/apache/shardingsphere/core/merge/dql/common/StreamMergedResult.java
/Users/huqingfeng/Downloads/apache-shardingsphere-incubating-4.0.0-RC2-src-release/sharding-core/sharding-core-merge/src/main/java/org/apache/shardingsphere/core/merge/dql/orderby/OrderByValue.java
/Users/huqingfeng/Downloads/apache-shardingsphere-incubating-4.0.0-RC2-src-release/sharding-core/sharding-core-merge/src/main/java/org/apache/shardingsphere/core/merge/dal/show/ShowDatabasesMergedResult.java
/Users/huqingfeng/Downloads/apache-shardingsphere-incubating-4.0.0-RC2-src-release/sharding-core/sharding-core-merge/src/main/java/org/apache/shardingsphere/core/merge/dal/show/ShowShardingCTLMergedResult.java
/Users/huqingfeng/Downloads/apache-shardingsphere-incubating-4.0.0-RC2-src-release/sharding-core/sharding-core-merge/src/main/java/org/apache/shardingsphere/core/merge/dql/groupby/aggregation/ComparableAggregationUnit.java
/Users/huqingfeng/Downloads/apache-shardingsphere-incubating-4.0.0-RC2-src-release/sharding-core/sharding-core-merge/src/main/java/org/apache/shardingsphere/core/merge/dql/DQLMergeEngine.java
/Users/huqingfeng/Downloads/apache-shardingsphere-incubating-4.0.0-RC2-src-release/sharding-core/sharding-core-merge/src/main/java/org/apache/shardingsphere/core/merge/dql/groupby/aggregation/AccumulationAggregationUnit.java
/Users/huqingfeng/Downloads/apache-shardingsphere-incubating-4.0.0-RC2-src-release/sharding-core/sharding-core-merge/src/main/java/org/apache/shardingsphere/core/merge/dal/show/ShowOtherMergedResult.java
/Users/huqingfeng/Downloads/apache-shardingsphere-incubating-4.0.0-RC2-src-release/sharding-core/sharding-core-merge/src/main/java/org/apache/shardingsphere/core/merge/dql/orderby/OrderByStreamMergedResult.java
/Users/huqingfeng/Downloads/apache-shardingsphere-incubating-4.0.0-RC2-src-release/sharding-core/sharding-core-merge/src/main/java/org/apache/shardingsphere/core/merge/dql/groupby/GroupByStreamMergedResult.java
