org/apache/shardingsphere/orchestration/internal/registry/config/listener/SchemaChangedListenerTest.class
org/apache/shardingsphere/orchestration/internal/registry/fixture/ThirdTestRegistryCenter.class
org/apache/shardingsphere/orchestration/internal/registry/state/schema/OrchestrationShardingSchemaGroupTest.class
org/apache/shardingsphere/orchestration/internal/keygen/LeafSegmentKeyGeneratorTest$1.class
org/apache/shardingsphere/orchestration/util/FieldUtil.class
org/apache/shardingsphere/orchestration/internal/registry/listener/PostShardingOrchestrationEventListenerTest.class
org/apache/shardingsphere/orchestration/internal/registry/config/listener/ConfigurationChangedListenerManagerTest.class
org/apache/shardingsphere/orchestration/internal/registry/config/listener/AuthenticationChangedListenerTest.class
org/apache/shardingsphere/orchestration/internal/eventbus/ShardingOrchestrationEventBusTest.class
org/apache/shardingsphere/orchestration/internal/registry/state/schema/OrchestrationShardingSchemaTest.class
org/apache/shardingsphere/orchestration/internal/registry/listener/PostShardingOrchestrationEventListenerTest$1.class
org/apache/shardingsphere/orchestration/yaml/swapper/DataSourceConfigurationYamlSwapperTest.class
org/apache/shardingsphere/orchestration/internal/keygen/LeafSegmentKeyGeneratorTest$4.class
org/apache/shardingsphere/orchestration/internal/rule/OrchestrationShardingRuleTest.class
org/apache/shardingsphere/orchestration/internal/registry/config/listener/PropertiesChangedListenerTest.class
org/apache/shardingsphere/orchestration/internal/registry/state/listener/InstanceStateChangedListenerTest.class
org/apache/shardingsphere/orchestration/internal/registry/ShardingOrchestrationFacadeTest.class
org/apache/shardingsphere/orchestration/internal/registry/state/service/StateServiceTest.class
org/apache/shardingsphere/orchestration/internal/registry/RegistryCenterLoaderTest.class
org/apache/shardingsphere/orchestration/internal/registry/fixture/FirstTestRegistryCenter.class
org/apache/shardingsphere/orchestration/yaml/swapper/OrchestrationConfigurationYamlSwapperTest.class
org/apache/shardingsphere/orchestration/internal/keygen/LeafSegmentKeyGeneratorTest.class
org/apache/shardingsphere/orchestration/internal/keygen/LeafSegmentKeyGeneratorTest$2.class
org/apache/shardingsphere/orchestration/internal/registry/config/service/ConfigurationServiceTest$1.class
org/apache/shardingsphere/orchestration/internal/registry/listener/ShardingOrchestrationListenerManagerTest.class
org/apache/shardingsphere/orchestration/internal/keygen/LeafSegmentKeyGeneratorTest$3.class
org/apache/shardingsphere/orchestration/internal/registry/state/node/StateNodeTest.class
org/apache/shardingsphere/orchestration/internal/registry/state/listener/DataSourceStateChangedListenerTest.class
org/apache/shardingsphere/orchestration/internal/registry/fixture/SecondTestRegistryCenter.class
org/apache/shardingsphere/orchestration/internal/rule/OrchestrationMasterSlaveRuleTest.class
org/apache/shardingsphere/orchestration/internal/registry/config/service/ConfigurationServiceTest.class
org/apache/shardingsphere/orchestration/internal/registry/state/listener/StateChangedListenerManagerTest.class
org/apache/shardingsphere/orchestration/internal/registry/config/node/ConfigurationNodeTest.class
