/Users/huqingfeng/Downloads/apache-shardingsphere-incubating-4.0.0-RC2-src-release/sharding-orchestration/sharding-orchestration-core/src/test/java/org/apache/shardingsphere/orchestration/internal/registry/state/service/StateServiceTest.java
/Users/huqingfeng/Downloads/apache-shardingsphere-incubating-4.0.0-RC2-src-release/sharding-orchestration/sharding-orchestration-core/src/test/java/org/apache/shardingsphere/orchestration/yaml/swapper/DataSourceConfigurationYamlSwapperTest.java
/Users/huqingfeng/Downloads/apache-shardingsphere-incubating-4.0.0-RC2-src-release/sharding-orchestration/sharding-orchestration-core/src/test/java/org/apache/shardingsphere/orchestration/internal/registry/state/schema/OrchestrationShardingSchemaTest.java
/Users/huqingfeng/Downloads/apache-shardingsphere-incubating-4.0.0-RC2-src-release/sharding-orchestration/sharding-orchestration-core/src/test/java/org/apache/shardingsphere/orchestration/internal/registry/state/schema/OrchestrationShardingSchemaGroupTest.java
/Users/huqingfeng/Downloads/apache-shardingsphere-incubating-4.0.0-RC2-src-release/sharding-orchestration/sharding-orchestration-core/src/test/java/org/apache/shardingsphere/orchestration/internal/eventbus/ShardingOrchestrationEventBusTest.java
/Users/huqingfeng/Downloads/apache-shardingsphere-incubating-4.0.0-RC2-src-release/sharding-orchestration/sharding-orchestration-core/src/test/java/org/apache/shardingsphere/orchestration/internal/registry/config/listener/AuthenticationChangedListenerTest.java
/Users/huqingfeng/Downloads/apache-shardingsphere-incubating-4.0.0-RC2-src-release/sharding-orchestration/sharding-orchestration-core/src/test/java/org/apache/shardingsphere/orchestration/internal/registry/state/listener/InstanceStateChangedListenerTest.java
/Users/huqingfeng/Downloads/apache-shardingsphere-incubating-4.0.0-RC2-src-release/sharding-orchestration/sharding-orchestration-core/src/test/java/org/apache/shardingsphere/orchestration/internal/rule/OrchestrationMasterSlaveRuleTest.java
/Users/huqingfeng/Downloads/apache-shardingsphere-incubating-4.0.0-RC2-src-release/sharding-orchestration/sharding-orchestration-core/src/test/java/org/apache/shardingsphere/orchestration/internal/registry/config/listener/ConfigurationChangedListenerManagerTest.java
/Users/huqingfeng/Downloads/apache-shardingsphere-incubating-4.0.0-RC2-src-release/sharding-orchestration/sharding-orchestration-core/src/test/java/org/apache/shardingsphere/orchestration/internal/registry/state/listener/DataSourceStateChangedListenerTest.java
/Users/huqingfeng/Downloads/apache-shardingsphere-incubating-4.0.0-RC2-src-release/sharding-orchestration/sharding-orchestration-core/src/test/java/org/apache/shardingsphere/orchestration/internal/registry/ShardingOrchestrationFacadeTest.java
/Users/huqingfeng/Downloads/apache-shardingsphere-incubating-4.0.0-RC2-src-release/sharding-orchestration/sharding-orchestration-core/src/test/java/org/apache/shardingsphere/orchestration/internal/registry/listener/PostShardingOrchestrationEventListenerTest.java
/Users/huqingfeng/Downloads/apache-shardingsphere-incubating-4.0.0-RC2-src-release/sharding-orchestration/sharding-orchestration-core/src/test/java/org/apache/shardingsphere/orchestration/internal/registry/config/listener/PropertiesChangedListenerTest.java
/Users/huqingfeng/Downloads/apache-shardingsphere-incubating-4.0.0-RC2-src-release/sharding-orchestration/sharding-orchestration-core/src/test/java/org/apache/shardingsphere/orchestration/internal/rule/OrchestrationShardingRuleTest.java
/Users/huqingfeng/Downloads/apache-shardingsphere-incubating-4.0.0-RC2-src-release/sharding-orchestration/sharding-orchestration-core/src/test/java/org/apache/shardingsphere/orchestration/util/FieldUtil.java
/Users/huqingfeng/Downloads/apache-shardingsphere-incubating-4.0.0-RC2-src-release/sharding-orchestration/sharding-orchestration-core/src/test/java/org/apache/shardingsphere/orchestration/internal/keygen/LeafSegmentKeyGeneratorTest.java
/Users/huqingfeng/Downloads/apache-shardingsphere-incubating-4.0.0-RC2-src-release/sharding-orchestration/sharding-orchestration-core/src/test/java/org/apache/shardingsphere/orchestration/internal/registry/fixture/ThirdTestRegistryCenter.java
/Users/huqingfeng/Downloads/apache-shardingsphere-incubating-4.0.0-RC2-src-release/sharding-orchestration/sharding-orchestration-core/src/test/java/org/apache/shardingsphere/orchestration/internal/registry/state/listener/StateChangedListenerManagerTest.java
/Users/huqingfeng/Downloads/apache-shardingsphere-incubating-4.0.0-RC2-src-release/sharding-orchestration/sharding-orchestration-core/src/test/java/org/apache/shardingsphere/orchestration/internal/registry/config/node/ConfigurationNodeTest.java
/Users/huqingfeng/Downloads/apache-shardingsphere-incubating-4.0.0-RC2-src-release/sharding-orchestration/sharding-orchestration-core/src/test/java/org/apache/shardingsphere/orchestration/internal/registry/listener/ShardingOrchestrationListenerManagerTest.java
/Users/huqingfeng/Downloads/apache-shardingsphere-incubating-4.0.0-RC2-src-release/sharding-orchestration/sharding-orchestration-core/src/test/java/org/apache/shardingsphere/orchestration/internal/registry/config/service/ConfigurationServiceTest.java
/Users/huqingfeng/Downloads/apache-shardingsphere-incubating-4.0.0-RC2-src-release/sharding-orchestration/sharding-orchestration-core/src/test/java/org/apache/shardingsphere/orchestration/internal/registry/fixture/FirstTestRegistryCenter.java
/Users/huqingfeng/Downloads/apache-shardingsphere-incubating-4.0.0-RC2-src-release/sharding-orchestration/sharding-orchestration-core/src/test/java/org/apache/shardingsphere/orchestration/internal/registry/RegistryCenterLoaderTest.java
/Users/huqingfeng/Downloads/apache-shardingsphere-incubating-4.0.0-RC2-src-release/sharding-orchestration/sharding-orchestration-core/src/test/java/org/apache/shardingsphere/orchestration/internal/registry/config/listener/SchemaChangedListenerTest.java
/Users/huqingfeng/Downloads/apache-shardingsphere-incubating-4.0.0-RC2-src-release/sharding-orchestration/sharding-orchestration-core/src/test/java/org/apache/shardingsphere/orchestration/internal/registry/state/node/StateNodeTest.java
/Users/huqingfeng/Downloads/apache-shardingsphere-incubating-4.0.0-RC2-src-release/sharding-orchestration/sharding-orchestration-core/src/test/java/org/apache/shardingsphere/orchestration/yaml/swapper/OrchestrationConfigurationYamlSwapperTest.java
/Users/huqingfeng/Downloads/apache-shardingsphere-incubating-4.0.0-RC2-src-release/sharding-orchestration/sharding-orchestration-core/src/test/java/org/apache/shardingsphere/orchestration/internal/registry/fixture/SecondTestRegistryCenter.java
