/Users/huqingfeng/Downloads/apache-shardingsphere-incubating-4.0.0-RC2-src-release/sharding-core/sharding-core-rewrite/src/test/java/org/apache/shardingsphere/core/rewrite/token/SQLTokenGenerateEngineTest.java
/Users/huqingfeng/Downloads/apache-shardingsphere-incubating-4.0.0-RC2-src-release/sharding-core/sharding-core-rewrite/src/test/java/org/apache/shardingsphere/core/rewrite/fixture/TestShardingEncryptor.java
/Users/huqingfeng/Downloads/apache-shardingsphere-incubating-4.0.0-RC2-src-release/sharding-core/sharding-core-rewrite/src/test/java/org/apache/shardingsphere/core/rewrite/builder/BaseParameterBuilderTest.java
/Users/huqingfeng/Downloads/apache-shardingsphere-incubating-4.0.0-RC2-src-release/sharding-core/sharding-core-rewrite/src/test/java/org/apache/shardingsphere/core/rewrite/rewriter/EncryptSQLRewriteEngineTest.java
/Users/huqingfeng/Downloads/apache-shardingsphere-incubating-4.0.0-RC2-src-release/sharding-core/sharding-core-rewrite/src/test/java/org/apache/shardingsphere/core/rewrite/rewriter/ShardingSQLRewriteEngineTest.java
/Users/huqingfeng/Downloads/apache-shardingsphere-incubating-4.0.0-RC2-src-release/sharding-core/sharding-core-rewrite/src/test/java/org/apache/shardingsphere/core/rewrite/builder/InsertParameterBuilderTest.java
/Users/huqingfeng/Downloads/apache-shardingsphere-incubating-4.0.0-RC2-src-release/sharding-core/sharding-core-rewrite/src/test/java/org/apache/shardingsphere/core/rewrite/fixture/TestQueryAssistedShardingEncryptor.java
/Users/huqingfeng/Downloads/apache-shardingsphere-incubating-4.0.0-RC2-src-release/sharding-core/sharding-core-rewrite/src/test/java/org/apache/shardingsphere/core/rewrite/builder/SQLBuilderTest.java
/Users/huqingfeng/Downloads/apache-shardingsphere-incubating-4.0.0-RC2-src-release/sharding-core/sharding-core-rewrite/src/test/java/org/apache/shardingsphere/core/rewrite/token/WhereEncryptColumnTokenTest.java
/Users/huqingfeng/Downloads/apache-shardingsphere-incubating-4.0.0-RC2-src-release/sharding-core/sharding-core-rewrite/src/test/java/org/apache/shardingsphere/core/rewrite/token/pojo/UpdateEncryptLiteralColumnTokenTest.java
/Users/huqingfeng/Downloads/apache-shardingsphere-incubating-4.0.0-RC2-src-release/sharding-core/sharding-core-rewrite/src/test/java/org/apache/shardingsphere/core/rewrite/token/pojo/UpdateEncryptParameterColumnTokenTest.java
