org/apache/shardingsphere/shardingjdbc/jdbc/unsupported/UnsupportedOperationConnectionTest.class
org/apache/shardingsphere/shardingjdbc/jdbc/util/JDBCTestSQL.class
org/apache/shardingsphere/shardingjdbc/fixture/RangeOrderShardingAlgorithm.class
org/apache/shardingsphere/shardingjdbc/fixture/TestDataSource.class
org/apache/shardingsphere/shardingjdbc/jdbc/unsupported/UnsupportedOperationDataSourceTest.class
org/apache/shardingsphere/shardingjdbc/common/base/AbstractShardingJDBCDatabaseAndTableTest$1.class
org/apache/shardingsphere/shardingjdbc/executor/SQLExecuteCallbackFactoryTest.class
org/apache/shardingsphere/shardingjdbc/jdbc/core/resultset/GeneratedKeysResultSetTest.class
org/apache/shardingsphere/shardingjdbc/jdbc/adapter/StatementAdapterTest.class
org/apache/shardingsphere/shardingjdbc/jdbc/core/statement/EncryptPreparedStatementTest.class
org/apache/shardingsphere/shardingjdbc/jdbc/adapter/ResultSetAdapterTest.class
org/apache/shardingsphere/shardingjdbc/jdbc/core/datasource/ShardingDataSourceTest.class
org/apache/shardingsphere/shardingjdbc/executor/AbstractBaseExecutorTest.class
org/apache/shardingsphere/shardingjdbc/jdbc/adapter/PreparedStatementAdapterTest.class
org/apache/shardingsphere/shardingjdbc/jdbc/adapter/invocation/SetParameterMethodInvocationTest.class
org/apache/shardingsphere/shardingjdbc/jdbc/unsupported/UnsupportedGeneratedKeysResultSetTest.class
org/apache/shardingsphere/shardingjdbc/jdbc/adapter/ResultSetGetterAdapterTest.class
org/apache/shardingsphere/shardingjdbc/common/env/DatabaseEnvironment.class
org/apache/shardingsphere/shardingjdbc/jdbc/unsupported/UnsupportedOperationPreparedStatementTest.class
org/apache/shardingsphere/shardingjdbc/jdbc/core/resultset/ResultSetUtilTest.class
org/apache/shardingsphere/shardingjdbc/jdbc/core/statement/EncryptStatementTest.class
org/apache/shardingsphere/shardingjdbc/jdbc/unsupported/UnsupportedOperationStatementTest.class
org/apache/shardingsphere/shardingjdbc/jdbc/adapter/PreparedStatementAdapterTest$SerializableStringReader.class
org/apache/shardingsphere/shardingjdbc/jdbc/unsupported/UnsupportedOperationResultSetTest.class
org/apache/shardingsphere/shardingjdbc/executor/PreparedStatementExecutorTest.class
org/apache/shardingsphere/shardingjdbc/fixture/PreciseOrderShardingAlgorithm.class
org/apache/shardingsphere/shardingjdbc/executor/StatementExecutorTest.class
org/apache/shardingsphere/shardingjdbc/jdbc/adapter/invocation/JdbcMethodInvocationTest.class
org/apache/shardingsphere/shardingjdbc/common/base/AbstractShardingJDBCDatabaseAndTableTest.class
org/apache/shardingsphere/shardingjdbc/fixture/TestShardingEncryptor.class
org/apache/shardingsphere/shardingjdbc/api/ShardingDataSourceFactoryTest.class
org/apache/shardingsphere/shardingjdbc/jdbc/adapter/DataSourceAdapterTest.class
org/apache/shardingsphere/shardingjdbc/jdbc/core/statement/ShardingPreparedStatementTest.class
org/apache/shardingsphere/shardingjdbc/jdbc/core/fixture/XAShardingTransactionManagerFixture.class
org/apache/shardingsphere/shardingjdbc/jdbc/unsupported/UnsupportedUpdateOperationResultSetTest.class
org/apache/shardingsphere/shardingjdbc/jdbc/core/fixture/AbstractShardingTransactionManagerFixture.class
org/apache/shardingsphere/shardingjdbc/executor/BatchPreparedStatementExecutorTest.class
org/apache/shardingsphere/shardingjdbc/jdbc/core/datasource/MasterSlaveDataSourceTest.class
org/apache/shardingsphere/shardingjdbc/jdbc/JDBCTestSQL.class
org/apache/shardingsphere/shardingjdbc/jdbc/adapter/ConnectionAdapterTest.class
org/apache/shardingsphere/shardingjdbc/fixture/IncrementShardingKeyGenerator.class
org/apache/shardingsphere/shardingjdbc/common/base/AbstractEncryptJDBCDatabaseAndTableTest$1.class
org/apache/shardingsphere/shardingjdbc/fixture/TestQueryAssistedShardingEncryptor.class
org/apache/shardingsphere/shardingjdbc/jdbc/core/datasource/metadata/CachedDatabaseMetaDataTest.class
org/apache/shardingsphere/shardingjdbc/common/base/AbstractSQLTest.class
org/apache/shardingsphere/shardingjdbc/jdbc/core/connection/ShardingConnectionTest.class
org/apache/shardingsphere/shardingjdbc/jdbc/core/fixture/BASEShardingTransactionManagerFixture.class
org/apache/shardingsphere/shardingjdbc/jdbc/core/statement/ShardingStatementTest.class
org/apache/shardingsphere/shardingjdbc/common/base/AbstractEncryptJDBCDatabaseAndTableTest.class
org/apache/shardingsphere/shardingjdbc/jdbc/core/resultset/ShardingResultSetTest.class
org/apache/shardingsphere/shardingjdbc/jdbc/core/resultset/DatabaseMetaDataResultSetTest.class
org/apache/shardingsphere/shardingjdbc/jdbc/core/resultset/GeneratedKeysResultSetMetaDataTest.class
org/apache/shardingsphere/shardingjdbc/api/MasterSlaveDataSourceFactoryTest.class
org/apache/shardingsphere/shardingjdbc/jdbc/unsupported/UnSupportedDatabaseMetaDataResultSetTest.class
