org/apache/shardingsphere/shardingproxy/transport/mysql/packet/command/query/binary/execute/protocol/MySQLMySQLBinaryProtocolValueFactoryTest.class
org/apache/shardingsphere/shardingproxy/transport/mysql/packet/command/query/binary/execute/protocol/MySQLStringLenencBinaryProtocolValueTest.class
org/apache/shardingsphere/shardingproxy/transport/mysql/constant/MySQLServerErrorCodeTest.class
org/apache/shardingsphere/shardingproxy/transport/mysql/packet/command/query/MySQLFieldCountPacketTest.class
org/apache/shardingsphere/shardingproxy/transport/mysql/packet/generic/MySQLEofPacketTest.class
org/apache/shardingsphere/shardingproxy/transport/mysql/packet/command/query/binary/execute/MySQLComStmtExecutePacketTest.class
org/apache/shardingsphere/shardingproxy/transport/mysql/constant/MySQLColumnTypeTest.class
org/apache/shardingsphere/shardingproxy/transport/mysql/constant/MySQLNewParametersBoundFlagTest.class
org/apache/shardingsphere/shardingproxy/transport/mysql/packet/command/query/binary/execute/protocol/MySQLDoubleBinaryProtocolValueTest.class
org/apache/shardingsphere/shardingproxy/transport/mysql/packet/command/MySQLMySQLCommandPacketFactoryTest.class
org/apache/shardingsphere/shardingproxy/transport/mysql/packet/command/query/binary/prepare/MySQLComStmtPrepareMySQLOKPacketTest.class
org/apache/shardingsphere/shardingproxy/transport/mysql/packet/command/query/binary/fixture/BinaryStatementRegistryUtil.class
org/apache/shardingsphere/shardingproxy/transport/mysql/packet/command/query/binary/MySQLBinaryStatementRegistryTest.class
org/apache/shardingsphere/shardingproxy/transport/mysql/packet/command/query/binary/execute/protocol/MySQLInt8BinaryProtocolValueTest.class
org/apache/shardingsphere/shardingproxy/transport/mysql/codec/MySQLPacketCodecEngineTest.class
org/apache/shardingsphere/shardingproxy/transport/mysql/packet/handshake/MySQLHandshakePacketTest.class
org/apache/shardingsphere/shardingproxy/transport/mysql/packet/command/query/binary/execute/protocol/MySQLFloatBinaryProtocolValueTest.class
org/apache/shardingsphere/shardingproxy/transport/mysql/packet/command/query/text/query/MySQLComQueryPacketTest.class
org/apache/shardingsphere/shardingproxy/transport/mysql/packet/command/admin/MySQLUnsupportedCommandPacketTest.class
org/apache/shardingsphere/shardingproxy/transport/mysql/packet/command/query/binary/execute/protocol/MySQLDateBinaryProtocolValueTest.class
org/apache/shardingsphere/shardingproxy/transport/mysql/packet/handshake/MySQLAuthPluginDataTest.class
org/apache/shardingsphere/shardingproxy/transport/mysql/packet/command/query/binary/execute/protocol/MySQLInt1BinaryProtocolValueTest.class
org/apache/shardingsphere/shardingproxy/transport/mysql/packet/command/query/text/fieldlist/MySQLComFieldListPacketTest.class
org/apache/shardingsphere/shardingproxy/transport/mysql/packet/command/admin/quit/MySQLComQuitPacketTest.class
org/apache/shardingsphere/shardingproxy/transport/mysql/packet/command/query/MySQLColumnDefinition41PacketTest.class
org/apache/shardingsphere/shardingproxy/transport/mysql/packet/command/query/binary/close/MySQLComStmtClosePacketTest.class
org/apache/shardingsphere/shardingproxy/transport/mysql/constant/MySQLCapabilityFlagTest.class
org/apache/shardingsphere/shardingproxy/transport/mysql/packet/command/query/binary/execute/MySQLNullBitmapTest.class
org/apache/shardingsphere/shardingproxy/transport/mysql/packet/handshake/MySQLRandomGeneratorTest.class
org/apache/shardingsphere/shardingproxy/transport/mysql/packet/command/query/binary/reset/MySQLComStmtResetPacketTest.class
org/apache/shardingsphere/shardingproxy/transport/mysql/packet/command/MySQLCommandPacketTypeLoaderTest.class
org/apache/shardingsphere/shardingproxy/transport/mysql/packet/handshake/MySQLAuthenticationHandlerTest.class
org/apache/shardingsphere/shardingproxy/transport/mysql/packet/generic/MySQLErrPacketTest.class
org/apache/shardingsphere/shardingproxy/transport/mysql/packet/command/query/binary/execute/MySQLBinaryResultSetRowPacketTest.class
org/apache/shardingsphere/shardingproxy/transport/mysql/packet/command/query/binary/execute/protocol/MySQLTimeBinaryProtocolValueTest.class
org/apache/shardingsphere/shardingproxy/transport/mysql/packet/command/MySQLMySQLCommandPacketTypeTest.class
org/apache/shardingsphere/shardingproxy/transport/mysql/payload/MySQLPacketPayloadTest.class
org/apache/shardingsphere/shardingproxy/transport/mysql/packet/command/query/binary/prepare/MySQLComStmtPreparePacketTest.class
org/apache/shardingsphere/shardingproxy/transport/mysql/packet/handshake/MySQLHandshakeResponse41PacketTest.class
org/apache/shardingsphere/shardingproxy/transport/mysql/packet/command/query/binary/execute/protocol/MySQLInt4BinaryProtocolValueTest.class
org/apache/shardingsphere/shardingproxy/transport/mysql/packet/command/query/binary/execute/protocol/MySQLInt2BinaryProtocolValueTest.class
org/apache/shardingsphere/shardingproxy/transport/mysql/constant/MySQLStatusFlagTest.class
org/apache/shardingsphere/shardingproxy/transport/mysql/packet/command/admin/ping/MySQLComPingPacketTest.class
org/apache/shardingsphere/shardingproxy/transport/mysql/packet/generic/MySQLOKPacketTest.class
org/apache/shardingsphere/shardingproxy/transport/mysql/packet/command/admin/initdb/MySQLComInitDbPacketTest.class
org/apache/shardingsphere/shardingproxy/transport/mysql/packet/command/query/text/MySQLTextResultSetRowPacketTest.class
