/Users/huqingfeng/Downloads/apache-shardingsphere-incubating-4.0.0-RC2-src-release/sharding-proxy/sharding-proxy-transport/sharding-proxy-transport-mysql/src/test/java/org/apache/shardingsphere/shardingproxy/transport/mysql/packet/command/query/binary/execute/MySQLComStmtExecutePacketTest.java
/Users/huqingfeng/Downloads/apache-shardingsphere-incubating-4.0.0-RC2-src-release/sharding-proxy/sharding-proxy-transport/sharding-proxy-transport-mysql/src/test/java/org/apache/shardingsphere/shardingproxy/transport/mysql/packet/command/query/text/MySQLTextResultSetRowPacketTest.java
/Users/huqingfeng/Downloads/apache-shardingsphere-incubating-4.0.0-RC2-src-release/sharding-proxy/sharding-proxy-transport/sharding-proxy-transport-mysql/src/test/java/org/apache/shardingsphere/shardingproxy/transport/mysql/packet/command/MySQLCommandPacketTypeLoaderTest.java
/Users/huqingfeng/Downloads/apache-shardingsphere-incubating-4.0.0-RC2-src-release/sharding-proxy/sharding-proxy-transport/sharding-proxy-transport-mysql/src/test/java/org/apache/shardingsphere/shardingproxy/transport/mysql/packet/command/query/binary/execute/protocol/MySQLInt1BinaryProtocolValueTest.java
/Users/huqingfeng/Downloads/apache-shardingsphere-incubating-4.0.0-RC2-src-release/sharding-proxy/sharding-proxy-transport/sharding-proxy-transport-mysql/src/test/java/org/apache/shardingsphere/shardingproxy/transport/mysql/packet/command/query/binary/close/MySQLComStmtClosePacketTest.java
/Users/huqingfeng/Downloads/apache-shardingsphere-incubating-4.0.0-RC2-src-release/sharding-proxy/sharding-proxy-transport/sharding-proxy-transport-mysql/src/test/java/org/apache/shardingsphere/shardingproxy/transport/mysql/packet/command/query/binary/MySQLBinaryStatementRegistryTest.java
/Users/huqingfeng/Downloads/apache-shardingsphere-incubating-4.0.0-RC2-src-release/sharding-proxy/sharding-proxy-transport/sharding-proxy-transport-mysql/src/test/java/org/apache/shardingsphere/shardingproxy/transport/mysql/payload/MySQLPacketPayloadTest.java
/Users/huqingfeng/Downloads/apache-shardingsphere-incubating-4.0.0-RC2-src-release/sharding-proxy/sharding-proxy-transport/sharding-proxy-transport-mysql/src/test/java/org/apache/shardingsphere/shardingproxy/transport/mysql/packet/command/query/text/query/MySQLComQueryPacketTest.java
/Users/huqingfeng/Downloads/apache-shardingsphere-incubating-4.0.0-RC2-src-release/sharding-proxy/sharding-proxy-transport/sharding-proxy-transport-mysql/src/test/java/org/apache/shardingsphere/shardingproxy/transport/mysql/packet/command/query/MySQLFieldCountPacketTest.java
/Users/huqingfeng/Downloads/apache-shardingsphere-incubating-4.0.0-RC2-src-release/sharding-proxy/sharding-proxy-transport/sharding-proxy-transport-mysql/src/test/java/org/apache/shardingsphere/shardingproxy/transport/mysql/packet/command/query/binary/fixture/BinaryStatementRegistryUtil.java
/Users/huqingfeng/Downloads/apache-shardingsphere-incubating-4.0.0-RC2-src-release/sharding-proxy/sharding-proxy-transport/sharding-proxy-transport-mysql/src/test/java/org/apache/shardingsphere/shardingproxy/transport/mysql/constant/MySQLStatusFlagTest.java
/Users/huqingfeng/Downloads/apache-shardingsphere-incubating-4.0.0-RC2-src-release/sharding-proxy/sharding-proxy-transport/sharding-proxy-transport-mysql/src/test/java/org/apache/shardingsphere/shardingproxy/transport/mysql/packet/command/admin/ping/MySQLComPingPacketTest.java
/Users/huqingfeng/Downloads/apache-shardingsphere-incubating-4.0.0-RC2-src-release/sharding-proxy/sharding-proxy-transport/sharding-proxy-transport-mysql/src/test/java/org/apache/shardingsphere/shardingproxy/transport/mysql/packet/command/admin/quit/MySQLComQuitPacketTest.java
/Users/huqingfeng/Downloads/apache-shardingsphere-incubating-4.0.0-RC2-src-release/sharding-proxy/sharding-proxy-transport/sharding-proxy-transport-mysql/src/test/java/org/apache/shardingsphere/shardingproxy/transport/mysql/packet/command/query/binary/reset/MySQLComStmtResetPacketTest.java
/Users/huqingfeng/Downloads/apache-shardingsphere-incubating-4.0.0-RC2-src-release/sharding-proxy/sharding-proxy-transport/sharding-proxy-transport-mysql/src/test/java/org/apache/shardingsphere/shardingproxy/transport/mysql/packet/command/query/binary/execute/protocol/MySQLInt2BinaryProtocolValueTest.java
/Users/huqingfeng/Downloads/apache-shardingsphere-incubating-4.0.0-RC2-src-release/sharding-proxy/sharding-proxy-transport/sharding-proxy-transport-mysql/src/test/java/org/apache/shardingsphere/shardingproxy/transport/mysql/packet/command/query/binary/execute/protocol/MySQLMySQLBinaryProtocolValueFactoryTest.java
/Users/huqingfeng/Downloads/apache-shardingsphere-incubating-4.0.0-RC2-src-release/sharding-proxy/sharding-proxy-transport/sharding-proxy-transport-mysql/src/test/java/org/apache/shardingsphere/shardingproxy/transport/mysql/packet/command/MySQLMySQLCommandPacketTypeTest.java
/Users/huqingfeng/Downloads/apache-shardingsphere-incubating-4.0.0-RC2-src-release/sharding-proxy/sharding-proxy-transport/sharding-proxy-transport-mysql/src/test/java/org/apache/shardingsphere/shardingproxy/transport/mysql/packet/command/query/MySQLColumnDefinition41PacketTest.java
/Users/huqingfeng/Downloads/apache-shardingsphere-incubating-4.0.0-RC2-src-release/sharding-proxy/sharding-proxy-transport/sharding-proxy-transport-mysql/src/test/java/org/apache/shardingsphere/shardingproxy/transport/mysql/packet/command/query/binary/execute/protocol/MySQLStringLenencBinaryProtocolValueTest.java
/Users/huqingfeng/Downloads/apache-shardingsphere-incubating-4.0.0-RC2-src-release/sharding-proxy/sharding-proxy-transport/sharding-proxy-transport-mysql/src/test/java/org/apache/shardingsphere/shardingproxy/transport/mysql/packet/command/admin/initdb/MySQLComInitDbPacketTest.java
/Users/huqingfeng/Downloads/apache-shardingsphere-incubating-4.0.0-RC2-src-release/sharding-proxy/sharding-proxy-transport/sharding-proxy-transport-mysql/src/test/java/org/apache/shardingsphere/shardingproxy/transport/mysql/packet/command/MySQLMySQLCommandPacketFactoryTest.java
/Users/huqingfeng/Downloads/apache-shardingsphere-incubating-4.0.0-RC2-src-release/sharding-proxy/sharding-proxy-transport/sharding-proxy-transport-mysql/src/test/java/org/apache/shardingsphere/shardingproxy/transport/mysql/packet/command/query/binary/execute/MySQLNullBitmapTest.java
/Users/huqingfeng/Downloads/apache-shardingsphere-incubating-4.0.0-RC2-src-release/sharding-proxy/sharding-proxy-transport/sharding-proxy-transport-mysql/src/test/java/org/apache/shardingsphere/shardingproxy/transport/mysql/packet/generic/MySQLOKPacketTest.java
/Users/huqingfeng/Downloads/apache-shardingsphere-incubating-4.0.0-RC2-src-release/sharding-proxy/sharding-proxy-transport/sharding-proxy-transport-mysql/src/test/java/org/apache/shardingsphere/shardingproxy/transport/mysql/constant/MySQLCapabilityFlagTest.java
/Users/huqingfeng/Downloads/apache-shardingsphere-incubating-4.0.0-RC2-src-release/sharding-proxy/sharding-proxy-transport/sharding-proxy-transport-mysql/src/test/java/org/apache/shardingsphere/shardingproxy/transport/mysql/constant/MySQLServerErrorCodeTest.java
/Users/huqingfeng/Downloads/apache-shardingsphere-incubating-4.0.0-RC2-src-release/sharding-proxy/sharding-proxy-transport/sharding-proxy-transport-mysql/src/test/java/org/apache/shardingsphere/shardingproxy/transport/mysql/packet/command/query/binary/execute/protocol/MySQLTimeBinaryProtocolValueTest.java
/Users/huqingfeng/Downloads/apache-shardingsphere-incubating-4.0.0-RC2-src-release/sharding-proxy/sharding-proxy-transport/sharding-proxy-transport-mysql/src/test/java/org/apache/shardingsphere/shardingproxy/transport/mysql/constant/MySQLColumnTypeTest.java
/Users/huqingfeng/Downloads/apache-shardingsphere-incubating-4.0.0-RC2-src-release/sharding-proxy/sharding-proxy-transport/sharding-proxy-transport-mysql/src/test/java/org/apache/shardingsphere/shardingproxy/transport/mysql/constant/MySQLNewParametersBoundFlagTest.java
/Users/huqingfeng/Downloads/apache-shardingsphere-incubating-4.0.0-RC2-src-release/sharding-proxy/sharding-proxy-transport/sharding-proxy-transport-mysql/src/test/java/org/apache/shardingsphere/shardingproxy/transport/mysql/packet/command/query/binary/prepare/MySQLComStmtPrepareMySQLOKPacketTest.java
/Users/huqingfeng/Downloads/apache-shardingsphere-incubating-4.0.0-RC2-src-release/sharding-proxy/sharding-proxy-transport/sharding-proxy-transport-mysql/src/test/java/org/apache/shardingsphere/shardingproxy/transport/mysql/packet/command/admin/MySQLUnsupportedCommandPacketTest.java
/Users/huqingfeng/Downloads/apache-shardingsphere-incubating-4.0.0-RC2-src-release/sharding-proxy/sharding-proxy-transport/sharding-proxy-transport-mysql/src/test/java/org/apache/shardingsphere/shardingproxy/transport/mysql/packet/command/query/binary/execute/MySQLBinaryResultSetRowPacketTest.java
/Users/huqingfeng/Downloads/apache-shardingsphere-incubating-4.0.0-RC2-src-release/sharding-proxy/sharding-proxy-transport/sharding-proxy-transport-mysql/src/test/java/org/apache/shardingsphere/shardingproxy/transport/mysql/packet/command/query/binary/execute/protocol/MySQLFloatBinaryProtocolValueTest.java
/Users/huqingfeng/Downloads/apache-shardingsphere-incubating-4.0.0-RC2-src-release/sharding-proxy/sharding-proxy-transport/sharding-proxy-transport-mysql/src/test/java/org/apache/shardingsphere/shardingproxy/transport/mysql/packet/handshake/MySQLHandshakePacketTest.java
/Users/huqingfeng/Downloads/apache-shardingsphere-incubating-4.0.0-RC2-src-release/sharding-proxy/sharding-proxy-transport/sharding-proxy-transport-mysql/src/test/java/org/apache/shardingsphere/shardingproxy/transport/mysql/packet/command/query/binary/execute/protocol/MySQLDateBinaryProtocolValueTest.java
/Users/huqingfeng/Downloads/apache-shardingsphere-incubating-4.0.0-RC2-src-release/sharding-proxy/sharding-proxy-transport/sharding-proxy-transport-mysql/src/test/java/org/apache/shardingsphere/shardingproxy/transport/mysql/packet/generic/MySQLEofPacketTest.java
/Users/huqingfeng/Downloads/apache-shardingsphere-incubating-4.0.0-RC2-src-release/sharding-proxy/sharding-proxy-transport/sharding-proxy-transport-mysql/src/test/java/org/apache/shardingsphere/shardingproxy/transport/mysql/packet/handshake/MySQLAuthPluginDataTest.java
/Users/huqingfeng/Downloads/apache-shardingsphere-incubating-4.0.0-RC2-src-release/sharding-proxy/sharding-proxy-transport/sharding-proxy-transport-mysql/src/test/java/org/apache/shardingsphere/shardingproxy/transport/mysql/packet/command/query/binary/execute/protocol/MySQLDoubleBinaryProtocolValueTest.java
/Users/huqingfeng/Downloads/apache-shardingsphere-incubating-4.0.0-RC2-src-release/sharding-proxy/sharding-proxy-transport/sharding-proxy-transport-mysql/src/test/java/org/apache/shardingsphere/shardingproxy/transport/mysql/packet/command/query/binary/execute/protocol/MySQLInt4BinaryProtocolValueTest.java
/Users/huqingfeng/Downloads/apache-shardingsphere-incubating-4.0.0-RC2-src-release/sharding-proxy/sharding-proxy-transport/sharding-proxy-transport-mysql/src/test/java/org/apache/shardingsphere/shardingproxy/transport/mysql/packet/generic/MySQLErrPacketTest.java
/Users/huqingfeng/Downloads/apache-shardingsphere-incubating-4.0.0-RC2-src-release/sharding-proxy/sharding-proxy-transport/sharding-proxy-transport-mysql/src/test/java/org/apache/shardingsphere/shardingproxy/transport/mysql/codec/MySQLPacketCodecEngineTest.java
/Users/huqingfeng/Downloads/apache-shardingsphere-incubating-4.0.0-RC2-src-release/sharding-proxy/sharding-proxy-transport/sharding-proxy-transport-mysql/src/test/java/org/apache/shardingsphere/shardingproxy/transport/mysql/packet/handshake/MySQLAuthenticationHandlerTest.java
/Users/huqingfeng/Downloads/apache-shardingsphere-incubating-4.0.0-RC2-src-release/sharding-proxy/sharding-proxy-transport/sharding-proxy-transport-mysql/src/test/java/org/apache/shardingsphere/shardingproxy/transport/mysql/packet/command/query/text/fieldlist/MySQLComFieldListPacketTest.java
/Users/huqingfeng/Downloads/apache-shardingsphere-incubating-4.0.0-RC2-src-release/sharding-proxy/sharding-proxy-transport/sharding-proxy-transport-mysql/src/test/java/org/apache/shardingsphere/shardingproxy/transport/mysql/packet/handshake/MySQLRandomGeneratorTest.java
/Users/huqingfeng/Downloads/apache-shardingsphere-incubating-4.0.0-RC2-src-release/sharding-proxy/sharding-proxy-transport/sharding-proxy-transport-mysql/src/test/java/org/apache/shardingsphere/shardingproxy/transport/mysql/packet/handshake/MySQLHandshakeResponse41PacketTest.java
/Users/huqingfeng/Downloads/apache-shardingsphere-incubating-4.0.0-RC2-src-release/sharding-proxy/sharding-proxy-transport/sharding-proxy-transport-mysql/src/test/java/org/apache/shardingsphere/shardingproxy/transport/mysql/packet/command/query/binary/prepare/MySQLComStmtPreparePacketTest.java
/Users/huqingfeng/Downloads/apache-shardingsphere-incubating-4.0.0-RC2-src-release/sharding-proxy/sharding-proxy-transport/sharding-proxy-transport-mysql/src/test/java/org/apache/shardingsphere/shardingproxy/transport/mysql/packet/command/query/binary/execute/protocol/MySQLInt8BinaryProtocolValueTest.java
