/Users/huqingfeng/Downloads/apache-shardingsphere-incubating-4.0.0-RC2-src-release/sharding-proxy/sharding-proxy-frontend/sharding-proxy-frontend-mysql/src/main/java/org/apache/shardingsphere/shardingproxy/frontend/mysql/command/generic/MySQLUnsupportedCommandExecutor.java
/Users/huqingfeng/Downloads/apache-shardingsphere-incubating-4.0.0-RC2-src-release/sharding-proxy/sharding-proxy-frontend/sharding-proxy-frontend-mysql/src/main/java/org/apache/shardingsphere/shardingproxy/frontend/mysql/command/admin/ping/MySQLComPingExecutor.java
/Users/huqingfeng/Downloads/apache-shardingsphere-incubating-4.0.0-RC2-src-release/sharding-proxy/sharding-proxy-frontend/sharding-proxy-frontend-mysql/src/main/java/org/apache/shardingsphere/shardingproxy/frontend/mysql/MySQLErrPacketFactory.java
/Users/huqingfeng/Downloads/apache-shardingsphere-incubating-4.0.0-RC2-src-release/sharding-proxy/sharding-proxy-frontend/sharding-proxy-frontend-mysql/src/main/java/org/apache/shardingsphere/shardingproxy/frontend/mysql/command/query/binary/close/MySQLComStmtCloseExecutor.java
/Users/huqingfeng/Downloads/apache-shardingsphere-incubating-4.0.0-RC2-src-release/sharding-proxy/sharding-proxy-frontend/sharding-proxy-frontend-mysql/src/main/java/org/apache/shardingsphere/shardingproxy/frontend/mysql/command/MySQLCommandExecuteEngine.java
/Users/huqingfeng/Downloads/apache-shardingsphere-incubating-4.0.0-RC2-src-release/sharding-proxy/sharding-proxy-frontend/sharding-proxy-frontend-mysql/src/main/java/org/apache/shardingsphere/shardingproxy/frontend/mysql/command/admin/initdb/MySQLComInitDbExecutor.java
/Users/huqingfeng/Downloads/apache-shardingsphere-incubating-4.0.0-RC2-src-release/sharding-proxy/sharding-proxy-frontend/sharding-proxy-frontend-mysql/src/main/java/org/apache/shardingsphere/shardingproxy/frontend/mysql/command/MySQLCommandExecutorFactory.java
/Users/huqingfeng/Downloads/apache-shardingsphere-incubating-4.0.0-RC2-src-release/sharding-proxy/sharding-proxy-frontend/sharding-proxy-frontend-mysql/src/main/java/org/apache/shardingsphere/shardingproxy/frontend/mysql/command/query/text/query/MySQLComQueryPacketExecutor.java
/Users/huqingfeng/Downloads/apache-shardingsphere-incubating-4.0.0-RC2-src-release/sharding-proxy/sharding-proxy-frontend/sharding-proxy-frontend-mysql/src/main/java/org/apache/shardingsphere/shardingproxy/frontend/mysql/command/admin/quit/MySQLComQuitExecutor.java
/Users/huqingfeng/Downloads/apache-shardingsphere-incubating-4.0.0-RC2-src-release/sharding-proxy/sharding-proxy-frontend/sharding-proxy-frontend-mysql/src/main/java/org/apache/shardingsphere/shardingproxy/frontend/mysql/command/query/binary/execute/MySQLComStmtExecuteExecutor.java
/Users/huqingfeng/Downloads/apache-shardingsphere-incubating-4.0.0-RC2-src-release/sharding-proxy/sharding-proxy-frontend/sharding-proxy-frontend-mysql/src/main/java/org/apache/shardingsphere/shardingproxy/frontend/mysql/command/query/binary/reset/MySQLComStmtResetExecutor.java
/Users/huqingfeng/Downloads/apache-shardingsphere-incubating-4.0.0-RC2-src-release/sharding-proxy/sharding-proxy-frontend/sharding-proxy-frontend-mysql/src/main/java/org/apache/shardingsphere/shardingproxy/frontend/mysql/auth/MySQLAuthenticationEngine.java
/Users/huqingfeng/Downloads/apache-shardingsphere-incubating-4.0.0-RC2-src-release/sharding-proxy/sharding-proxy-frontend/sharding-proxy-frontend-mysql/src/main/java/org/apache/shardingsphere/shardingproxy/frontend/mysql/MySQLProtocolFrontendEngine.java
/Users/huqingfeng/Downloads/apache-shardingsphere-incubating-4.0.0-RC2-src-release/sharding-proxy/sharding-proxy-frontend/sharding-proxy-frontend-mysql/src/main/java/org/apache/shardingsphere/shardingproxy/frontend/mysql/command/query/binary/prepare/MySQLComStmtPrepareExecutor.java
/Users/huqingfeng/Downloads/apache-shardingsphere-incubating-4.0.0-RC2-src-release/sharding-proxy/sharding-proxy-frontend/sharding-proxy-frontend-mysql/src/main/java/org/apache/shardingsphere/shardingproxy/frontend/mysql/command/query/text/fieldlist/MySQLComFieldListPacketExecutor.java
