/Users/huqingfeng/Downloads/apache-shardingsphere-incubating-4.0.0-RC2-src-release/sharding-core/sharding-core-execute/src/main/java/org/apache/shardingsphere/core/execute/ShardingExecutorService.java
/Users/huqingfeng/Downloads/apache-shardingsphere-incubating-4.0.0-RC2-src-release/sharding-core/sharding-core-execute/src/main/java/org/apache/shardingsphere/core/execute/hook/SPISQLExecutionHook.java
/Users/huqingfeng/Downloads/apache-shardingsphere-incubating-4.0.0-RC2-src-release/sharding-core/sharding-core-execute/src/main/java/org/apache/shardingsphere/core/execute/sql/execute/SQLExecuteCallback.java
/Users/huqingfeng/Downloads/apache-shardingsphere-incubating-4.0.0-RC2-src-release/sharding-core/sharding-core-execute/src/main/java/org/apache/shardingsphere/core/execute/ShardingExecuteEngine.java
/Users/huqingfeng/Downloads/apache-shardingsphere-incubating-4.0.0-RC2-src-release/sharding-core/sharding-core-execute/src/main/java/org/apache/shardingsphere/core/execute/StatementExecuteUnit.java
/Users/huqingfeng/Downloads/apache-shardingsphere-incubating-4.0.0-RC2-src-release/sharding-core/sharding-core-execute/src/main/java/org/apache/shardingsphere/core/execute/sql/execute/SQLExecuteTemplate.java
/Users/huqingfeng/Downloads/apache-shardingsphere-incubating-4.0.0-RC2-src-release/sharding-core/sharding-core-execute/src/main/java/org/apache/shardingsphere/core/execute/ShardingExecuteDataMap.java
/Users/huqingfeng/Downloads/apache-shardingsphere-incubating-4.0.0-RC2-src-release/sharding-core/sharding-core-execute/src/main/java/org/apache/shardingsphere/core/execute/sql/execute/threadlocal/ExecutorExceptionHandler.java
/Users/huqingfeng/Downloads/apache-shardingsphere-incubating-4.0.0-RC2-src-release/sharding-core/sharding-core-execute/src/main/java/org/apache/shardingsphere/core/execute/sql/execute/row/QueryRow.java
/Users/huqingfeng/Downloads/apache-shardingsphere-incubating-4.0.0-RC2-src-release/sharding-core/sharding-core-execute/src/main/java/org/apache/shardingsphere/core/execute/ShardingThreadFactoryBuilder.java
/Users/huqingfeng/Downloads/apache-shardingsphere-incubating-4.0.0-RC2-src-release/sharding-core/sharding-core-execute/src/main/java/org/apache/shardingsphere/core/execute/sql/execute/result/StreamQueryResult.java
/Users/huqingfeng/Downloads/apache-shardingsphere-incubating-4.0.0-RC2-src-release/sharding-core/sharding-core-execute/src/main/java/org/apache/shardingsphere/core/execute/sql/execute/result/AggregationDistinctQueryMetaData.java
/Users/huqingfeng/Downloads/apache-shardingsphere-incubating-4.0.0-RC2-src-release/sharding-core/sharding-core-execute/src/main/java/org/apache/shardingsphere/core/execute/sql/prepare/SQLExecutePrepareCallback.java
/Users/huqingfeng/Downloads/apache-shardingsphere-incubating-4.0.0-RC2-src-release/sharding-core/sharding-core-execute/src/main/java/org/apache/shardingsphere/core/execute/hook/RootInvokeHook.java
/Users/huqingfeng/Downloads/apache-shardingsphere-incubating-4.0.0-RC2-src-release/sharding-core/sharding-core-execute/src/main/java/org/apache/shardingsphere/core/execute/ShardingExecuteCallback.java
/Users/huqingfeng/Downloads/apache-shardingsphere-incubating-4.0.0-RC2-src-release/sharding-core/sharding-core-execute/src/main/java/org/apache/shardingsphere/core/execute/metadata/TableMetaDataConnectionManager.java
/Users/huqingfeng/Downloads/apache-shardingsphere-incubating-4.0.0-RC2-src-release/sharding-core/sharding-core-execute/src/main/java/org/apache/shardingsphere/core/execute/sql/execute/result/QueryResultUtil.java
/Users/huqingfeng/Downloads/apache-shardingsphere-incubating-4.0.0-RC2-src-release/sharding-core/sharding-core-execute/src/main/java/org/apache/shardingsphere/core/execute/sql/execute/result/AggregationDistinctQueryResult.java
/Users/huqingfeng/Downloads/apache-shardingsphere-incubating-4.0.0-RC2-src-release/sharding-core/sharding-core-execute/src/main/java/org/apache/shardingsphere/core/execute/hook/SQLExecutionHook.java
/Users/huqingfeng/Downloads/apache-shardingsphere-incubating-4.0.0-RC2-src-release/sharding-core/sharding-core-execute/src/main/java/org/apache/shardingsphere/core/execute/sql/execute/result/DistinctQueryResult.java
/Users/huqingfeng/Downloads/apache-shardingsphere-incubating-4.0.0-RC2-src-release/sharding-core/sharding-core-execute/src/main/java/org/apache/shardingsphere/core/execute/ShardingGroupExecuteCallback.java
/Users/huqingfeng/Downloads/apache-shardingsphere-incubating-4.0.0-RC2-src-release/sharding-core/sharding-core-execute/src/main/java/org/apache/shardingsphere/core/execute/sql/execute/result/QueryResult.java
/Users/huqingfeng/Downloads/apache-shardingsphere-incubating-4.0.0-RC2-src-release/sharding-core/sharding-core-execute/src/main/java/org/apache/shardingsphere/core/execute/sql/execute/result/QueryResultMetaData.java
/Users/huqingfeng/Downloads/apache-shardingsphere-incubating-4.0.0-RC2-src-release/sharding-core/sharding-core-execute/src/main/java/org/apache/shardingsphere/core/execute/sql/execute/result/MemoryQueryResult.java
/Users/huqingfeng/Downloads/apache-shardingsphere-incubating-4.0.0-RC2-src-release/sharding-core/sharding-core-execute/src/main/java/org/apache/shardingsphere/core/execute/metadata/TableMetaDataLoader.java
/Users/huqingfeng/Downloads/apache-shardingsphere-incubating-4.0.0-RC2-src-release/sharding-core/sharding-core-execute/src/main/java/org/apache/shardingsphere/core/execute/sql/prepare/SQLExecutePrepareTemplate.java
/Users/huqingfeng/Downloads/apache-shardingsphere-incubating-4.0.0-RC2-src-release/sharding-core/sharding-core-execute/src/main/java/org/apache/shardingsphere/core/execute/metadata/TableMetaDataInitializer.java
/Users/huqingfeng/Downloads/apache-shardingsphere-incubating-4.0.0-RC2-src-release/sharding-core/sharding-core-execute/src/main/java/org/apache/shardingsphere/core/execute/ShardingExecuteGroup.java
/Users/huqingfeng/Downloads/apache-shardingsphere-incubating-4.0.0-RC2-src-release/sharding-core/sharding-core-execute/src/main/java/org/apache/shardingsphere/core/execute/hook/SPIRootInvokeHook.java
