/Users/huqingfeng/Downloads/apache-shardingsphere-incubating-4.0.0-RC2-src-release/sharding-core/sharding-core-parse/sharding-core-parse-oracle/jars/generated-sources/antlr4/org/apache/shardingsphere/core/parse/autogen/OracleStatementLexer.java
/Users/huqingfeng/Downloads/apache-shardingsphere-incubating-4.0.0-RC2-src-release/sharding-core/sharding-core-parse/sharding-core-parse-oracle/src/main/java/org/apache/shardingsphere/core/parse/OracleParserEntry.java
/Users/huqingfeng/Downloads/apache-shardingsphere-incubating-4.0.0-RC2-src-release/sharding-core/sharding-core-parse/sharding-core-parse-oracle/src/main/java/org/apache/shardingsphere/core/parse/OracleParser.java
/Users/huqingfeng/Downloads/apache-shardingsphere-incubating-4.0.0-RC2-src-release/sharding-core/sharding-core-parse/sharding-core-parse-oracle/src/main/java/org/apache/shardingsphere/core/parse/core/extractor/OracleDropPrimaryKeyExtractor.java
/Users/huqingfeng/Downloads/apache-shardingsphere-incubating-4.0.0-RC2-src-release/sharding-core/sharding-core-parse/sharding-core-parse-oracle/src/main/java/org/apache/shardingsphere/core/parse/core/extractor/OracleModifyColumnDefinitionExtractor.java
/Users/huqingfeng/Downloads/apache-shardingsphere-incubating-4.0.0-RC2-src-release/sharding-core/sharding-core-parse/sharding-core-parse-oracle/jars/generated-sources/antlr4/org/apache/shardingsphere/core/parse/autogen/OracleStatementParser.java
