/Users/huqingfeng/Downloads/apache-shardingsphere-incubating-4.0.0-RC2-src-release/sharding-proxy/sharding-proxy-frontend/sharding-proxy-frontend-spi/src/main/java/org/apache/shardingsphere/shardingproxy/frontend/engine/AuthenticationEngine.java
/Users/huqingfeng/Downloads/apache-shardingsphere-incubating-4.0.0-RC2-src-release/sharding-proxy/sharding-proxy-frontend/sharding-proxy-frontend-spi/src/main/java/org/apache/shardingsphere/shardingproxy/frontend/spi/DatabaseProtocolFrontendEngine.java
/Users/huqingfeng/Downloads/apache-shardingsphere-incubating-4.0.0-RC2-src-release/sharding-proxy/sharding-proxy-frontend/sharding-proxy-frontend-spi/src/main/java/org/apache/shardingsphere/shardingproxy/frontend/api/QueryCommandExecutor.java
/Users/huqingfeng/Downloads/apache-shardingsphere-incubating-4.0.0-RC2-src-release/sharding-proxy/sharding-proxy-frontend/sharding-proxy-frontend-spi/src/main/java/org/apache/shardingsphere/shardingproxy/frontend/engine/CommandExecuteEngine.java
/Users/huqingfeng/Downloads/apache-shardingsphere-incubating-4.0.0-RC2-src-release/sharding-proxy/sharding-proxy-frontend/sharding-proxy-frontend-spi/src/main/java/org/apache/shardingsphere/shardingproxy/frontend/context/FrontendContext.java
/Users/huqingfeng/Downloads/apache-shardingsphere-incubating-4.0.0-RC2-src-release/sharding-proxy/sharding-proxy-frontend/sharding-proxy-frontend-spi/src/main/java/org/apache/shardingsphere/shardingproxy/frontend/api/CommandExecutor.java
