org/apache/shardingsphere/core/parse/integrate/jaxb/orderby/ExpectedOrderByColumn.class
org/apache/shardingsphere/core/parse/integrate/jaxb/insert/ExpectedInsertValue.class
org/apache/shardingsphere/core/parse/integrate/jaxb/root/ParserResultSet.class
org/apache/shardingsphere/core/parse/integrate/jaxb/token/ExpectedInsertValueToken.class
org/apache/shardingsphere/core/parse/integrate/jaxb/selectitem/ExpectedAggregationItem.class
org/apache/shardingsphere/core/parse/integrate/jaxb/selectitem/ExpectedTopSelectItem.class
org/apache/shardingsphere/core/parse/integrate/jaxb/selectitem/ExpectedBaseSelectItem.class
org/apache/shardingsphere/core/parse/integrate/jaxb/selectitem/ExpectedSelectItems.class
org/apache/shardingsphere/core/parse/integrate/asserts/insert/AssignmentAssert.class
org/apache/shardingsphere/core/parse/integrate/jaxb/token/ExpectedColumnPosition.class
org/apache/shardingsphere/core/parse/fixture/ComplexKeysShardingAlgorithmFixture.class
org/apache/shardingsphere/core/parse/integrate/jaxb/insert/ExpectedInsertColumnsAndValues.class
org/apache/shardingsphere/core/parse/integrate/jaxb/token/ExpectedInsertColumnToken.class
org/apache/shardingsphere/core/parse/integrate/asserts/groupby/GroupByAssert.class
org/apache/shardingsphere/core/parse/integrate/asserts/SQLStatementAssertMessage.class
org/apache/shardingsphere/core/parse/integrate/jaxb/ParserResultSetRegistry.class
org/apache/shardingsphere/core/parse/integrate/jaxb/token/ExpectedInsertSetToken.class
org/apache/shardingsphere/core/parse/integrate/jaxb/selectitem/ExpectedRowNumberValueSegment.class
org/apache/shardingsphere/core/parse/integrate/asserts/table/TableAssert.class
org/apache/shardingsphere/core/parse/integrate/jaxb/token/ExpectedTableToken.class
org/apache/shardingsphere/core/parse/integrate/jaxb/selectitem/ExpectedExpressionItem.class
org/apache/shardingsphere/core/parse/integrate/asserts/insert/InsertNamesAndValuesAssert$1.class
org/apache/shardingsphere/core/parse/integrate/asserts/table/AlterTableAssert.class
org/apache/shardingsphere/core/parse/integrate/jaxb/token/ExpectedGeneratedKeyToken.class
org/apache/shardingsphere/core/parse/integrate/jaxb/ShardingParserResultSetRegistry.class
org/apache/shardingsphere/core/parse/integrate/jaxb/selectitem/ExpectedAggregationDistinctItem.class
org/apache/shardingsphere/core/parse/integrate/jaxb/token/ExpectedRemoveToken.class
org/apache/shardingsphere/core/parse/integrate/asserts/pagination/PaginationAssert.class
org/apache/shardingsphere/core/parse/integrate/asserts/EncryptSQLStatementAssert.class
org/apache/shardingsphere/core/parse/integrate/asserts/index/IndexAssert.class
org/apache/shardingsphere/core/parse/integrate/jaxb/selectitem/ExpectedSelectItem.class
org/apache/shardingsphere/core/parse/integrate/jaxb/table/ExpectedAlterTable.class
org/apache/shardingsphere/core/parse/integrate/jaxb/token/ExpectedColumn.class
org/apache/shardingsphere/core/parse/integrate/asserts/orderby/OrderByAssert.class
org/apache/shardingsphere/core/parse/integrate/asserts/insert/InsertNamesAndValuesAssert.class
org/apache/shardingsphere/core/parse/integrate/jaxb/selectitem/ExpectedShorthandSelectItem.class
org/apache/shardingsphere/core/parse/integrate/jaxb/token/ExpectedAggregationDistinctToken.class
org/apache/shardingsphere/core/parse/integrate/jaxb/table/ExpectedTable.class
org/apache/shardingsphere/core/parse/integrate/engine/encrypt/EncryptParameterizedParsingTest.class
org/apache/shardingsphere/core/parse/integrate/engine/sharding/ShardingParameterizedUnsupportedParsingTest.class
org/apache/shardingsphere/core/parse/integrate/engine/sharding/ShardingParameterizedParsingTest.class
org/apache/shardingsphere/core/parse/integrate/jaxb/groupby/ExpectedGroupByColumn.class
org/apache/shardingsphere/core/parse/integrate/jaxb/token/ExpectedColumnDefinition.class
org/apache/shardingsphere/core/parse/integrate/asserts/ShardingSQLStatementAssert.class
org/apache/shardingsphere/core/parse/integrate/jaxb/root/ParserResult.class
org/apache/shardingsphere/core/parse/integrate/jaxb/token/ExpectedIndexToken.class
org/apache/shardingsphere/core/parse/integrate/jaxb/pagination/ExpectedPaginationValue.class
org/apache/shardingsphere/core/parse/integrate/jaxb/token/ExpectedTokens.class
org/apache/shardingsphere/core/parse/integrate/jaxb/insert/ExpectedAssignment.class
org/apache/shardingsphere/core/parse/integrate/asserts/selectitem/SelectItemAssert.class
org/apache/shardingsphere/core/parse/integrate/jaxb/EncryptParserResultSetRegistry.class
org/apache/shardingsphere/core/parse/integrate/jaxb/selectitem/ExpectedTableSegment.class
org/apache/shardingsphere/core/parse/integrate/jaxb/selectitem/ExpectedSchemaSegment.class
org/apache/shardingsphere/core/parse/integrate/jaxb/selectitem/ExpectedColumnSelectItem.class
