/Users/huqingfeng/Downloads/apache-shardingsphere-incubating-4.0.0-RC2-src-release/sharding-core/sharding-core-parse/sharding-core-parse-test/src/test/java/org/apache/shardingsphere/core/parse/integrate/jaxb/token/ExpectedIndexToken.java
/Users/huqingfeng/Downloads/apache-shardingsphere-incubating-4.0.0-RC2-src-release/sharding-core/sharding-core-parse/sharding-core-parse-test/src/test/java/org/apache/shardingsphere/core/parse/integrate/jaxb/selectitem/ExpectedBaseSelectItem.java
/Users/huqingfeng/Downloads/apache-shardingsphere-incubating-4.0.0-RC2-src-release/sharding-core/sharding-core-parse/sharding-core-parse-test/src/test/java/org/apache/shardingsphere/core/parse/integrate/asserts/table/AlterTableAssert.java
/Users/huqingfeng/Downloads/apache-shardingsphere-incubating-4.0.0-RC2-src-release/sharding-core/sharding-core-parse/sharding-core-parse-test/src/test/java/org/apache/shardingsphere/core/parse/integrate/jaxb/token/ExpectedColumnDefinition.java
/Users/huqingfeng/Downloads/apache-shardingsphere-incubating-4.0.0-RC2-src-release/sharding-core/sharding-core-parse/sharding-core-parse-test/src/test/java/org/apache/shardingsphere/core/parse/integrate/jaxb/table/ExpectedTable.java
/Users/huqingfeng/Downloads/apache-shardingsphere-incubating-4.0.0-RC2-src-release/sharding-core/sharding-core-parse/sharding-core-parse-test/src/test/java/org/apache/shardingsphere/core/parse/integrate/jaxb/selectitem/ExpectedColumnSelectItem.java
/Users/huqingfeng/Downloads/apache-shardingsphere-incubating-4.0.0-RC2-src-release/sharding-core/sharding-core-parse/sharding-core-parse-test/src/test/java/org/apache/shardingsphere/core/parse/integrate/engine/sharding/ShardingParameterizedUnsupportedParsingTest.java
/Users/huqingfeng/Downloads/apache-shardingsphere-incubating-4.0.0-RC2-src-release/sharding-core/sharding-core-parse/sharding-core-parse-test/src/test/java/org/apache/shardingsphere/core/parse/integrate/jaxb/insert/ExpectedAssignment.java
/Users/huqingfeng/Downloads/apache-shardingsphere-incubating-4.0.0-RC2-src-release/sharding-core/sharding-core-parse/sharding-core-parse-test/src/test/java/org/apache/shardingsphere/core/parse/integrate/asserts/SQLStatementAssertMessage.java
/Users/huqingfeng/Downloads/apache-shardingsphere-incubating-4.0.0-RC2-src-release/sharding-core/sharding-core-parse/sharding-core-parse-test/src/test/java/org/apache/shardingsphere/core/parse/integrate/jaxb/token/ExpectedTableToken.java
/Users/huqingfeng/Downloads/apache-shardingsphere-incubating-4.0.0-RC2-src-release/sharding-core/sharding-core-parse/sharding-core-parse-test/src/test/java/org/apache/shardingsphere/core/parse/integrate/jaxb/token/ExpectedColumnPosition.java
/Users/huqingfeng/Downloads/apache-shardingsphere-incubating-4.0.0-RC2-src-release/sharding-core/sharding-core-parse/sharding-core-parse-test/src/test/java/org/apache/shardingsphere/core/parse/integrate/asserts/EncryptSQLStatementAssert.java
/Users/huqingfeng/Downloads/apache-shardingsphere-incubating-4.0.0-RC2-src-release/sharding-core/sharding-core-parse/sharding-core-parse-test/src/test/java/org/apache/shardingsphere/core/parse/integrate/jaxb/selectitem/ExpectedExpressionItem.java
/Users/huqingfeng/Downloads/apache-shardingsphere-incubating-4.0.0-RC2-src-release/sharding-core/sharding-core-parse/sharding-core-parse-test/src/test/java/org/apache/shardingsphere/core/parse/integrate/jaxb/token/ExpectedGeneratedKeyToken.java
/Users/huqingfeng/Downloads/apache-shardingsphere-incubating-4.0.0-RC2-src-release/sharding-core/sharding-core-parse/sharding-core-parse-test/src/test/java/org/apache/shardingsphere/core/parse/integrate/asserts/insert/InsertNamesAndValuesAssert.java
/Users/huqingfeng/Downloads/apache-shardingsphere-incubating-4.0.0-RC2-src-release/sharding-core/sharding-core-parse/sharding-core-parse-test/src/test/java/org/apache/shardingsphere/core/parse/integrate/asserts/groupby/GroupByAssert.java
/Users/huqingfeng/Downloads/apache-shardingsphere-incubating-4.0.0-RC2-src-release/sharding-core/sharding-core-parse/sharding-core-parse-test/src/test/java/org/apache/shardingsphere/core/parse/integrate/asserts/table/TableAssert.java
/Users/huqingfeng/Downloads/apache-shardingsphere-incubating-4.0.0-RC2-src-release/sharding-core/sharding-core-parse/sharding-core-parse-test/src/test/java/org/apache/shardingsphere/core/parse/integrate/jaxb/EncryptParserResultSetRegistry.java
/Users/huqingfeng/Downloads/apache-shardingsphere-incubating-4.0.0-RC2-src-release/sharding-core/sharding-core-parse/sharding-core-parse-test/src/test/java/org/apache/shardingsphere/core/parse/integrate/jaxb/selectitem/ExpectedAggregationItem.java
/Users/huqingfeng/Downloads/apache-shardingsphere-incubating-4.0.0-RC2-src-release/sharding-core/sharding-core-parse/sharding-core-parse-test/src/test/java/org/apache/shardingsphere/core/parse/integrate/jaxb/ParserResultSetRegistry.java
/Users/huqingfeng/Downloads/apache-shardingsphere-incubating-4.0.0-RC2-src-release/sharding-core/sharding-core-parse/sharding-core-parse-test/src/test/java/org/apache/shardingsphere/core/parse/integrate/jaxb/table/ExpectedAlterTable.java
/Users/huqingfeng/Downloads/apache-shardingsphere-incubating-4.0.0-RC2-src-release/sharding-core/sharding-core-parse/sharding-core-parse-test/src/test/java/org/apache/shardingsphere/core/parse/integrate/jaxb/selectitem/ExpectedSchemaSegment.java
/Users/huqingfeng/Downloads/apache-shardingsphere-incubating-4.0.0-RC2-src-release/sharding-core/sharding-core-parse/sharding-core-parse-test/src/test/java/org/apache/shardingsphere/core/parse/integrate/jaxb/token/ExpectedInsertSetToken.java
/Users/huqingfeng/Downloads/apache-shardingsphere-incubating-4.0.0-RC2-src-release/sharding-core/sharding-core-parse/sharding-core-parse-test/src/test/java/org/apache/shardingsphere/core/parse/integrate/asserts/ShardingSQLStatementAssert.java
/Users/huqingfeng/Downloads/apache-shardingsphere-incubating-4.0.0-RC2-src-release/sharding-core/sharding-core-parse/sharding-core-parse-test/src/test/java/org/apache/shardingsphere/core/parse/integrate/engine/encrypt/EncryptParameterizedParsingTest.java
/Users/huqingfeng/Downloads/apache-shardingsphere-incubating-4.0.0-RC2-src-release/sharding-core/sharding-core-parse/sharding-core-parse-test/src/test/java/org/apache/shardingsphere/core/parse/integrate/asserts/index/IndexAssert.java
/Users/huqingfeng/Downloads/apache-shardingsphere-incubating-4.0.0-RC2-src-release/sharding-core/sharding-core-parse/sharding-core-parse-test/src/test/java/org/apache/shardingsphere/core/parse/integrate/jaxb/token/ExpectedColumn.java
/Users/huqingfeng/Downloads/apache-shardingsphere-incubating-4.0.0-RC2-src-release/sharding-core/sharding-core-parse/sharding-core-parse-test/src/test/java/org/apache/shardingsphere/core/parse/integrate/jaxb/selectitem/ExpectedTopSelectItem.java
/Users/huqingfeng/Downloads/apache-shardingsphere-incubating-4.0.0-RC2-src-release/sharding-core/sharding-core-parse/sharding-core-parse-test/src/test/java/org/apache/shardingsphere/core/parse/integrate/jaxb/insert/ExpectedInsertValue.java
/Users/huqingfeng/Downloads/apache-shardingsphere-incubating-4.0.0-RC2-src-release/sharding-core/sharding-core-parse/sharding-core-parse-test/src/test/java/org/apache/shardingsphere/core/parse/integrate/jaxb/selectitem/ExpectedAggregationDistinctItem.java
/Users/huqingfeng/Downloads/apache-shardingsphere-incubating-4.0.0-RC2-src-release/sharding-core/sharding-core-parse/sharding-core-parse-test/src/test/java/org/apache/shardingsphere/core/parse/integrate/jaxb/root/ParserResultSet.java
/Users/huqingfeng/Downloads/apache-shardingsphere-incubating-4.0.0-RC2-src-release/sharding-core/sharding-core-parse/sharding-core-parse-test/src/test/java/org/apache/shardingsphere/core/parse/integrate/jaxb/selectitem/ExpectedSelectItem.java
/Users/huqingfeng/Downloads/apache-shardingsphere-incubating-4.0.0-RC2-src-release/sharding-core/sharding-core-parse/sharding-core-parse-test/src/test/java/org/apache/shardingsphere/core/parse/integrate/asserts/orderby/OrderByAssert.java
/Users/huqingfeng/Downloads/apache-shardingsphere-incubating-4.0.0-RC2-src-release/sharding-core/sharding-core-parse/sharding-core-parse-test/src/test/java/org/apache/shardingsphere/core/parse/integrate/jaxb/root/ParserResult.java
/Users/huqingfeng/Downloads/apache-shardingsphere-incubating-4.0.0-RC2-src-release/sharding-core/sharding-core-parse/sharding-core-parse-test/src/test/java/org/apache/shardingsphere/core/parse/integrate/jaxb/selectitem/ExpectedShorthandSelectItem.java
/Users/huqingfeng/Downloads/apache-shardingsphere-incubating-4.0.0-RC2-src-release/sharding-core/sharding-core-parse/sharding-core-parse-test/src/test/java/org/apache/shardingsphere/core/parse/integrate/jaxb/token/ExpectedTokens.java
/Users/huqingfeng/Downloads/apache-shardingsphere-incubating-4.0.0-RC2-src-release/sharding-core/sharding-core-parse/sharding-core-parse-test/src/test/java/org/apache/shardingsphere/core/parse/fixture/ComplexKeysShardingAlgorithmFixture.java
/Users/huqingfeng/Downloads/apache-shardingsphere-incubating-4.0.0-RC2-src-release/sharding-core/sharding-core-parse/sharding-core-parse-test/src/test/java/org/apache/shardingsphere/core/parse/integrate/asserts/selectitem/SelectItemAssert.java
/Users/huqingfeng/Downloads/apache-shardingsphere-incubating-4.0.0-RC2-src-release/sharding-core/sharding-core-parse/sharding-core-parse-test/src/test/java/org/apache/shardingsphere/core/parse/integrate/jaxb/insert/ExpectedInsertColumnsAndValues.java
/Users/huqingfeng/Downloads/apache-shardingsphere-incubating-4.0.0-RC2-src-release/sharding-core/sharding-core-parse/sharding-core-parse-test/src/test/java/org/apache/shardingsphere/core/parse/integrate/jaxb/pagination/ExpectedPaginationValue.java
/Users/huqingfeng/Downloads/apache-shardingsphere-incubating-4.0.0-RC2-src-release/sharding-core/sharding-core-parse/sharding-core-parse-test/src/test/java/org/apache/shardingsphere/core/parse/integrate/jaxb/groupby/ExpectedGroupByColumn.java
/Users/huqingfeng/Downloads/apache-shardingsphere-incubating-4.0.0-RC2-src-release/sharding-core/sharding-core-parse/sharding-core-parse-test/src/test/java/org/apache/shardingsphere/core/parse/integrate/jaxb/token/ExpectedAggregationDistinctToken.java
/Users/huqingfeng/Downloads/apache-shardingsphere-incubating-4.0.0-RC2-src-release/sharding-core/sharding-core-parse/sharding-core-parse-test/src/test/java/org/apache/shardingsphere/core/parse/integrate/engine/sharding/ShardingParameterizedParsingTest.java
/Users/huqingfeng/Downloads/apache-shardingsphere-incubating-4.0.0-RC2-src-release/sharding-core/sharding-core-parse/sharding-core-parse-test/src/test/java/org/apache/shardingsphere/core/parse/integrate/asserts/insert/AssignmentAssert.java
/Users/huqingfeng/Downloads/apache-shardingsphere-incubating-4.0.0-RC2-src-release/sharding-core/sharding-core-parse/sharding-core-parse-test/src/test/java/org/apache/shardingsphere/core/parse/integrate/jaxb/selectitem/ExpectedTableSegment.java
/Users/huqingfeng/Downloads/apache-shardingsphere-incubating-4.0.0-RC2-src-release/sharding-core/sharding-core-parse/sharding-core-parse-test/src/test/java/org/apache/shardingsphere/core/parse/integrate/jaxb/token/ExpectedInsertValueToken.java
/Users/huqingfeng/Downloads/apache-shardingsphere-incubating-4.0.0-RC2-src-release/sharding-core/sharding-core-parse/sharding-core-parse-test/src/test/java/org/apache/shardingsphere/core/parse/integrate/jaxb/ShardingParserResultSetRegistry.java
/Users/huqingfeng/Downloads/apache-shardingsphere-incubating-4.0.0-RC2-src-release/sharding-core/sharding-core-parse/sharding-core-parse-test/src/test/java/org/apache/shardingsphere/core/parse/integrate/jaxb/orderby/ExpectedOrderByColumn.java
/Users/huqingfeng/Downloads/apache-shardingsphere-incubating-4.0.0-RC2-src-release/sharding-core/sharding-core-parse/sharding-core-parse-test/src/test/java/org/apache/shardingsphere/core/parse/integrate/jaxb/selectitem/ExpectedRowNumberValueSegment.java
/Users/huqingfeng/Downloads/apache-shardingsphere-incubating-4.0.0-RC2-src-release/sharding-core/sharding-core-parse/sharding-core-parse-test/src/test/java/org/apache/shardingsphere/core/parse/integrate/jaxb/selectitem/ExpectedSelectItems.java
/Users/huqingfeng/Downloads/apache-shardingsphere-incubating-4.0.0-RC2-src-release/sharding-core/sharding-core-parse/sharding-core-parse-test/src/test/java/org/apache/shardingsphere/core/parse/integrate/asserts/pagination/PaginationAssert.java
/Users/huqingfeng/Downloads/apache-shardingsphere-incubating-4.0.0-RC2-src-release/sharding-core/sharding-core-parse/sharding-core-parse-test/src/test/java/org/apache/shardingsphere/core/parse/integrate/jaxb/token/ExpectedInsertColumnToken.java
/Users/huqingfeng/Downloads/apache-shardingsphere-incubating-4.0.0-RC2-src-release/sharding-core/sharding-core-parse/sharding-core-parse-test/src/test/java/org/apache/shardingsphere/core/parse/integrate/jaxb/token/ExpectedRemoveToken.java
