/Users/huqingfeng/Downloads/apache-shardingsphere-incubating-4.0.0-RC2-src-release/sharding-proxy/sharding-proxy-transport/sharding-proxy-transport-postgresql/src/main/java/org/apache/shardingsphere/shardingproxy/transport/postgresql/packet/command/query/binary/bind/protocol/PostgreSQLFloatBinaryProtocolValue.java
/Users/huqingfeng/Downloads/apache-shardingsphere-incubating-4.0.0-RC2-src-release/sharding-proxy/sharding-proxy-transport/sharding-proxy-transport-postgresql/src/main/java/org/apache/shardingsphere/shardingproxy/transport/postgresql/packet/command/query/binary/bind/protocol/PostgreSQLInt8BinaryProtocolValue.java
/Users/huqingfeng/Downloads/apache-shardingsphere-incubating-4.0.0-RC2-src-release/sharding-proxy/sharding-proxy-transport/sharding-proxy-transport-postgresql/src/main/java/org/apache/shardingsphere/shardingproxy/transport/postgresql/packet/command/query/binary/bind/PostgreSQLBindCompletePacket.java
/Users/huqingfeng/Downloads/apache-shardingsphere-incubating-4.0.0-RC2-src-release/sharding-proxy/sharding-proxy-transport/sharding-proxy-transport-postgresql/src/main/java/org/apache/shardingsphere/shardingproxy/transport/postgresql/packet/handshake/PostgreSQLSSLNegativePacket.java
/Users/huqingfeng/Downloads/apache-shardingsphere-incubating-4.0.0-RC2-src-release/sharding-proxy/sharding-proxy-transport/sharding-proxy-transport-postgresql/src/main/java/org/apache/shardingsphere/shardingproxy/transport/postgresql/packet/command/query/binary/bind/PostgreSQLComBindPacket.java
/Users/huqingfeng/Downloads/apache-shardingsphere-incubating-4.0.0-RC2-src-release/sharding-proxy/sharding-proxy-transport/sharding-proxy-transport-postgresql/src/main/java/org/apache/shardingsphere/shardingproxy/transport/postgresql/packet/generic/PostgreSQLErrorResponsePacket.java
/Users/huqingfeng/Downloads/apache-shardingsphere-incubating-4.0.0-RC2-src-release/sharding-proxy/sharding-proxy-transport/sharding-proxy-transport-postgresql/src/main/java/org/apache/shardingsphere/shardingproxy/transport/postgresql/codec/PostgreSQLPacketCodecEngine.java
/Users/huqingfeng/Downloads/apache-shardingsphere-incubating-4.0.0-RC2-src-release/sharding-proxy/sharding-proxy-transport/sharding-proxy-transport-postgresql/src/main/java/org/apache/shardingsphere/shardingproxy/transport/postgresql/packet/command/PostgreSQLCommandPacketTypeLoader.java
/Users/huqingfeng/Downloads/apache-shardingsphere-incubating-4.0.0-RC2-src-release/sharding-proxy/sharding-proxy-transport/sharding-proxy-transport-postgresql/src/main/java/org/apache/shardingsphere/shardingproxy/transport/postgresql/packet/command/query/binary/describe/PostgreSQLComDescribePacket.java
/Users/huqingfeng/Downloads/apache-shardingsphere-incubating-4.0.0-RC2-src-release/sharding-proxy/sharding-proxy-transport/sharding-proxy-transport-postgresql/src/main/java/org/apache/shardingsphere/shardingproxy/transport/postgresql/constant/PostgreSQLColumnType.java
/Users/huqingfeng/Downloads/apache-shardingsphere-incubating-4.0.0-RC2-src-release/sharding-proxy/sharding-proxy-transport/sharding-proxy-transport-postgresql/src/main/java/org/apache/shardingsphere/shardingproxy/transport/postgresql/packet/command/query/binary/bind/protocol/PostgreSQLInt4BinaryProtocolValue.java
/Users/huqingfeng/Downloads/apache-shardingsphere-incubating-4.0.0-RC2-src-release/sharding-proxy/sharding-proxy-transport/sharding-proxy-transport-postgresql/src/main/java/org/apache/shardingsphere/shardingproxy/transport/postgresql/packet/command/query/PostgreSQLColumnDescription.java
/Users/huqingfeng/Downloads/apache-shardingsphere-incubating-4.0.0-RC2-src-release/sharding-proxy/sharding-proxy-transport/sharding-proxy-transport-postgresql/src/main/java/org/apache/shardingsphere/shardingproxy/transport/postgresql/packet/handshake/PostgreSQLParameterStatusPacket.java
/Users/huqingfeng/Downloads/apache-shardingsphere-incubating-4.0.0-RC2-src-release/sharding-proxy/sharding-proxy-transport/sharding-proxy-transport-postgresql/src/main/java/org/apache/shardingsphere/shardingproxy/transport/postgresql/packet/command/query/binary/bind/PostgreSQLBinaryResultSetRowPacket.java
/Users/huqingfeng/Downloads/apache-shardingsphere-incubating-4.0.0-RC2-src-release/sharding-proxy/sharding-proxy-transport/sharding-proxy-transport-postgresql/src/main/java/org/apache/shardingsphere/shardingproxy/transport/postgresql/packet/generic/PostgreSQLCommandCompletePacket.java
/Users/huqingfeng/Downloads/apache-shardingsphere-incubating-4.0.0-RC2-src-release/sharding-proxy/sharding-proxy-transport/sharding-proxy-transport-postgresql/src/main/java/org/apache/shardingsphere/shardingproxy/transport/postgresql/packet/command/query/binary/BinaryStatementRegistry.java
/Users/huqingfeng/Downloads/apache-shardingsphere-incubating-4.0.0-RC2-src-release/sharding-proxy/sharding-proxy-transport/sharding-proxy-transport-postgresql/src/main/java/org/apache/shardingsphere/shardingproxy/transport/postgresql/packet/command/query/binary/sync/PostgreSQLComSyncPacket.java
/Users/huqingfeng/Downloads/apache-shardingsphere-incubating-4.0.0-RC2-src-release/sharding-proxy/sharding-proxy-transport/sharding-proxy-transport-postgresql/src/main/java/org/apache/shardingsphere/shardingproxy/transport/postgresql/packet/command/query/binary/bind/protocol/PostgreSQLStringBinaryProtocolValue.java
/Users/huqingfeng/Downloads/apache-shardingsphere-incubating-4.0.0-RC2-src-release/sharding-proxy/sharding-proxy-transport/sharding-proxy-transport-postgresql/src/main/java/org/apache/shardingsphere/shardingproxy/transport/postgresql/packet/command/PostgreSQLCommandPacketType.java
/Users/huqingfeng/Downloads/apache-shardingsphere-incubating-4.0.0-RC2-src-release/sharding-proxy/sharding-proxy-transport/sharding-proxy-transport-postgresql/src/main/java/org/apache/shardingsphere/shardingproxy/transport/postgresql/packet/command/query/binary/ConnectionScopeBinaryStatementRegistry.java
/Users/huqingfeng/Downloads/apache-shardingsphere-incubating-4.0.0-RC2-src-release/sharding-proxy/sharding-proxy-transport/sharding-proxy-transport-postgresql/src/main/java/org/apache/shardingsphere/shardingproxy/transport/postgresql/packet/command/PostgreSQLCommandPacket.java
/Users/huqingfeng/Downloads/apache-shardingsphere-incubating-4.0.0-RC2-src-release/sharding-proxy/sharding-proxy-transport/sharding-proxy-transport-postgresql/src/main/java/org/apache/shardingsphere/shardingproxy/transport/postgresql/packet/handshake/PostgreSQLAuthenticationOKPacket.java
/Users/huqingfeng/Downloads/apache-shardingsphere-incubating-4.0.0-RC2-src-release/sharding-proxy/sharding-proxy-transport/sharding-proxy-transport-postgresql/src/main/java/org/apache/shardingsphere/shardingproxy/transport/postgresql/packet/command/query/binary/execute/PostgreSQLComExecutePacket.java
/Users/huqingfeng/Downloads/apache-shardingsphere-incubating-4.0.0-RC2-src-release/sharding-proxy/sharding-proxy-transport/sharding-proxy-transport-postgresql/src/main/java/org/apache/shardingsphere/shardingproxy/transport/postgresql/packet/command/query/binary/PostgreSQLBinaryStatement.java
/Users/huqingfeng/Downloads/apache-shardingsphere-incubating-4.0.0-RC2-src-release/sharding-proxy/sharding-proxy-transport/sharding-proxy-transport-postgresql/src/main/java/org/apache/shardingsphere/shardingproxy/transport/postgresql/packet/command/query/binary/bind/protocol/PostgreSQLDoubleBinaryProtocolValue.java
/Users/huqingfeng/Downloads/apache-shardingsphere-incubating-4.0.0-RC2-src-release/sharding-proxy/sharding-proxy-transport/sharding-proxy-transport-postgresql/src/main/java/org/apache/shardingsphere/shardingproxy/transport/postgresql/packet/command/query/PostgreSQLRowDescriptionPacket.java
/Users/huqingfeng/Downloads/apache-shardingsphere-incubating-4.0.0-RC2-src-release/sharding-proxy/sharding-proxy-transport/sharding-proxy-transport-postgresql/src/main/java/org/apache/shardingsphere/shardingproxy/transport/postgresql/packet/command/query/text/PostgreSQLDataRowPacket.java
/Users/huqingfeng/Downloads/apache-shardingsphere-incubating-4.0.0-RC2-src-release/sharding-proxy/sharding-proxy-transport/sharding-proxy-transport-postgresql/src/main/java/org/apache/shardingsphere/shardingproxy/transport/postgresql/packet/generic/PostgreSQLComTerminationPacket.java
/Users/huqingfeng/Downloads/apache-shardingsphere-incubating-4.0.0-RC2-src-release/sharding-proxy/sharding-proxy-transport/sharding-proxy-transport-postgresql/src/main/java/org/apache/shardingsphere/shardingproxy/transport/postgresql/packet/command/query/binary/parse/PostgreSQLParseCompletePacket.java
/Users/huqingfeng/Downloads/apache-shardingsphere-incubating-4.0.0-RC2-src-release/sharding-proxy/sharding-proxy-transport/sharding-proxy-transport-postgresql/src/main/java/org/apache/shardingsphere/shardingproxy/transport/postgresql/payload/PostgreSQLPacketPayload.java
/Users/huqingfeng/Downloads/apache-shardingsphere-incubating-4.0.0-RC2-src-release/sharding-proxy/sharding-proxy-transport/sharding-proxy-transport-postgresql/src/main/java/org/apache/shardingsphere/shardingproxy/transport/postgresql/packet/command/query/binary/bind/protocol/PostgreSQLBinaryProtocolValueFactory.java
/Users/huqingfeng/Downloads/apache-shardingsphere-incubating-4.0.0-RC2-src-release/sharding-proxy/sharding-proxy-transport/sharding-proxy-transport-postgresql/src/main/java/org/apache/shardingsphere/shardingproxy/transport/postgresql/packet/command/query/binary/bind/protocol/PostgreSQLBinaryProtocolValue.java
/Users/huqingfeng/Downloads/apache-shardingsphere-incubating-4.0.0-RC2-src-release/sharding-proxy/sharding-proxy-transport/sharding-proxy-transport-postgresql/src/main/java/org/apache/shardingsphere/shardingproxy/transport/postgresql/packet/command/admin/PostgreSQLUnsupportedCommandPacket.java
/Users/huqingfeng/Downloads/apache-shardingsphere-incubating-4.0.0-RC2-src-release/sharding-proxy/sharding-proxy-transport/sharding-proxy-transport-postgresql/src/main/java/org/apache/shardingsphere/shardingproxy/transport/postgresql/packet/command/query/binary/PostgreSQLBinaryStatementParameterType.java
/Users/huqingfeng/Downloads/apache-shardingsphere-incubating-4.0.0-RC2-src-release/sharding-proxy/sharding-proxy-transport/sharding-proxy-transport-postgresql/src/main/java/org/apache/shardingsphere/shardingproxy/transport/postgresql/packet/command/query/binary/bind/protocol/PostgreSQLDateBinaryProtocolValue.java
/Users/huqingfeng/Downloads/apache-shardingsphere-incubating-4.0.0-RC2-src-release/sharding-proxy/sharding-proxy-transport/sharding-proxy-transport-postgresql/src/main/java/org/apache/shardingsphere/shardingproxy/transport/postgresql/packet/command/query/binary/parse/PostgreSQLComParsePacket.java
/Users/huqingfeng/Downloads/apache-shardingsphere-incubating-4.0.0-RC2-src-release/sharding-proxy/sharding-proxy-transport/sharding-proxy-transport-postgresql/src/main/java/org/apache/shardingsphere/shardingproxy/transport/postgresql/packet/generic/PostgreSQLReadyForQueryPacket.java
/Users/huqingfeng/Downloads/apache-shardingsphere-incubating-4.0.0-RC2-src-release/sharding-proxy/sharding-proxy-transport/sharding-proxy-transport-postgresql/src/main/java/org/apache/shardingsphere/shardingproxy/transport/postgresql/packet/command/query/binary/bind/protocol/PostgreSQLInt2BinaryProtocolValue.java
/Users/huqingfeng/Downloads/apache-shardingsphere-incubating-4.0.0-RC2-src-release/sharding-proxy/sharding-proxy-transport/sharding-proxy-transport-postgresql/src/main/java/org/apache/shardingsphere/shardingproxy/transport/postgresql/packet/command/query/text/PostgreSQLComQueryPacket.java
/Users/huqingfeng/Downloads/apache-shardingsphere-incubating-4.0.0-RC2-src-release/sharding-proxy/sharding-proxy-transport/sharding-proxy-transport-postgresql/src/main/java/org/apache/shardingsphere/shardingproxy/transport/postgresql/packet/PostgreSQLPacket.java
/Users/huqingfeng/Downloads/apache-shardingsphere-incubating-4.0.0-RC2-src-release/sharding-proxy/sharding-proxy-transport/sharding-proxy-transport-postgresql/src/main/java/org/apache/shardingsphere/shardingproxy/transport/postgresql/packet/handshake/PostgreSQLComStartupPacket.java
/Users/huqingfeng/Downloads/apache-shardingsphere-incubating-4.0.0-RC2-src-release/sharding-proxy/sharding-proxy-transport/sharding-proxy-transport-postgresql/src/main/java/org/apache/shardingsphere/shardingproxy/transport/postgresql/packet/command/PostgreSQLCommandPacketFactory.java
/Users/huqingfeng/Downloads/apache-shardingsphere-incubating-4.0.0-RC2-src-release/sharding-proxy/sharding-proxy-transport/sharding-proxy-transport-postgresql/src/main/java/org/apache/shardingsphere/shardingproxy/transport/postgresql/packet/command/query/binary/bind/protocol/PostgreSQLTimeBinaryProtocolValue.java
