/Users/huqingfeng/Downloads/apache-shardingsphere-incubating-4.0.0-RC2-src-release/sharding-core/sharding-core-parse/sharding-core-parse-sqlserver/src/main/java/org/apache/shardingsphere/core/parse/core/extractor/tcl/SetImplicitTransactionsExtractor.java
/Users/huqingfeng/Downloads/apache-shardingsphere-incubating-4.0.0-RC2-src-release/sharding-core/sharding-core-parse/sharding-core-parse-sqlserver/src/main/java/org/apache/shardingsphere/core/parse/SQLServerParser.java
/Users/huqingfeng/Downloads/apache-shardingsphere-incubating-4.0.0-RC2-src-release/sharding-core/sharding-core-parse/sharding-core-parse-sqlserver/jars/generated-sources/antlr4/org/apache/shardingsphere/core/parse/autogen/SQLServerStatementParser.java
/Users/huqingfeng/Downloads/apache-shardingsphere-incubating-4.0.0-RC2-src-release/sharding-core/sharding-core-parse/sharding-core-parse-sqlserver/src/main/java/org/apache/shardingsphere/core/parse/SQLServerParserEntry.java
/Users/huqingfeng/Downloads/apache-shardingsphere-incubating-4.0.0-RC2-src-release/sharding-core/sharding-core-parse/sharding-core-parse-sqlserver/src/main/java/org/apache/shardingsphere/core/parse/core/extractor/ddl/SQLServerAddPrimaryKeyExtractor.java
/Users/huqingfeng/Downloads/apache-shardingsphere-incubating-4.0.0-RC2-src-release/sharding-core/sharding-core-parse/sharding-core-parse-sqlserver/src/main/java/org/apache/shardingsphere/core/parse/sql/segment/tcl/ImplicitTransactionsSegment.java
/Users/huqingfeng/Downloads/apache-shardingsphere-incubating-4.0.0-RC2-src-release/sharding-core/sharding-core-parse/sharding-core-parse-sqlserver/src/main/java/org/apache/shardingsphere/core/parse/core/filler/tcl/SQLServerImplicitTransactionsFiller.java
/Users/huqingfeng/Downloads/apache-shardingsphere-incubating-4.0.0-RC2-src-release/sharding-core/sharding-core-parse/sharding-core-parse-sqlserver/jars/generated-sources/antlr4/org/apache/shardingsphere/core/parse/autogen/SQLServerStatementLexer.java
