org/apache/shardingsphere/core/parse/util/SQLUtilTest.class
org/apache/shardingsphere/core/parse/core/constant/QuoteCharacterTest.class
org/apache/shardingsphere/core/parse/exception/SQLParsingExceptionTest.class
org/apache/shardingsphere/core/parse/core/rule/jaxb/loader/statement/SQLStatementRuleDefinitionEntityLoaderTest.class
org/apache/shardingsphere/core/parse/core/rule/jaxb/loader/filler/FillerRuleDefinitionEntityLoaderTest.class
org/apache/shardingsphere/core/parse/hook/SPIParsingHookTest.class
org/apache/shardingsphere/core/parse/SQLParseEngineFactoryTest.class
org/apache/shardingsphere/core/parse/core/extractor/impl/common/schema/SchemaExtractorTest.class
org/apache/shardingsphere/core/parse/cache/SQLParseResultCacheTest.class
org/apache/shardingsphere/core/parse/core/rule/fixture/TestParserEntry.class
org/apache/shardingsphere/core/parse/core/extractor/util/ExtractorUtilsTest.class
org/apache/shardingsphere/core/parse/core/rule/registry/extractor/ExtractorRuleDefinitionTest.class
org/apache/shardingsphere/core/parse/sql/statement/dml/InsertStatementTest.class
org/apache/shardingsphere/core/parse/core/constant/ParenTest.class
org/apache/shardingsphere/core/parse/core/constant/LogicalOperatorTest.class
org/apache/shardingsphere/core/parse/core/SQLParseKernelTest.class
org/apache/shardingsphere/core/parse/core/rule/registry/filler/FillerRuleDefinitionTest.class
org/apache/shardingsphere/core/parse/hook/fixture/ParsingHookFixture.class
org/apache/shardingsphere/core/parse/sql/statement/generic/AbstractSQLStatementTest.class
org/apache/shardingsphere/core/parse/sql/segment/generic/TableSegmentTest.class
org/apache/shardingsphere/core/parse/fixture/ComplexKeysShardingAlgorithmFixture.class
org/apache/shardingsphere/core/parse/core/rule/jaxb/loader/extractor/ExtractorRuleDefinitionEntityLoaderTest.class
org/apache/shardingsphere/core/parse/sql/segment/dml/column/ColumnSegmentTest.class
org/apache/shardingsphere/core/parse/core/rule/registry/ParseRuleRegistryTest.class
org/apache/shardingsphere/core/parse/core/rule/jaxb/loader/RuleDefinitionFileConstantTest.class
org/apache/shardingsphere/core/parse/sql/segment/dml/item/SelectItemsSegmentTest.class
org/apache/shardingsphere/core/parse/core/rule/registry/statement/SQLStatementRuleDefinitionTest.class
