/Users/huqingfeng/Downloads/apache-shardingsphere-incubating-4.0.0-RC2-src-release/sharding-core/sharding-core-parse/sharding-core-parse-common/src/test/java/org/apache/shardingsphere/core/parse/core/rule/jaxb/loader/statement/SQLStatementRuleDefinitionEntityLoaderTest.java
/Users/huqingfeng/Downloads/apache-shardingsphere-incubating-4.0.0-RC2-src-release/sharding-core/sharding-core-parse/sharding-core-parse-common/src/test/java/org/apache/shardingsphere/core/parse/core/rule/fixture/TestParserEntry.java
/Users/huqingfeng/Downloads/apache-shardingsphere-incubating-4.0.0-RC2-src-release/sharding-core/sharding-core-parse/sharding-core-parse-common/src/test/java/org/apache/shardingsphere/core/parse/core/SQLParseKernelTest.java
/Users/huqingfeng/Downloads/apache-shardingsphere-incubating-4.0.0-RC2-src-release/sharding-core/sharding-core-parse/sharding-core-parse-common/src/test/java/org/apache/shardingsphere/core/parse/core/rule/registry/extractor/ExtractorRuleDefinitionTest.java
/Users/huqingfeng/Downloads/apache-shardingsphere-incubating-4.0.0-RC2-src-release/sharding-core/sharding-core-parse/sharding-core-parse-common/src/test/java/org/apache/shardingsphere/core/parse/sql/segment/generic/TableSegmentTest.java
/Users/huqingfeng/Downloads/apache-shardingsphere-incubating-4.0.0-RC2-src-release/sharding-core/sharding-core-parse/sharding-core-parse-common/src/test/java/org/apache/shardingsphere/core/parse/hook/fixture/ParsingHookFixture.java
/Users/huqingfeng/Downloads/apache-shardingsphere-incubating-4.0.0-RC2-src-release/sharding-core/sharding-core-parse/sharding-core-parse-common/src/test/java/org/apache/shardingsphere/core/parse/sql/segment/dml/item/SelectItemsSegmentTest.java
/Users/huqingfeng/Downloads/apache-shardingsphere-incubating-4.0.0-RC2-src-release/sharding-core/sharding-core-parse/sharding-core-parse-common/src/test/java/org/apache/shardingsphere/core/parse/core/extractor/util/ExtractorUtilsTest.java
/Users/huqingfeng/Downloads/apache-shardingsphere-incubating-4.0.0-RC2-src-release/sharding-core/sharding-core-parse/sharding-core-parse-common/src/test/java/org/apache/shardingsphere/core/parse/core/rule/registry/filler/FillerRuleDefinitionTest.java
/Users/huqingfeng/Downloads/apache-shardingsphere-incubating-4.0.0-RC2-src-release/sharding-core/sharding-core-parse/sharding-core-parse-common/src/test/java/org/apache/shardingsphere/core/parse/core/rule/jaxb/loader/extractor/ExtractorRuleDefinitionEntityLoaderTest.java
/Users/huqingfeng/Downloads/apache-shardingsphere-incubating-4.0.0-RC2-src-release/sharding-core/sharding-core-parse/sharding-core-parse-common/src/test/java/org/apache/shardingsphere/core/parse/core/rule/registry/ParseRuleRegistryTest.java
/Users/huqingfeng/Downloads/apache-shardingsphere-incubating-4.0.0-RC2-src-release/sharding-core/sharding-core-parse/sharding-core-parse-common/src/test/java/org/apache/shardingsphere/core/parse/sql/segment/dml/column/ColumnSegmentTest.java
/Users/huqingfeng/Downloads/apache-shardingsphere-incubating-4.0.0-RC2-src-release/sharding-core/sharding-core-parse/sharding-core-parse-common/src/test/java/org/apache/shardingsphere/core/parse/sql/statement/generic/AbstractSQLStatementTest.java
/Users/huqingfeng/Downloads/apache-shardingsphere-incubating-4.0.0-RC2-src-release/sharding-core/sharding-core-parse/sharding-core-parse-common/src/test/java/org/apache/shardingsphere/core/parse/core/extractor/impl/common/schema/SchemaExtractorTest.java
/Users/huqingfeng/Downloads/apache-shardingsphere-incubating-4.0.0-RC2-src-release/sharding-core/sharding-core-parse/sharding-core-parse-common/src/test/java/org/apache/shardingsphere/core/parse/core/rule/registry/statement/SQLStatementRuleDefinitionTest.java
/Users/huqingfeng/Downloads/apache-shardingsphere-incubating-4.0.0-RC2-src-release/sharding-core/sharding-core-parse/sharding-core-parse-common/src/test/java/org/apache/shardingsphere/core/parse/cache/SQLParseResultCacheTest.java
/Users/huqingfeng/Downloads/apache-shardingsphere-incubating-4.0.0-RC2-src-release/sharding-core/sharding-core-parse/sharding-core-parse-common/src/test/java/org/apache/shardingsphere/core/parse/SQLParseEngineFactoryTest.java
/Users/huqingfeng/Downloads/apache-shardingsphere-incubating-4.0.0-RC2-src-release/sharding-core/sharding-core-parse/sharding-core-parse-common/src/test/java/org/apache/shardingsphere/core/parse/hook/SPIParsingHookTest.java
/Users/huqingfeng/Downloads/apache-shardingsphere-incubating-4.0.0-RC2-src-release/sharding-core/sharding-core-parse/sharding-core-parse-common/src/test/java/org/apache/shardingsphere/core/parse/core/constant/ParenTest.java
/Users/huqingfeng/Downloads/apache-shardingsphere-incubating-4.0.0-RC2-src-release/sharding-core/sharding-core-parse/sharding-core-parse-common/src/test/java/org/apache/shardingsphere/core/parse/util/SQLUtilTest.java
/Users/huqingfeng/Downloads/apache-shardingsphere-incubating-4.0.0-RC2-src-release/sharding-core/sharding-core-parse/sharding-core-parse-common/src/test/java/org/apache/shardingsphere/core/parse/fixture/ComplexKeysShardingAlgorithmFixture.java
/Users/huqingfeng/Downloads/apache-shardingsphere-incubating-4.0.0-RC2-src-release/sharding-core/sharding-core-parse/sharding-core-parse-common/src/test/java/org/apache/shardingsphere/core/parse/sql/statement/dml/InsertStatementTest.java
/Users/huqingfeng/Downloads/apache-shardingsphere-incubating-4.0.0-RC2-src-release/sharding-core/sharding-core-parse/sharding-core-parse-common/src/test/java/org/apache/shardingsphere/core/parse/core/constant/LogicalOperatorTest.java
/Users/huqingfeng/Downloads/apache-shardingsphere-incubating-4.0.0-RC2-src-release/sharding-core/sharding-core-parse/sharding-core-parse-common/src/test/java/org/apache/shardingsphere/core/parse/core/rule/jaxb/loader/RuleDefinitionFileConstantTest.java
/Users/huqingfeng/Downloads/apache-shardingsphere-incubating-4.0.0-RC2-src-release/sharding-core/sharding-core-parse/sharding-core-parse-common/src/test/java/org/apache/shardingsphere/core/parse/core/constant/QuoteCharacterTest.java
/Users/huqingfeng/Downloads/apache-shardingsphere-incubating-4.0.0-RC2-src-release/sharding-core/sharding-core-parse/sharding-core-parse-common/src/test/java/org/apache/shardingsphere/core/parse/exception/SQLParsingExceptionTest.java
/Users/huqingfeng/Downloads/apache-shardingsphere-incubating-4.0.0-RC2-src-release/sharding-core/sharding-core-parse/sharding-core-parse-common/src/test/java/org/apache/shardingsphere/core/parse/core/rule/jaxb/loader/filler/FillerRuleDefinitionEntityLoaderTest.java
