org/apache/shardingsphere/transaction/xa/jta/connection/dialect/MySQLXAConnectionWrapperTest.class
org/apache/shardingsphere/transaction/xa/jta/datasource/properties/dialect/PostgreSQLXADataSourceDefinitionTest.class
org/apache/shardingsphere/transaction/xa/jta/datasource/swapper/impl/HikariCPPropertyProviderTest.class
org/apache/shardingsphere/transaction/xa/fixture/DataSourceUtils.class
org/apache/shardingsphere/transaction/xa/jta/datasource/properties/dialect/SQLServerXADataSourceDefinitionTest.class
org/apache/shardingsphere/transaction/xa/jta/datasource/SingleXADataSourceTest.class
org/apache/shardingsphere/transaction/xa/jta/datasource/XADataSourceFactoryTest.class
org/apache/shardingsphere/transaction/xa/jta/datasource/swapper/DataSourcePropertyProviderLoaderTest.class
org/apache/shardingsphere/transaction/xa/jta/connection/SingleXAConnectionTest.class
org/apache/shardingsphere/transaction/xa/jta/datasource/properties/dialect/MariaDBXADataSourceDefinitionTest.class
org/apache/shardingsphere/transaction/xa/jta/datasource/properties/dialect/OracleXADataSourceDefinitionTest.class
org/apache/shardingsphere/transaction/xa/fixture/FixtureXATransactionManager.class
org/apache/shardingsphere/transaction/xa/jta/datasource/properties/dialect/MySQLXADataSourceDefinitionTest.class
org/apache/shardingsphere/transaction/xa/jta/datasource/swapper/impl/DefaultDataSourcePropertyProviderTest.class
org/apache/shardingsphere/transaction/xa/jta/connection/XAConnectionFactoryTest.class
org/apache/shardingsphere/transaction/xa/jta/datasource/swapper/DataSourceSwapperTest.class
org/apache/shardingsphere/transaction/xa/XAShardingTransactionManagerTest.class
org/apache/shardingsphere/transaction/xa/manager/XATransactionManagerLoaderTest.class
org/apache/shardingsphere/transaction/xa/jta/connection/dialect/PostgreSQLXAConnectionWrapperTest.class
org/apache/shardingsphere/transaction/xa/jta/datasource/properties/dialect/H2XADataSourceDefinitionTest.class
org/apache/shardingsphere/transaction/xa/jta/datasource/properties/XADataSourceDefinitionFactoryTest.class
org/apache/shardingsphere/transaction/xa/jta/connection/dialect/MariaDBXAConnectionWrapperTest.class
org/apache/shardingsphere/transaction/xa/fixture/ReflectiveUtil.class
