/Users/huqingfeng/Downloads/apache-shardingsphere-incubating-4.0.0-RC2-src-release/sharding-transaction/sharding-transaction-2pc/sharding-transaction-xa/sharding-transaction-xa-core/src/test/java/org/apache/shardingsphere/transaction/xa/jta/datasource/properties/dialect/H2XADataSourceDefinitionTest.java
/Users/huqingfeng/Downloads/apache-shardingsphere-incubating-4.0.0-RC2-src-release/sharding-transaction/sharding-transaction-2pc/sharding-transaction-xa/sharding-transaction-xa-core/src/test/java/org/apache/shardingsphere/transaction/xa/jta/datasource/swapper/impl/DefaultDataSourcePropertyProviderTest.java
/Users/huqingfeng/Downloads/apache-shardingsphere-incubating-4.0.0-RC2-src-release/sharding-transaction/sharding-transaction-2pc/sharding-transaction-xa/sharding-transaction-xa-core/src/test/java/org/apache/shardingsphere/transaction/xa/jta/datasource/swapper/DataSourceSwapperTest.java
/Users/huqingfeng/Downloads/apache-shardingsphere-incubating-4.0.0-RC2-src-release/sharding-transaction/sharding-transaction-2pc/sharding-transaction-xa/sharding-transaction-xa-core/src/test/java/org/apache/shardingsphere/transaction/xa/jta/connection/dialect/MariaDBXAConnectionWrapperTest.java
/Users/huqingfeng/Downloads/apache-shardingsphere-incubating-4.0.0-RC2-src-release/sharding-transaction/sharding-transaction-2pc/sharding-transaction-xa/sharding-transaction-xa-core/src/test/java/org/apache/shardingsphere/transaction/xa/jta/connection/dialect/PostgreSQLXAConnectionWrapperTest.java
/Users/huqingfeng/Downloads/apache-shardingsphere-incubating-4.0.0-RC2-src-release/sharding-transaction/sharding-transaction-2pc/sharding-transaction-xa/sharding-transaction-xa-core/src/test/java/org/apache/shardingsphere/transaction/xa/jta/datasource/XADataSourceFactoryTest.java
/Users/huqingfeng/Downloads/apache-shardingsphere-incubating-4.0.0-RC2-src-release/sharding-transaction/sharding-transaction-2pc/sharding-transaction-xa/sharding-transaction-xa-core/src/test/java/org/apache/shardingsphere/transaction/xa/jta/connection/XAConnectionFactoryTest.java
/Users/huqingfeng/Downloads/apache-shardingsphere-incubating-4.0.0-RC2-src-release/sharding-transaction/sharding-transaction-2pc/sharding-transaction-xa/sharding-transaction-xa-core/src/test/java/org/apache/shardingsphere/transaction/xa/jta/datasource/properties/dialect/MySQLXADataSourceDefinitionTest.java
/Users/huqingfeng/Downloads/apache-shardingsphere-incubating-4.0.0-RC2-src-release/sharding-transaction/sharding-transaction-2pc/sharding-transaction-xa/sharding-transaction-xa-core/src/test/java/org/apache/shardingsphere/transaction/xa/jta/datasource/swapper/impl/HikariCPPropertyProviderTest.java
/Users/huqingfeng/Downloads/apache-shardingsphere-incubating-4.0.0-RC2-src-release/sharding-transaction/sharding-transaction-2pc/sharding-transaction-xa/sharding-transaction-xa-core/src/test/java/org/apache/shardingsphere/transaction/xa/jta/datasource/properties/dialect/MariaDBXADataSourceDefinitionTest.java
/Users/huqingfeng/Downloads/apache-shardingsphere-incubating-4.0.0-RC2-src-release/sharding-transaction/sharding-transaction-2pc/sharding-transaction-xa/sharding-transaction-xa-core/src/test/java/org/apache/shardingsphere/transaction/xa/jta/datasource/swapper/DataSourcePropertyProviderLoaderTest.java
/Users/huqingfeng/Downloads/apache-shardingsphere-incubating-4.0.0-RC2-src-release/sharding-transaction/sharding-transaction-2pc/sharding-transaction-xa/sharding-transaction-xa-core/src/test/java/org/apache/shardingsphere/transaction/xa/fixture/FixtureXATransactionManager.java
/Users/huqingfeng/Downloads/apache-shardingsphere-incubating-4.0.0-RC2-src-release/sharding-transaction/sharding-transaction-2pc/sharding-transaction-xa/sharding-transaction-xa-core/src/test/java/org/apache/shardingsphere/transaction/xa/jta/connection/dialect/MySQLXAConnectionWrapperTest.java
/Users/huqingfeng/Downloads/apache-shardingsphere-incubating-4.0.0-RC2-src-release/sharding-transaction/sharding-transaction-2pc/sharding-transaction-xa/sharding-transaction-xa-core/src/test/java/org/apache/shardingsphere/transaction/xa/manager/XATransactionManagerLoaderTest.java
/Users/huqingfeng/Downloads/apache-shardingsphere-incubating-4.0.0-RC2-src-release/sharding-transaction/sharding-transaction-2pc/sharding-transaction-xa/sharding-transaction-xa-core/src/test/java/org/apache/shardingsphere/transaction/xa/jta/datasource/properties/dialect/OracleXADataSourceDefinitionTest.java
/Users/huqingfeng/Downloads/apache-shardingsphere-incubating-4.0.0-RC2-src-release/sharding-transaction/sharding-transaction-2pc/sharding-transaction-xa/sharding-transaction-xa-core/src/test/java/org/apache/shardingsphere/transaction/xa/jta/datasource/properties/XADataSourceDefinitionFactoryTest.java
/Users/huqingfeng/Downloads/apache-shardingsphere-incubating-4.0.0-RC2-src-release/sharding-transaction/sharding-transaction-2pc/sharding-transaction-xa/sharding-transaction-xa-core/src/test/java/org/apache/shardingsphere/transaction/xa/jta/datasource/properties/dialect/SQLServerXADataSourceDefinitionTest.java
/Users/huqingfeng/Downloads/apache-shardingsphere-incubating-4.0.0-RC2-src-release/sharding-transaction/sharding-transaction-2pc/sharding-transaction-xa/sharding-transaction-xa-core/src/test/java/org/apache/shardingsphere/transaction/xa/jta/datasource/SingleXADataSourceTest.java
/Users/huqingfeng/Downloads/apache-shardingsphere-incubating-4.0.0-RC2-src-release/sharding-transaction/sharding-transaction-2pc/sharding-transaction-xa/sharding-transaction-xa-core/src/test/java/org/apache/shardingsphere/transaction/xa/jta/connection/SingleXAConnectionTest.java
/Users/huqingfeng/Downloads/apache-shardingsphere-incubating-4.0.0-RC2-src-release/sharding-transaction/sharding-transaction-2pc/sharding-transaction-xa/sharding-transaction-xa-core/src/test/java/org/apache/shardingsphere/transaction/xa/fixture/DataSourceUtils.java
/Users/huqingfeng/Downloads/apache-shardingsphere-incubating-4.0.0-RC2-src-release/sharding-transaction/sharding-transaction-2pc/sharding-transaction-xa/sharding-transaction-xa-core/src/test/java/org/apache/shardingsphere/transaction/xa/jta/datasource/properties/dialect/PostgreSQLXADataSourceDefinitionTest.java
/Users/huqingfeng/Downloads/apache-shardingsphere-incubating-4.0.0-RC2-src-release/sharding-transaction/sharding-transaction-2pc/sharding-transaction-xa/sharding-transaction-xa-core/src/test/java/org/apache/shardingsphere/transaction/xa/fixture/ReflectiveUtil.java
/Users/huqingfeng/Downloads/apache-shardingsphere-incubating-4.0.0-RC2-src-release/sharding-transaction/sharding-transaction-2pc/sharding-transaction-xa/sharding-transaction-xa-core/src/test/java/org/apache/shardingsphere/transaction/xa/XAShardingTransactionManagerTest.java
