/Users/huqingfeng/Downloads/apache-shardingsphere-incubating-4.0.0-RC2-src-release/sharding-core/sharding-core-rewrite/src/main/java/org/apache/shardingsphere/core/rewrite/token/pojo/AggregationDistinctToken.java
/Users/huqingfeng/Downloads/apache-shardingsphere-incubating-4.0.0-RC2-src-release/sharding-core/sharding-core-rewrite/src/main/java/org/apache/shardingsphere/core/rewrite/token/pojo/IndexToken.java
/Users/huqingfeng/Downloads/apache-shardingsphere-incubating-4.0.0-RC2-src-release/sharding-core/sharding-core-rewrite/src/main/java/org/apache/shardingsphere/core/rewrite/token/generator/OffsetTokenGenerator.java
/Users/huqingfeng/Downloads/apache-shardingsphere-incubating-4.0.0-RC2-src-release/sharding-core/sharding-core-rewrite/src/main/java/org/apache/shardingsphere/core/rewrite/token/pojo/UpdateEncryptLiteralColumnToken.java
/Users/huqingfeng/Downloads/apache-shardingsphere-incubating-4.0.0-RC2-src-release/sharding-core/sharding-core-rewrite/src/main/java/org/apache/shardingsphere/core/rewrite/token/generator/WhereEncryptColumnTokenGenerator.java
/Users/huqingfeng/Downloads/apache-shardingsphere-incubating-4.0.0-RC2-src-release/sharding-core/sharding-core-rewrite/src/main/java/org/apache/shardingsphere/core/rewrite/token/pojo/SelectItemPrefixToken.java
/Users/huqingfeng/Downloads/apache-shardingsphere-incubating-4.0.0-RC2-src-release/sharding-core/sharding-core-rewrite/src/main/java/org/apache/shardingsphere/core/rewrite/token/pojo/InsertQueryAndPlainNamesToken.java
/Users/huqingfeng/Downloads/apache-shardingsphere-incubating-4.0.0-RC2-src-release/sharding-core/sharding-core-rewrite/src/main/java/org/apache/shardingsphere/core/rewrite/token/pojo/OffsetToken.java
/Users/huqingfeng/Downloads/apache-shardingsphere-incubating-4.0.0-RC2-src-release/sharding-core/sharding-core-rewrite/src/main/java/org/apache/shardingsphere/core/rewrite/token/pojo/SQLToken.java
/Users/huqingfeng/Downloads/apache-shardingsphere-incubating-4.0.0-RC2-src-release/sharding-core/sharding-core-rewrite/src/main/java/org/apache/shardingsphere/core/rewrite/token/pojo/TableToken.java
/Users/huqingfeng/Downloads/apache-shardingsphere-incubating-4.0.0-RC2-src-release/sharding-core/sharding-core-rewrite/src/main/java/org/apache/shardingsphere/core/rewrite/token/pojo/InsertSetCipherColumnToken.java
/Users/huqingfeng/Downloads/apache-shardingsphere-incubating-4.0.0-RC2-src-release/sharding-core/sharding-core-rewrite/src/main/java/org/apache/shardingsphere/core/rewrite/token/pojo/InsertCipherNameToken.java
/Users/huqingfeng/Downloads/apache-shardingsphere-incubating-4.0.0-RC2-src-release/sharding-core/sharding-core-rewrite/src/main/java/org/apache/shardingsphere/core/rewrite/token/generator/IndexTokenGenerator.java
/Users/huqingfeng/Downloads/apache-shardingsphere-incubating-4.0.0-RC2-src-release/sharding-core/sharding-core-rewrite/src/main/java/org/apache/shardingsphere/core/rewrite/token/generator/CollectionSQLTokenGenerator.java
/Users/huqingfeng/Downloads/apache-shardingsphere-incubating-4.0.0-RC2-src-release/sharding-core/sharding-core-rewrite/src/main/java/org/apache/shardingsphere/core/rewrite/token/pojo/UpdateEncryptParameterColumnToken.java
/Users/huqingfeng/Downloads/apache-shardingsphere-incubating-4.0.0-RC2-src-release/sharding-core/sharding-core-rewrite/src/main/java/org/apache/shardingsphere/core/rewrite/token/generator/InsertRegularNamesTokenGenerator.java
/Users/huqingfeng/Downloads/apache-shardingsphere-incubating-4.0.0-RC2-src-release/sharding-core/sharding-core-rewrite/src/main/java/org/apache/shardingsphere/core/rewrite/token/generator/IgnoreForSingleRoute.java
/Users/huqingfeng/Downloads/apache-shardingsphere-incubating-4.0.0-RC2-src-release/sharding-core/sharding-core-rewrite/src/main/java/org/apache/shardingsphere/core/rewrite/token/pojo/RemoveToken.java
/Users/huqingfeng/Downloads/apache-shardingsphere-incubating-4.0.0-RC2-src-release/sharding-core/sharding-core-rewrite/src/main/java/org/apache/shardingsphere/core/rewrite/token/SQLTokenGenerateEngine.java
/Users/huqingfeng/Downloads/apache-shardingsphere-incubating-4.0.0-RC2-src-release/sharding-core/sharding-core-rewrite/src/main/java/org/apache/shardingsphere/core/rewrite/builder/BaseParameterBuilder.java
/Users/huqingfeng/Downloads/apache-shardingsphere-incubating-4.0.0-RC2-src-release/sharding-core/sharding-core-rewrite/src/main/java/org/apache/shardingsphere/core/rewrite/builder/SQLBuilder.java
/Users/huqingfeng/Downloads/apache-shardingsphere-incubating-4.0.0-RC2-src-release/sharding-core/sharding-core-rewrite/src/main/java/org/apache/shardingsphere/core/rewrite/token/generator/OptionalSQLTokenGenerator.java
/Users/huqingfeng/Downloads/apache-shardingsphere-incubating-4.0.0-RC2-src-release/sharding-core/sharding-core-rewrite/src/main/java/org/apache/shardingsphere/core/rewrite/token/generator/SelectItemPrefixTokenGenerator.java
/Users/huqingfeng/Downloads/apache-shardingsphere-incubating-4.0.0-RC2-src-release/sharding-core/sharding-core-rewrite/src/main/java/org/apache/shardingsphere/core/rewrite/token/generator/SelectEncryptItemTokenGenerator.java
/Users/huqingfeng/Downloads/apache-shardingsphere-incubating-4.0.0-RC2-src-release/sharding-core/sharding-core-rewrite/src/main/java/org/apache/shardingsphere/core/rewrite/token/generator/RemoveTokenGenerator.java
/Users/huqingfeng/Downloads/apache-shardingsphere-incubating-4.0.0-RC2-src-release/sharding-core/sharding-core-rewrite/src/main/java/org/apache/shardingsphere/core/rewrite/token/pojo/InsertSetQueryAndPlainColumnsToken.java
/Users/huqingfeng/Downloads/apache-shardingsphere-incubating-4.0.0-RC2-src-release/sharding-core/sharding-core-rewrite/src/main/java/org/apache/shardingsphere/core/rewrite/token/BaseTokenGenerateEngine.java
/Users/huqingfeng/Downloads/apache-shardingsphere-incubating-4.0.0-RC2-src-release/sharding-core/sharding-core-rewrite/src/main/java/org/apache/shardingsphere/core/rewrite/token/generator/InsertQueryAndPlainNamesTokenGenerator.java
/Users/huqingfeng/Downloads/apache-shardingsphere-incubating-4.0.0-RC2-src-release/sharding-core/sharding-core-rewrite/src/main/java/org/apache/shardingsphere/core/rewrite/token/pojo/InsertRegularNamesToken.java
/Users/huqingfeng/Downloads/apache-shardingsphere-incubating-4.0.0-RC2-src-release/sharding-core/sharding-core-rewrite/src/main/java/org/apache/shardingsphere/core/rewrite/token/pojo/OrderByToken.java
/Users/huqingfeng/Downloads/apache-shardingsphere-incubating-4.0.0-RC2-src-release/sharding-core/sharding-core-rewrite/src/main/java/org/apache/shardingsphere/core/rewrite/token/generator/InsertValuesTokenGenerator.java
/Users/huqingfeng/Downloads/apache-shardingsphere-incubating-4.0.0-RC2-src-release/sharding-core/sharding-core-rewrite/src/main/java/org/apache/shardingsphere/core/rewrite/token/pojo/Substitutable.java
/Users/huqingfeng/Downloads/apache-shardingsphere-incubating-4.0.0-RC2-src-release/sharding-core/sharding-core-rewrite/src/main/java/org/apache/shardingsphere/core/rewrite/token/pojo/InsertGeneratedKeyNameToken.java
/Users/huqingfeng/Downloads/apache-shardingsphere-incubating-4.0.0-RC2-src-release/sharding-core/sharding-core-rewrite/src/main/java/org/apache/shardingsphere/core/rewrite/token/generator/SelectItemsTokenGenerator.java
/Users/huqingfeng/Downloads/apache-shardingsphere-incubating-4.0.0-RC2-src-release/sharding-core/sharding-core-rewrite/src/main/java/org/apache/shardingsphere/core/rewrite/token/generator/SQLTokenGenerator.java
/Users/huqingfeng/Downloads/apache-shardingsphere-incubating-4.0.0-RC2-src-release/sharding-core/sharding-core-rewrite/src/main/java/org/apache/shardingsphere/core/rewrite/token/generator/AggregationDistinctTokenGenerator.java
/Users/huqingfeng/Downloads/apache-shardingsphere-incubating-4.0.0-RC2-src-release/sharding-core/sharding-core-rewrite/src/main/java/org/apache/shardingsphere/core/rewrite/token/EncryptTokenGenerateEngine.java
/Users/huqingfeng/Downloads/apache-shardingsphere-incubating-4.0.0-RC2-src-release/sharding-core/sharding-core-rewrite/src/main/java/org/apache/shardingsphere/core/rewrite/SQLRewriteEngine.java
/Users/huqingfeng/Downloads/apache-shardingsphere-incubating-4.0.0-RC2-src-release/sharding-core/sharding-core-rewrite/src/main/java/org/apache/shardingsphere/core/rewrite/token/generator/InsertSetGeneratedKeyColumnTokenGenerator.java
/Users/huqingfeng/Downloads/apache-shardingsphere-incubating-4.0.0-RC2-src-release/sharding-core/sharding-core-rewrite/src/main/java/org/apache/shardingsphere/core/rewrite/token/generator/InsertCipherNameTokenGenerator.java
/Users/huqingfeng/Downloads/apache-shardingsphere-incubating-4.0.0-RC2-src-release/sharding-core/sharding-core-rewrite/src/main/java/org/apache/shardingsphere/core/rewrite/token/generator/InsertGeneratedKeyNameTokenGenerator.java
/Users/huqingfeng/Downloads/apache-shardingsphere-incubating-4.0.0-RC2-src-release/sharding-core/sharding-core-rewrite/src/main/java/org/apache/shardingsphere/core/rewrite/token/pojo/WhereEncryptColumnToken.java
/Users/huqingfeng/Downloads/apache-shardingsphere-incubating-4.0.0-RC2-src-release/sharding-core/sharding-core-rewrite/src/main/java/org/apache/shardingsphere/core/rewrite/token/generator/TableTokenGenerator.java
/Users/huqingfeng/Downloads/apache-shardingsphere-incubating-4.0.0-RC2-src-release/sharding-core/sharding-core-rewrite/src/main/java/org/apache/shardingsphere/core/rewrite/token/generator/UpdateEncryptColumnTokenGenerator.java
/Users/huqingfeng/Downloads/apache-shardingsphere-incubating-4.0.0-RC2-src-release/sharding-core/sharding-core-rewrite/src/main/java/org/apache/shardingsphere/core/rewrite/token/generator/OrderByTokenGenerator.java
/Users/huqingfeng/Downloads/apache-shardingsphere-incubating-4.0.0-RC2-src-release/sharding-core/sharding-core-rewrite/src/main/java/org/apache/shardingsphere/core/rewrite/token/pojo/SelectEncryptItemToken.java
/Users/huqingfeng/Downloads/apache-shardingsphere-incubating-4.0.0-RC2-src-release/sharding-core/sharding-core-rewrite/src/main/java/org/apache/shardingsphere/core/rewrite/token/pojo/Attachable.java
/Users/huqingfeng/Downloads/apache-shardingsphere-incubating-4.0.0-RC2-src-release/sharding-core/sharding-core-rewrite/src/main/java/org/apache/shardingsphere/core/rewrite/token/pojo/EncryptColumnToken.java
/Users/huqingfeng/Downloads/apache-shardingsphere-incubating-4.0.0-RC2-src-release/sharding-core/sharding-core-rewrite/src/main/java/org/apache/shardingsphere/core/rewrite/token/generator/InsertSetQueryAndPlainColumnsTokenGenerator.java
/Users/huqingfeng/Downloads/apache-shardingsphere-incubating-4.0.0-RC2-src-release/sharding-core/sharding-core-rewrite/src/main/java/org/apache/shardingsphere/core/rewrite/token/pojo/RowCountToken.java
/Users/huqingfeng/Downloads/apache-shardingsphere-incubating-4.0.0-RC2-src-release/sharding-core/sharding-core-rewrite/src/main/java/org/apache/shardingsphere/core/rewrite/token/pojo/SelectItemsToken.java
/Users/huqingfeng/Downloads/apache-shardingsphere-incubating-4.0.0-RC2-src-release/sharding-core/sharding-core-rewrite/src/main/java/org/apache/shardingsphere/core/rewrite/token/pojo/Alterable.java
/Users/huqingfeng/Downloads/apache-shardingsphere-incubating-4.0.0-RC2-src-release/sharding-core/sharding-core-rewrite/src/main/java/org/apache/shardingsphere/core/rewrite/token/pojo/InsertSetGeneratedKeyColumnToken.java
/Users/huqingfeng/Downloads/apache-shardingsphere-incubating-4.0.0-RC2-src-release/sharding-core/sharding-core-rewrite/src/main/java/org/apache/shardingsphere/core/rewrite/builder/ParameterBuilder.java
/Users/huqingfeng/Downloads/apache-shardingsphere-incubating-4.0.0-RC2-src-release/sharding-core/sharding-core-rewrite/src/main/java/org/apache/shardingsphere/core/rewrite/token/generator/RowCountTokenGenerator.java
/Users/huqingfeng/Downloads/apache-shardingsphere-incubating-4.0.0-RC2-src-release/sharding-core/sharding-core-rewrite/src/main/java/org/apache/shardingsphere/core/rewrite/token/ShardingTokenGenerateEngine.java
/Users/huqingfeng/Downloads/apache-shardingsphere-incubating-4.0.0-RC2-src-release/sharding-core/sharding-core-rewrite/src/main/java/org/apache/shardingsphere/core/rewrite/builder/InsertParameterBuilder.java
/Users/huqingfeng/Downloads/apache-shardingsphere-incubating-4.0.0-RC2-src-release/sharding-core/sharding-core-rewrite/src/main/java/org/apache/shardingsphere/core/rewrite/token/generator/InsertSetCipherColumnTokenGenerator.java
/Users/huqingfeng/Downloads/apache-shardingsphere-incubating-4.0.0-RC2-src-release/sharding-core/sharding-core-rewrite/src/main/java/org/apache/shardingsphere/core/rewrite/token/pojo/InsertValuesToken.java
/Users/huqingfeng/Downloads/apache-shardingsphere-incubating-4.0.0-RC2-src-release/sharding-core/sharding-core-rewrite/src/main/java/org/apache/shardingsphere/core/rewrite/builder/InsertParameterUnit.java
