/Users/huqingfeng/Downloads/apache-shardingsphere-incubating-4.0.0-RC2-src-release/sharding-transaction/sharding-transaction-2pc/sharding-transaction-xa/sharding-transaction-xa-core/src/main/java/org/apache/shardingsphere/transaction/xa/jta/datasource/swapper/impl/HikariCPPropertyProvider.java
/Users/huqingfeng/Downloads/apache-shardingsphere-incubating-4.0.0-RC2-src-release/sharding-transaction/sharding-transaction-2pc/sharding-transaction-xa/sharding-transaction-xa-core/src/main/java/org/apache/shardingsphere/transaction/xa/jta/datasource/properties/XADataSourceDefinition.java
/Users/huqingfeng/Downloads/apache-shardingsphere-incubating-4.0.0-RC2-src-release/sharding-transaction/sharding-transaction-2pc/sharding-transaction-xa/sharding-transaction-xa-core/src/main/java/org/apache/shardingsphere/transaction/xa/jta/connection/XAConnectionFactory.java
/Users/huqingfeng/Downloads/apache-shardingsphere-incubating-4.0.0-RC2-src-release/sharding-transaction/sharding-transaction-2pc/sharding-transaction-xa/sharding-transaction-xa-core/src/main/java/org/apache/shardingsphere/transaction/xa/jta/connection/dialect/MySQLXAConnectionWrapper.java
/Users/huqingfeng/Downloads/apache-shardingsphere-incubating-4.0.0-RC2-src-release/sharding-transaction/sharding-transaction-2pc/sharding-transaction-xa/sharding-transaction-xa-core/src/main/java/org/apache/shardingsphere/transaction/xa/jta/connection/dialect/PostgreSQLXAConnectionWrapper.java
/Users/huqingfeng/Downloads/apache-shardingsphere-incubating-4.0.0-RC2-src-release/sharding-transaction/sharding-transaction-2pc/sharding-transaction-xa/sharding-transaction-xa-core/src/main/java/org/apache/shardingsphere/transaction/xa/jta/datasource/AbstractUnsupportedSingleXADataSource.java
/Users/huqingfeng/Downloads/apache-shardingsphere-incubating-4.0.0-RC2-src-release/sharding-transaction/sharding-transaction-2pc/sharding-transaction-xa/sharding-transaction-xa-core/src/main/java/org/apache/shardingsphere/transaction/xa/jta/datasource/SingleXADataSource.java
/Users/huqingfeng/Downloads/apache-shardingsphere-incubating-4.0.0-RC2-src-release/sharding-transaction/sharding-transaction-2pc/sharding-transaction-xa/sharding-transaction-xa-core/src/main/java/org/apache/shardingsphere/transaction/xa/jta/connection/XAConnectionWrapper.java
/Users/huqingfeng/Downloads/apache-shardingsphere-incubating-4.0.0-RC2-src-release/sharding-transaction/sharding-transaction-2pc/sharding-transaction-xa/sharding-transaction-xa-core/src/main/java/org/apache/shardingsphere/transaction/xa/jta/datasource/XADataSourceFactory.java
/Users/huqingfeng/Downloads/apache-shardingsphere-incubating-4.0.0-RC2-src-release/sharding-transaction/sharding-transaction-2pc/sharding-transaction-xa/sharding-transaction-xa-core/src/main/java/org/apache/shardingsphere/transaction/xa/manager/XATransactionManagerLoader.java
/Users/huqingfeng/Downloads/apache-shardingsphere-incubating-4.0.0-RC2-src-release/sharding-transaction/sharding-transaction-2pc/sharding-transaction-xa/sharding-transaction-xa-core/src/main/java/org/apache/shardingsphere/transaction/xa/jta/datasource/properties/dialect/MySQLXADataSourceDefinition.java
/Users/huqingfeng/Downloads/apache-shardingsphere-incubating-4.0.0-RC2-src-release/sharding-transaction/sharding-transaction-2pc/sharding-transaction-xa/sharding-transaction-xa-core/src/main/java/org/apache/shardingsphere/transaction/xa/jta/connection/SingleXAConnection.java
/Users/huqingfeng/Downloads/apache-shardingsphere-incubating-4.0.0-RC2-src-release/sharding-transaction/sharding-transaction-2pc/sharding-transaction-xa/sharding-transaction-xa-core/src/main/java/org/apache/shardingsphere/transaction/xa/jta/datasource/properties/dialect/OracleXADataSourceDefinition.java
/Users/huqingfeng/Downloads/apache-shardingsphere-incubating-4.0.0-RC2-src-release/sharding-transaction/sharding-transaction-2pc/sharding-transaction-xa/sharding-transaction-xa-core/src/main/java/org/apache/shardingsphere/transaction/xa/jta/datasource/swapper/impl/DefaultDataSourcePropertyProvider.java
/Users/huqingfeng/Downloads/apache-shardingsphere-incubating-4.0.0-RC2-src-release/sharding-transaction/sharding-transaction-2pc/sharding-transaction-xa/sharding-transaction-xa-core/src/main/java/org/apache/shardingsphere/transaction/xa/jta/connection/dialect/H2XAConnectionWrapper.java
/Users/huqingfeng/Downloads/apache-shardingsphere-incubating-4.0.0-RC2-src-release/sharding-transaction/sharding-transaction-2pc/sharding-transaction-xa/sharding-transaction-xa-core/src/main/java/org/apache/shardingsphere/transaction/xa/jta/datasource/properties/dialect/SQLServerXADataSourceDefinition.java
/Users/huqingfeng/Downloads/apache-shardingsphere-incubating-4.0.0-RC2-src-release/sharding-transaction/sharding-transaction-2pc/sharding-transaction-xa/sharding-transaction-xa-core/src/main/java/org/apache/shardingsphere/transaction/xa/jta/datasource/properties/XADataSourceDefinitionFactory.java
/Users/huqingfeng/Downloads/apache-shardingsphere-incubating-4.0.0-RC2-src-release/sharding-transaction/sharding-transaction-2pc/sharding-transaction-xa/sharding-transaction-xa-core/src/main/java/org/apache/shardingsphere/transaction/xa/jta/datasource/properties/dialect/H2XADataSourceDefinition.java
/Users/huqingfeng/Downloads/apache-shardingsphere-incubating-4.0.0-RC2-src-release/sharding-transaction/sharding-transaction-2pc/sharding-transaction-xa/sharding-transaction-xa-core/src/main/java/org/apache/shardingsphere/transaction/xa/jta/datasource/swapper/DataSourceSwapper.java
/Users/huqingfeng/Downloads/apache-shardingsphere-incubating-4.0.0-RC2-src-release/sharding-transaction/sharding-transaction-2pc/sharding-transaction-xa/sharding-transaction-xa-core/src/main/java/org/apache/shardingsphere/transaction/xa/jta/datasource/properties/dialect/MariaDBXADataSourceDefinition.java
/Users/huqingfeng/Downloads/apache-shardingsphere-incubating-4.0.0-RC2-src-release/sharding-transaction/sharding-transaction-2pc/sharding-transaction-xa/sharding-transaction-xa-core/src/main/java/org/apache/shardingsphere/transaction/xa/jta/connection/dialect/MariaDBXAConnectionWrapper.java
/Users/huqingfeng/Downloads/apache-shardingsphere-incubating-4.0.0-RC2-src-release/sharding-transaction/sharding-transaction-2pc/sharding-transaction-xa/sharding-transaction-xa-core/src/main/java/org/apache/shardingsphere/transaction/xa/jta/datasource/swapper/DataSourcePropertyProvider.java
/Users/huqingfeng/Downloads/apache-shardingsphere-incubating-4.0.0-RC2-src-release/sharding-transaction/sharding-transaction-2pc/sharding-transaction-xa/sharding-transaction-xa-core/src/main/java/org/apache/shardingsphere/transaction/xa/XAShardingTransactionManager.java
/Users/huqingfeng/Downloads/apache-shardingsphere-incubating-4.0.0-RC2-src-release/sharding-transaction/sharding-transaction-2pc/sharding-transaction-xa/sharding-transaction-xa-core/src/main/java/org/apache/shardingsphere/transaction/xa/jta/datasource/swapper/DataSourcePropertyProviderLoader.java
/Users/huqingfeng/Downloads/apache-shardingsphere-incubating-4.0.0-RC2-src-release/sharding-transaction/sharding-transaction-2pc/sharding-transaction-xa/sharding-transaction-xa-core/src/main/java/org/apache/shardingsphere/transaction/xa/jta/datasource/properties/dialect/PostgreSQLXADataSourceDefinition.java
