/Users/huqingfeng/Downloads/apache-shardingsphere-incubating-4.0.0-RC2-src-release/sharding-proxy/sharding-proxy-frontend/sharding-proxy-frontend-core/src/main/java/org/apache/shardingsphere/shardingproxy/frontend/command/CommandExecutorTask.java
/Users/huqingfeng/Downloads/apache-shardingsphere-incubating-4.0.0-RC2-src-release/sharding-proxy/sharding-proxy-frontend/sharding-proxy-frontend-core/src/main/java/org/apache/shardingsphere/shardingproxy/frontend/executor/CommandExecutorSelector.java
/Users/huqingfeng/Downloads/apache-shardingsphere-incubating-4.0.0-RC2-src-release/sharding-proxy/sharding-proxy-frontend/sharding-proxy-frontend-core/src/main/java/org/apache/shardingsphere/shardingproxy/frontend/bootstrap/ShardingProxy.java
/Users/huqingfeng/Downloads/apache-shardingsphere-incubating-4.0.0-RC2-src-release/sharding-proxy/sharding-proxy-frontend/sharding-proxy-frontend-core/src/main/java/org/apache/shardingsphere/shardingproxy/frontend/executor/ChannelThreadExecutorGroup.java
/Users/huqingfeng/Downloads/apache-shardingsphere-incubating-4.0.0-RC2-src-release/sharding-proxy/sharding-proxy-frontend/sharding-proxy-frontend-core/src/main/java/org/apache/shardingsphere/shardingproxy/frontend/executor/UserExecutorGroup.java
/Users/huqingfeng/Downloads/apache-shardingsphere-incubating-4.0.0-RC2-src-release/sharding-proxy/sharding-proxy-frontend/sharding-proxy-frontend-core/src/main/java/org/apache/shardingsphere/shardingproxy/frontend/netty/FrontendChannelInboundHandler.java
/Users/huqingfeng/Downloads/apache-shardingsphere-incubating-4.0.0-RC2-src-release/sharding-proxy/sharding-proxy-frontend/sharding-proxy-frontend-core/src/main/java/org/apache/shardingsphere/shardingproxy/frontend/ConnectionIdGenerator.java
/Users/huqingfeng/Downloads/apache-shardingsphere-incubating-4.0.0-RC2-src-release/sharding-proxy/sharding-proxy-frontend/sharding-proxy-frontend-core/src/main/java/org/apache/shardingsphere/shardingproxy/frontend/netty/ServerHandlerInitializer.java
/Users/huqingfeng/Downloads/apache-shardingsphere-incubating-4.0.0-RC2-src-release/sharding-proxy/sharding-proxy-frontend/sharding-proxy-frontend-core/src/main/java/org/apache/shardingsphere/shardingproxy/frontend/DatabaseProtocolFrontendEngineFactory.java
