/Users/huqingfeng/Downloads/apache-shardingsphere-incubating-4.0.0-RC2-src-release/sharding-spring/sharding-jdbc-orchestration-spring/sharding-jdbc-orchestration-spring-namespace/src/main/java/org/apache/shardingsphere/shardingjdbc/orchestration/spring/namespace/handler/OrchestrationNamespaceHandler.java
/Users/huqingfeng/Downloads/apache-shardingsphere-incubating-4.0.0-RC2-src-release/sharding-spring/sharding-jdbc-orchestration-spring/sharding-jdbc-orchestration-spring-namespace/src/main/java/org/apache/shardingsphere/shardingjdbc/orchestration/spring/namespace/constants/RegistryCenterBeanDefinitionParserTag.java
/Users/huqingfeng/Downloads/apache-shardingsphere-incubating-4.0.0-RC2-src-release/sharding-spring/sharding-jdbc-orchestration-spring/sharding-jdbc-orchestration-spring-namespace/src/main/java/org/apache/shardingsphere/shardingjdbc/orchestration/spring/namespace/constants/ShardingDataSourceBeanDefinitionParserTag.java
/Users/huqingfeng/Downloads/apache-shardingsphere-incubating-4.0.0-RC2-src-release/sharding-spring/sharding-jdbc-orchestration-spring/sharding-jdbc-orchestration-spring-namespace/src/main/java/org/apache/shardingsphere/shardingjdbc/orchestration/spring/namespace/parser/RegBeanDefinitionParser.java
/Users/huqingfeng/Downloads/apache-shardingsphere-incubating-4.0.0-RC2-src-release/sharding-spring/sharding-jdbc-orchestration-spring/sharding-jdbc-orchestration-spring-namespace/src/main/java/org/apache/shardingsphere/shardingjdbc/orchestration/spring/datasource/OrchestrationSpringMasterSlaveDataSource.java
/Users/huqingfeng/Downloads/apache-shardingsphere-incubating-4.0.0-RC2-src-release/sharding-spring/sharding-jdbc-orchestration-spring/sharding-jdbc-orchestration-spring-namespace/src/main/java/org/apache/shardingsphere/shardingjdbc/orchestration/spring/namespace/constants/EncryptDataSourceBeanDefinitionParserTag.java
/Users/huqingfeng/Downloads/apache-shardingsphere-incubating-4.0.0-RC2-src-release/sharding-spring/sharding-jdbc-orchestration-spring/sharding-jdbc-orchestration-spring-namespace/src/main/java/org/apache/shardingsphere/shardingjdbc/orchestration/spring/namespace/constants/MasterSlaveDataSourceBeanDefinitionParserTag.java
/Users/huqingfeng/Downloads/apache-shardingsphere-incubating-4.0.0-RC2-src-release/sharding-spring/sharding-jdbc-orchestration-spring/sharding-jdbc-orchestration-spring-namespace/src/main/java/org/apache/shardingsphere/shardingjdbc/orchestration/spring/datasource/OrchestrationSpringShardingDataSource.java
/Users/huqingfeng/Downloads/apache-shardingsphere-incubating-4.0.0-RC2-src-release/sharding-spring/sharding-jdbc-orchestration-spring/sharding-jdbc-orchestration-spring-namespace/src/main/java/org/apache/shardingsphere/shardingjdbc/orchestration/spring/namespace/parser/DataSourceBeanDefinitionParser.java
/Users/huqingfeng/Downloads/apache-shardingsphere-incubating-4.0.0-RC2-src-release/sharding-spring/sharding-jdbc-orchestration-spring/sharding-jdbc-orchestration-spring-namespace/src/main/java/org/apache/shardingsphere/shardingjdbc/orchestration/spring/datasource/OrchestrationSpringEncryptDataSource.java
