/Users/huqingfeng/Downloads/apache-shardingsphere-incubating-4.0.0-RC2-src-release/sharding-core/sharding-core-parse/sharding-core-parse-common/src/main/java/org/apache/shardingsphere/core/parse/sql/segment/dml/order/item/ExpressionOrderByItemSegment.java
/Users/huqingfeng/Downloads/apache-shardingsphere-incubating-4.0.0-RC2-src-release/sharding-core/sharding-core-parse/sharding-core-parse-common/src/main/java/org/apache/shardingsphere/core/parse/core/extractor/impl/dml/WhereExtractor.java
/Users/huqingfeng/Downloads/apache-shardingsphere-incubating-4.0.0-RC2-src-release/sharding-core/sharding-core-parse/sharding-core-parse-common/src/main/java/org/apache/shardingsphere/core/parse/core/rule/jaxb/entity/RuleDefinitionEntity.java
/Users/huqingfeng/Downloads/apache-shardingsphere-incubating-4.0.0-RC2-src-release/sharding-core/sharding-core-parse/sharding-core-parse-common/src/main/java/org/apache/shardingsphere/core/parse/sql/segment/generic/SchemaSegment.java
/Users/huqingfeng/Downloads/apache-shardingsphere-incubating-4.0.0-RC2-src-release/sharding-core/sharding-core-parse/sharding-core-parse-common/src/main/java/org/apache/shardingsphere/core/parse/sql/segment/ddl/column/alter/AddColumnDefinitionSegment.java
/Users/huqingfeng/Downloads/apache-shardingsphere-incubating-4.0.0-RC2-src-release/sharding-core/sharding-core-parse/sharding-core-parse-common/src/main/java/org/apache/shardingsphere/core/parse/core/extractor/impl/dml/select/item/SelectItemExtractor.java
/Users/huqingfeng/Downloads/apache-shardingsphere-incubating-4.0.0-RC2-src-release/sharding-core/sharding-core-parse/sharding-core-parse-common/src/main/java/org/apache/shardingsphere/core/parse/core/extractor/impl/common/expression/impl/ParameterMarkerExpressionExtractor.java
/Users/huqingfeng/Downloads/apache-shardingsphere-incubating-4.0.0-RC2-src-release/sharding-core/sharding-core-parse/sharding-core-parse-common/src/main/java/org/apache/shardingsphere/core/parse/core/extractor/impl/ddl/column/ColumnDefinitionExtractor.java
/Users/huqingfeng/Downloads/apache-shardingsphere-incubating-4.0.0-RC2-src-release/sharding-core/sharding-core-parse/sharding-core-parse-common/src/main/java/org/apache/shardingsphere/core/parse/exception/SQLParsingException.java
/Users/huqingfeng/Downloads/apache-shardingsphere-incubating-4.0.0-RC2-src-release/sharding-core/sharding-core-parse/sharding-core-parse-common/src/main/java/org/apache/shardingsphere/core/parse/sql/segment/dml/order/item/OrderByItemSegment.java
/Users/huqingfeng/Downloads/apache-shardingsphere-incubating-4.0.0-RC2-src-release/sharding-core/sharding-core-parse/sharding-core-parse-common/src/main/java/org/apache/shardingsphere/core/parse/core/rule/jaxb/loader/filler/FillerRuleDefinitionEntityLoader.java
/Users/huqingfeng/Downloads/apache-shardingsphere-incubating-4.0.0-RC2-src-release/sharding-core/sharding-core-parse/sharding-core-parse-common/src/main/java/org/apache/shardingsphere/core/parse/core/extractor/util/ExtractorUtils.java
/Users/huqingfeng/Downloads/apache-shardingsphere-incubating-4.0.0-RC2-src-release/sharding-core/sharding-core-parse/sharding-core-parse-common/src/main/java/org/apache/shardingsphere/core/parse/core/rule/jaxb/loader/RuleDefinitionFileConstant.java
/Users/huqingfeng/Downloads/apache-shardingsphere-incubating-4.0.0-RC2-src-release/sharding-core/sharding-core-parse/sharding-core-parse-common/src/main/java/org/apache/shardingsphere/core/parse/sql/segment/generic/AliasAvailable.java
/Users/huqingfeng/Downloads/apache-shardingsphere-incubating-4.0.0-RC2-src-release/sharding-core/sharding-core-parse/sharding-core-parse-common/src/main/java/org/apache/shardingsphere/core/parse/core/extractor/impl/dml/PredicateExtractor.java
/Users/huqingfeng/Downloads/apache-shardingsphere-incubating-4.0.0-RC2-src-release/sharding-core/sharding-core-parse/sharding-core-parse-common/src/main/java/org/apache/shardingsphere/core/parse/sql/statement/ddl/CreateIndexStatement.java
/Users/huqingfeng/Downloads/apache-shardingsphere-incubating-4.0.0-RC2-src-release/sharding-core/sharding-core-parse/sharding-core-parse-common/src/main/java/org/apache/shardingsphere/core/parse/core/rule/jaxb/loader/RuleDefinitionEntityLoader.java
/Users/huqingfeng/Downloads/apache-shardingsphere-incubating-4.0.0-RC2-src-release/sharding-core/sharding-core-parse/sharding-core-parse-common/src/main/java/org/apache/shardingsphere/core/parse/sql/segment/ddl/column/alter/RenameColumnSegment.java
/Users/huqingfeng/Downloads/apache-shardingsphere-incubating-4.0.0-RC2-src-release/sharding-core/sharding-core-parse/sharding-core-parse-common/src/main/java/org/apache/shardingsphere/core/parse/sql/segment/ddl/constraint/DropPrimaryKeySegment.java
/Users/huqingfeng/Downloads/apache-shardingsphere-incubating-4.0.0-RC2-src-release/sharding-core/sharding-core-parse/sharding-core-parse-common/src/main/java/org/apache/shardingsphere/core/parse/sql/segment/SQLSegment.java
/Users/huqingfeng/Downloads/apache-shardingsphere-incubating-4.0.0-RC2-src-release/sharding-core/sharding-core-parse/sharding-core-parse-common/src/main/java/org/apache/shardingsphere/core/parse/core/rule/jaxb/entity/extractor/ExtractorRuleEntity.java
/Users/huqingfeng/Downloads/apache-shardingsphere-incubating-4.0.0-RC2-src-release/sharding-core/sharding-core-parse/sharding-core-parse-common/src/main/java/org/apache/shardingsphere/core/parse/core/filler/impl/dml/GroupByFiller.java
/Users/huqingfeng/Downloads/apache-shardingsphere-incubating-4.0.0-RC2-src-release/sharding-core/sharding-core-parse/sharding-core-parse-common/src/main/java/org/apache/shardingsphere/core/parse/sql/statement/dal/dialect/mysql/UseStatement.java
/Users/huqingfeng/Downloads/apache-shardingsphere-incubating-4.0.0-RC2-src-release/sharding-core/sharding-core-parse/sharding-core-parse-common/src/main/java/org/apache/shardingsphere/core/parse/sql/statement/tcl/SavepointStatement.java
/Users/huqingfeng/Downloads/apache-shardingsphere-incubating-4.0.0-RC2-src-release/sharding-core/sharding-core-parse/sharding-core-parse-common/src/main/java/org/apache/shardingsphere/core/parse/core/extractor/impl/dml/select/item/impl/TopSelectItemExtractor.java
/Users/huqingfeng/Downloads/apache-shardingsphere-incubating-4.0.0-RC2-src-release/sharding-core/sharding-core-parse/sharding-core-parse-common/src/main/java/org/apache/shardingsphere/core/parse/SQLParseEngine.java
/Users/huqingfeng/Downloads/apache-shardingsphere-incubating-4.0.0-RC2-src-release/sharding-core/sharding-core-parse/sharding-core-parse-common/src/main/java/org/apache/shardingsphere/core/parse/sql/segment/generic/RemoveAvailable.java
/Users/huqingfeng/Downloads/apache-shardingsphere-incubating-4.0.0-RC2-src-release/sharding-core/sharding-core-parse/sharding-core-parse-common/src/main/java/org/apache/shardingsphere/core/parse/sql/segment/dml/order/GroupBySegment.java
/Users/huqingfeng/Downloads/apache-shardingsphere-incubating-4.0.0-RC2-src-release/sharding-core/sharding-core-parse/sharding-core-parse-common/src/main/java/org/apache/shardingsphere/core/parse/core/extractor/impl/dml/select/item/impl/ExpressionSelectItemExtractor.java
/Users/huqingfeng/Downloads/apache-shardingsphere-incubating-4.0.0-RC2-src-release/sharding-core/sharding-core-parse/sharding-core-parse-common/src/main/java/org/apache/shardingsphere/core/parse/core/filler/impl/ddl/column/AddColumnDefinitionFiller.java
/Users/huqingfeng/Downloads/apache-shardingsphere-incubating-4.0.0-RC2-src-release/sharding-core/sharding-core-parse/sharding-core-parse-common/src/main/java/org/apache/shardingsphere/core/parse/core/extractor/api/OptionalSQLSegmentExtractor.java
/Users/huqingfeng/Downloads/apache-shardingsphere-incubating-4.0.0-RC2-src-release/sharding-core/sharding-core-parse/sharding-core-parse-common/src/main/java/org/apache/shardingsphere/core/parse/sql/segment/dml/pagination/rownum/RowNumberValueSegment.java
/Users/huqingfeng/Downloads/apache-shardingsphere-incubating-4.0.0-RC2-src-release/sharding-core/sharding-core-parse/sharding-core-parse-common/src/main/java/org/apache/shardingsphere/core/parse/core/extractor/impl/dml/select/orderby/OrderByItemExtractor.java
/Users/huqingfeng/Downloads/apache-shardingsphere-incubating-4.0.0-RC2-src-release/sharding-core/sharding-core-parse/sharding-core-parse-common/src/main/java/org/apache/shardingsphere/core/parse/sql/segment/dml/pagination/limit/ParameterMarkerLimitValueSegment.java
/Users/huqingfeng/Downloads/apache-shardingsphere-incubating-4.0.0-RC2-src-release/sharding-core/sharding-core-parse/sharding-core-parse-common/src/main/java/org/apache/shardingsphere/core/parse/core/rule/jaxb/loader/extractor/ExtractorRuleDefinitionEntityLoader.java
/Users/huqingfeng/Downloads/apache-shardingsphere-incubating-4.0.0-RC2-src-release/sharding-core/sharding-core-parse/sharding-core-parse-common/src/main/java/org/apache/shardingsphere/core/parse/sql/segment/dml/column/OnDuplicateKeyColumnsSegment.java
/Users/huqingfeng/Downloads/apache-shardingsphere-incubating-4.0.0-RC2-src-release/sharding-core/sharding-core-parse/sharding-core-parse-common/src/main/java/org/apache/shardingsphere/core/parse/core/extractor/impl/dml/select/item/impl/ColumnSelectItemExtractor.java
/Users/huqingfeng/Downloads/apache-shardingsphere-incubating-4.0.0-RC2-src-release/sharding-core/sharding-core-parse/sharding-core-parse-common/src/main/java/org/apache/shardingsphere/core/parse/core/extractor/impl/ddl/constraint/OutlinePrimaryKeyExtractor.java
/Users/huqingfeng/Downloads/apache-shardingsphere-incubating-4.0.0-RC2-src-release/sharding-core/sharding-core-parse/sharding-core-parse-common/src/main/java/org/apache/shardingsphere/core/parse/core/parser/SQLParserEngine.java
/Users/huqingfeng/Downloads/apache-shardingsphere-incubating-4.0.0-RC2-src-release/sharding-core/sharding-core-parse/sharding-core-parse-common/src/main/java/org/apache/shardingsphere/core/parse/core/extractor/impl/common/index/IndexExtractor.java
/Users/huqingfeng/Downloads/apache-shardingsphere-incubating-4.0.0-RC2-src-release/sharding-core/sharding-core-parse/sharding-core-parse-common/src/main/java/org/apache/shardingsphere/core/parse/sql/segment/dml/pagination/ParameterMarkerPaginationValueSegment.java
/Users/huqingfeng/Downloads/apache-shardingsphere-incubating-4.0.0-RC2-src-release/sharding-core/sharding-core-parse/sharding-core-parse-common/src/main/java/org/apache/shardingsphere/core/parse/core/constant/LogicalOperator.java
/Users/huqingfeng/Downloads/apache-shardingsphere-incubating-4.0.0-RC2-src-release/sharding-core/sharding-core-parse/sharding-core-parse-common/src/main/java/org/apache/shardingsphere/core/parse/core/rule/jaxb/loader/statement/SQLStatementRuleDefinitionEntityLoader.java
/Users/huqingfeng/Downloads/apache-shardingsphere-incubating-4.0.0-RC2-src-release/sharding-core/sharding-core-parse/sharding-core-parse-common/src/main/java/org/apache/shardingsphere/core/parse/core/constant/AggregationType.java
/Users/huqingfeng/Downloads/apache-shardingsphere-incubating-4.0.0-RC2-src-release/sharding-core/sharding-core-parse/sharding-core-parse-common/src/main/java/org/apache/shardingsphere/core/parse/sql/segment/ddl/column/alter/DropColumnDefinitionSegment.java
/Users/huqingfeng/Downloads/apache-shardingsphere-incubating-4.0.0-RC2-src-release/sharding-core/sharding-core-parse/sharding-core-parse-common/src/main/java/org/apache/shardingsphere/core/parse/core/extractor/impl/common/schema/SchemaExtractor.java
/Users/huqingfeng/Downloads/apache-shardingsphere-incubating-4.0.0-RC2-src-release/sharding-core/sharding-core-parse/sharding-core-parse-common/src/main/java/org/apache/shardingsphere/core/parse/core/extractor/impl/common/column/ColumnExtractor.java
/Users/huqingfeng/Downloads/apache-shardingsphere-incubating-4.0.0-RC2-src-release/sharding-core/sharding-core-parse/sharding-core-parse-common/src/main/java/org/apache/shardingsphere/core/parse/sql/segment/generic/TableSegment.java
/Users/huqingfeng/Downloads/apache-shardingsphere-incubating-4.0.0-RC2-src-release/sharding-core/sharding-core-parse/sharding-core-parse-common/src/main/java/org/apache/shardingsphere/core/parse/sql/statement/dml/InsertStatement.java
/Users/huqingfeng/Downloads/apache-shardingsphere-incubating-4.0.0-RC2-src-release/sharding-core/sharding-core-parse/sharding-core-parse-common/src/main/java/org/apache/shardingsphere/core/parse/sql/segment/ddl/column/position/ColumnPositionSegment.java
/Users/huqingfeng/Downloads/apache-shardingsphere-incubating-4.0.0-RC2-src-release/sharding-core/sharding-core-parse/sharding-core-parse-common/src/main/java/org/apache/shardingsphere/core/parse/core/extractor/impl/common/expression/ExpressionExtractor.java
/Users/huqingfeng/Downloads/apache-shardingsphere-incubating-4.0.0-RC2-src-release/sharding-core/sharding-core-parse/sharding-core-parse-common/src/main/java/org/apache/shardingsphere/core/parse/sql/statement/dal/dialect/mysql/ShowTablesStatement.java
/Users/huqingfeng/Downloads/apache-shardingsphere-incubating-4.0.0-RC2-src-release/sharding-core/sharding-core-parse/sharding-core-parse-common/src/main/java/org/apache/shardingsphere/core/parse/core/extractor/impl/dml/update/SetAssignmentsExtractor.java
/Users/huqingfeng/Downloads/apache-shardingsphere-incubating-4.0.0-RC2-src-release/sharding-core/sharding-core-parse/sharding-core-parse-common/src/main/java/org/apache/shardingsphere/core/parse/core/extractor/impl/ddl/column/RenameColumnDefinitionExtractor.java
/Users/huqingfeng/Downloads/apache-shardingsphere-incubating-4.0.0-RC2-src-release/sharding-core/sharding-core-parse/sharding-core-parse-common/src/main/java/org/apache/shardingsphere/core/parse/sql/segment/dml/predicate/value/PredicateInRightValue.java
/Users/huqingfeng/Downloads/apache-shardingsphere-incubating-4.0.0-RC2-src-release/sharding-core/sharding-core-parse/sharding-core-parse-common/src/main/java/org/apache/shardingsphere/core/parse/core/extractor/impl/common/table/TablesExtractor.java
/Users/huqingfeng/Downloads/apache-shardingsphere-incubating-4.0.0-RC2-src-release/sharding-core/sharding-core-parse/sharding-core-parse-common/src/main/java/org/apache/shardingsphere/core/parse/sql/segment/ddl/column/alter/ModifyColumnDefinitionSegment.java
/Users/huqingfeng/Downloads/apache-shardingsphere-incubating-4.0.0-RC2-src-release/sharding-core/sharding-core-parse/sharding-core-parse-common/src/main/java/org/apache/shardingsphere/core/parse/sql/segment/ddl/constraint/ConstraintDefinitionSegment.java
/Users/huqingfeng/Downloads/apache-shardingsphere-incubating-4.0.0-RC2-src-release/sharding-core/sharding-core-parse/sharding-core-parse-common/src/main/java/org/apache/shardingsphere/core/parse/sql/segment/dml/predicate/PredicateSegment.java
/Users/huqingfeng/Downloads/apache-shardingsphere-incubating-4.0.0-RC2-src-release/sharding-core/sharding-core-parse/sharding-core-parse-common/src/main/java/org/apache/shardingsphere/core/parse/core/filler/impl/TableFiller.java
/Users/huqingfeng/Downloads/apache-shardingsphere-incubating-4.0.0-RC2-src-release/sharding-core/sharding-core-parse/sharding-core-parse-common/src/main/java/org/apache/shardingsphere/core/parse/core/extractor/impl/common/column/ColumnsExtractor.java
/Users/huqingfeng/Downloads/apache-shardingsphere-incubating-4.0.0-RC2-src-release/sharding-core/sharding-core-parse/sharding-core-parse-common/src/main/java/org/apache/shardingsphere/core/parse/core/filler/SQLStatementFillerEngine.java
/Users/huqingfeng/Downloads/apache-shardingsphere-incubating-4.0.0-RC2-src-release/sharding-core/sharding-core-parse/sharding-core-parse-common/src/main/java/org/apache/shardingsphere/core/parse/core/extractor/impl/dml/select/LimitExtractor.java
/Users/huqingfeng/Downloads/apache-shardingsphere-incubating-4.0.0-RC2-src-release/sharding-core/sharding-core-parse/sharding-core-parse-common/src/main/java/org/apache/shardingsphere/core/parse/sql/segment/ddl/column/ColumnDefinitionSegment.java
/Users/huqingfeng/Downloads/apache-shardingsphere-incubating-4.0.0-RC2-src-release/sharding-core/sharding-core-parse/sharding-core-parse-common/src/main/java/org/apache/shardingsphere/core/parse/core/extractor/impl/ddl/column/ColumnDefinitionsExtractor.java
/Users/huqingfeng/Downloads/apache-shardingsphere-incubating-4.0.0-RC2-src-release/sharding-core/sharding-core-parse/sharding-core-parse-common/src/main/java/org/apache/shardingsphere/core/parse/sql/statement/dal/dialect/mysql/ShowIndexStatement.java
/Users/huqingfeng/Downloads/apache-shardingsphere-incubating-4.0.0-RC2-src-release/sharding-core/sharding-core-parse/sharding-core-parse-common/src/main/java/org/apache/shardingsphere/core/parse/core/extractor/api/CollectionSQLSegmentExtractor.java
/Users/huqingfeng/Downloads/apache-shardingsphere-incubating-4.0.0-RC2-src-release/sharding-core/sharding-core-parse/sharding-core-parse-common/src/main/java/org/apache/shardingsphere/core/parse/sql/statement/ddl/DDLStatement.java
/Users/huqingfeng/Downloads/apache-shardingsphere-incubating-4.0.0-RC2-src-release/sharding-core/sharding-core-parse/sharding-core-parse-common/src/main/java/org/apache/shardingsphere/core/parse/sql/statement/dal/dialect/postgresql/SetStatement.java
/Users/huqingfeng/Downloads/apache-shardingsphere-incubating-4.0.0-RC2-src-release/sharding-core/sharding-core-parse/sharding-core-parse-common/src/main/java/org/apache/shardingsphere/core/parse/sql/segment/dml/predicate/OrPredicateSegment.java
/Users/huqingfeng/Downloads/apache-shardingsphere-incubating-4.0.0-RC2-src-release/sharding-core/sharding-core-parse/sharding-core-parse-common/src/main/java/org/apache/shardingsphere/core/parse/sql/statement/SQLStatement.java
/Users/huqingfeng/Downloads/apache-shardingsphere-incubating-4.0.0-RC2-src-release/sharding-core/sharding-core-parse/sharding-core-parse-common/src/main/java/org/apache/shardingsphere/core/parse/core/filler/impl/dml/SelectItemsFiller.java
/Users/huqingfeng/Downloads/apache-shardingsphere-incubating-4.0.0-RC2-src-release/sharding-core/sharding-core-parse/sharding-core-parse-common/src/main/java/org/apache/shardingsphere/core/parse/sql/statement/dal/SetStatement.java
/Users/huqingfeng/Downloads/apache-shardingsphere-incubating-4.0.0-RC2-src-release/sharding-core/sharding-core-parse/sharding-core-parse-common/src/main/java/org/apache/shardingsphere/core/parse/core/constant/Paren.java
/Users/huqingfeng/Downloads/apache-shardingsphere-incubating-4.0.0-RC2-src-release/sharding-core/sharding-core-parse/sharding-core-parse-common/src/main/java/org/apache/shardingsphere/core/parse/core/filler/impl/dml/SetAssignmentsFiller.java
/Users/huqingfeng/Downloads/apache-shardingsphere-incubating-4.0.0-RC2-src-release/sharding-core/sharding-core-parse/sharding-core-parse-common/src/main/java/org/apache/shardingsphere/core/parse/sql/statement/generic/IndexSegmentAvailable.java
/Users/huqingfeng/Downloads/apache-shardingsphere-incubating-4.0.0-RC2-src-release/sharding-core/sharding-core-parse/sharding-core-parse-common/src/main/java/org/apache/shardingsphere/core/parse/core/rule/registry/statement/SQLStatementRule.java
/Users/huqingfeng/Downloads/apache-shardingsphere-incubating-4.0.0-RC2-src-release/sharding-core/sharding-core-parse/sharding-core-parse-common/src/main/java/org/apache/shardingsphere/core/parse/core/parser/SQLParserFactory.java
/Users/huqingfeng/Downloads/apache-shardingsphere-incubating-4.0.0-RC2-src-release/sharding-core/sharding-core-parse/sharding-core-parse-common/src/main/java/org/apache/shardingsphere/core/parse/sql/segment/dml/pagination/PaginationValueSegment.java
/Users/huqingfeng/Downloads/apache-shardingsphere-incubating-4.0.0-RC2-src-release/sharding-core/sharding-core-parse/sharding-core-parse-common/src/main/java/org/apache/shardingsphere/core/parse/sql/segment/dml/expr/ExpressionSegment.java
/Users/huqingfeng/Downloads/apache-shardingsphere-incubating-4.0.0-RC2-src-release/sharding-core/sharding-core-parse/sharding-core-parse-common/src/main/java/org/apache/shardingsphere/core/parse/sql/statement/tcl/SetAutoCommitStatement.java
/Users/huqingfeng/Downloads/apache-shardingsphere-incubating-4.0.0-RC2-src-release/sharding-core/sharding-core-parse/sharding-core-parse-common/src/main/java/org/apache/shardingsphere/core/parse/core/extractor/impl/dml/select/groupby/GroupByExtractor.java
/Users/huqingfeng/Downloads/apache-shardingsphere-incubating-4.0.0-RC2-src-release/sharding-core/sharding-core-parse/sharding-core-parse-common/src/main/java/org/apache/shardingsphere/core/parse/core/constant/QuoteCharacter.java
/Users/huqingfeng/Downloads/apache-shardingsphere-incubating-4.0.0-RC2-src-release/sharding-core/sharding-core-parse/sharding-core-parse-common/src/main/java/org/apache/shardingsphere/core/parse/sql/segment/dml/order/item/TextOrderByItemSegment.java
/Users/huqingfeng/Downloads/apache-shardingsphere-incubating-4.0.0-RC2-src-release/sharding-core/sharding-core-parse/sharding-core-parse-common/src/main/java/org/apache/shardingsphere/core/parse/core/filler/impl/dml/OrderByFiller.java
/Users/huqingfeng/Downloads/apache-shardingsphere-incubating-4.0.0-RC2-src-release/sharding-core/sharding-core-parse/sharding-core-parse-common/src/main/java/org/apache/shardingsphere/core/parse/cache/SQLParseResultCache.java
/Users/huqingfeng/Downloads/apache-shardingsphere-incubating-4.0.0-RC2-src-release/sharding-core/sharding-core-parse/sharding-core-parse-common/src/main/java/org/apache/shardingsphere/core/parse/sql/statement/generic/WhereSegmentAvailable.java
/Users/huqingfeng/Downloads/apache-shardingsphere-incubating-4.0.0-RC2-src-release/sharding-core/sharding-core-parse/sharding-core-parse-common/src/main/java/org/apache/shardingsphere/core/parse/core/extractor/api/SQLSegmentExtractor.java
/Users/huqingfeng/Downloads/apache-shardingsphere-incubating-4.0.0-RC2-src-release/sharding-core/sharding-core-parse/sharding-core-parse-common/src/main/java/org/apache/shardingsphere/core/parse/sql/statement/tcl/SetTransactionStatement.java
/Users/huqingfeng/Downloads/apache-shardingsphere-incubating-4.0.0-RC2-src-release/sharding-core/sharding-core-parse/sharding-core-parse-common/src/main/java/org/apache/shardingsphere/core/parse/sql/segment/dml/pagination/limit/LimitValueSegment.java
/Users/huqingfeng/Downloads/apache-shardingsphere-incubating-4.0.0-RC2-src-release/sharding-core/sharding-core-parse/sharding-core-parse-common/src/main/java/org/apache/shardingsphere/core/parse/sql/segment/dml/predicate/value/PredicateCompareRightValue.java
/Users/huqingfeng/Downloads/apache-shardingsphere-incubating-4.0.0-RC2-src-release/sharding-core/sharding-core-parse/sharding-core-parse-common/src/main/java/org/apache/shardingsphere/core/parse/sql/segment/dml/predicate/value/PredicateBetweenRightValue.java
/Users/huqingfeng/Downloads/apache-shardingsphere-incubating-4.0.0-RC2-src-release/sharding-core/sharding-core-parse/sharding-core-parse-common/src/main/java/org/apache/shardingsphere/core/parse/core/filler/impl/ddl/column/ColumnDefinitionFiller.java
/Users/huqingfeng/Downloads/apache-shardingsphere-incubating-4.0.0-RC2-src-release/sharding-core/sharding-core-parse/sharding-core-parse-common/src/main/java/org/apache/shardingsphere/core/parse/sql/statement/dal/dialect/mysql/ShowTableStatusStatement.java
/Users/huqingfeng/Downloads/apache-shardingsphere-incubating-4.0.0-RC2-src-release/sharding-core/sharding-core-parse/sharding-core-parse-common/src/main/java/org/apache/shardingsphere/core/parse/sql/segment/dml/item/ShorthandSelectItemSegment.java
/Users/huqingfeng/Downloads/apache-shardingsphere-incubating-4.0.0-RC2-src-release/sharding-core/sharding-core-parse/sharding-core-parse-common/src/main/java/org/apache/shardingsphere/core/parse/sql/statement/generic/TableSegmentsAvailable.java
/Users/huqingfeng/Downloads/apache-shardingsphere-incubating-4.0.0-RC2-src-release/sharding-core/sharding-core-parse/sharding-core-parse-common/src/main/java/org/apache/shardingsphere/core/parse/core/extractor/impl/dml/insert/InsertValuesExtractor.java
/Users/huqingfeng/Downloads/apache-shardingsphere-incubating-4.0.0-RC2-src-release/sharding-core/sharding-core-parse/sharding-core-parse-common/src/main/java/org/apache/shardingsphere/core/parse/core/extractor/impl/dml/update/AssignmentExtractor.java
/Users/huqingfeng/Downloads/apache-shardingsphere-incubating-4.0.0-RC2-src-release/sharding-core/sharding-core-parse/sharding-core-parse-common/src/main/java/org/apache/shardingsphere/core/parse/core/filler/impl/ddl/index/IndexFiller.java
/Users/huqingfeng/Downloads/apache-shardingsphere-incubating-4.0.0-RC2-src-release/sharding-core/sharding-core-parse/sharding-core-parse-common/src/main/java/org/apache/shardingsphere/core/parse/hook/ParsingHook.java
/Users/huqingfeng/Downloads/apache-shardingsphere-incubating-4.0.0-RC2-src-release/sharding-core/sharding-core-parse/sharding-core-parse-common/src/main/java/org/apache/shardingsphere/core/parse/core/extractor/SQLSegmentsExtractorEngine.java
/Users/huqingfeng/Downloads/apache-shardingsphere-incubating-4.0.0-RC2-src-release/sharding-core/sharding-core-parse/sharding-core-parse-common/src/main/java/org/apache/shardingsphere/core/parse/sql/statement/dml/DMLStatement.java
/Users/huqingfeng/Downloads/apache-shardingsphere-incubating-4.0.0-RC2-src-release/sharding-core/sharding-core-parse/sharding-core-parse-common/src/main/java/org/apache/shardingsphere/core/parse/core/rule/registry/extractor/ExtractorRuleDefinition.java
/Users/huqingfeng/Downloads/apache-shardingsphere-incubating-4.0.0-RC2-src-release/sharding-core/sharding-core-parse/sharding-core-parse-common/src/main/java/org/apache/shardingsphere/core/parse/core/extractor/impl/dml/select/SubqueryExtractor.java
/Users/huqingfeng/Downloads/apache-shardingsphere-incubating-4.0.0-RC2-src-release/sharding-core/sharding-core-parse/sharding-core-parse-common/src/main/java/org/apache/shardingsphere/core/parse/core/SQLParseKernel.java
/Users/huqingfeng/Downloads/apache-shardingsphere-incubating-4.0.0-RC2-src-release/sharding-core/sharding-core-parse/sharding-core-parse-common/src/main/java/org/apache/shardingsphere/core/parse/core/extractor/impl/common/expression/impl/CommonExpressionExtractor.java
/Users/huqingfeng/Downloads/apache-shardingsphere-incubating-4.0.0-RC2-src-release/sharding-core/sharding-core-parse/sharding-core-parse-common/src/main/java/org/apache/shardingsphere/core/parse/sql/segment/dml/expr/complex/SubquerySegment.java
/Users/huqingfeng/Downloads/apache-shardingsphere-incubating-4.0.0-RC2-src-release/sharding-core/sharding-core-parse/sharding-core-parse-common/src/main/java/org/apache/shardingsphere/core/parse/sql/segment/generic/TableAvailable.java
/Users/huqingfeng/Downloads/apache-shardingsphere-incubating-4.0.0-RC2-src-release/sharding-core/sharding-core-parse/sharding-core-parse-common/src/main/java/org/apache/shardingsphere/core/parse/core/extractor/impl/dml/insert/InsertColumnsExtractor.java
/Users/huqingfeng/Downloads/apache-shardingsphere-incubating-4.0.0-RC2-src-release/sharding-core/sharding-core-parse/sharding-core-parse-common/src/main/java/org/apache/shardingsphere/core/parse/sql/segment/dml/expr/simple/SimpleExpressionSegment.java
/Users/huqingfeng/Downloads/apache-shardingsphere-incubating-4.0.0-RC2-src-release/sharding-core/sharding-core-parse/sharding-core-parse-common/src/main/java/org/apache/shardingsphere/core/parse/core/extractor/impl/dml/select/groupby/DescNullOrderDirectionGroupByExtractor.java
/Users/huqingfeng/Downloads/apache-shardingsphere-incubating-4.0.0-RC2-src-release/sharding-core/sharding-core-parse/sharding-core-parse-common/src/main/java/org/apache/shardingsphere/core/parse/sql/segment/dml/predicate/SubqueryPredicateSegment.java
/Users/huqingfeng/Downloads/apache-shardingsphere-incubating-4.0.0-RC2-src-release/sharding-core/sharding-core-parse/sharding-core-parse-common/src/main/java/org/apache/shardingsphere/core/parse/sql/statement/tcl/CommitStatement.java
/Users/huqingfeng/Downloads/apache-shardingsphere-incubating-4.0.0-RC2-src-release/sharding-core/sharding-core-parse/sharding-core-parse-common/src/main/java/org/apache/shardingsphere/core/parse/hook/SPIParsingHook.java
/Users/huqingfeng/Downloads/apache-shardingsphere-incubating-4.0.0-RC2-src-release/sharding-core/sharding-core-parse/sharding-core-parse-common/src/main/java/org/apache/shardingsphere/core/parse/core/extractor/impl/dml/insert/OnDuplicateKeyColumnsExtractor.java
/Users/huqingfeng/Downloads/apache-shardingsphere-incubating-4.0.0-RC2-src-release/sharding-core/sharding-core-parse/sharding-core-parse-common/src/main/java/org/apache/shardingsphere/core/parse/sql/segment/dml/expr/complex/ComplexExpressionSegment.java
/Users/huqingfeng/Downloads/apache-shardingsphere-incubating-4.0.0-RC2-src-release/sharding-core/sharding-core-parse/sharding-core-parse-common/src/main/java/org/apache/shardingsphere/core/parse/sql/statement/ddl/DropIndexStatement.java
/Users/huqingfeng/Downloads/apache-shardingsphere-incubating-4.0.0-RC2-src-release/sharding-core/sharding-core-parse/sharding-core-parse-common/src/main/java/org/apache/shardingsphere/core/parse/core/rule/registry/filler/FillerRuleDefinition.java
/Users/huqingfeng/Downloads/apache-shardingsphere-incubating-4.0.0-RC2-src-release/sharding-core/sharding-core-parse/sharding-core-parse-common/src/main/java/org/apache/shardingsphere/core/parse/core/extractor/impl/dml/select/item/impl/ShorthandSelectItemExtractor.java
/Users/huqingfeng/Downloads/apache-shardingsphere-incubating-4.0.0-RC2-src-release/sharding-core/sharding-core-parse/sharding-core-parse-common/src/main/java/org/apache/shardingsphere/core/parse/sql/segment/ddl/column/position/ColumnFirstPositionSegment.java
/Users/huqingfeng/Downloads/apache-shardingsphere-incubating-4.0.0-RC2-src-release/sharding-core/sharding-core-parse/sharding-core-parse-common/src/main/java/org/apache/shardingsphere/core/parse/core/extractor/impl/dml/TableReferencesExtractor.java
/Users/huqingfeng/Downloads/apache-shardingsphere-incubating-4.0.0-RC2-src-release/sharding-core/sharding-core-parse/sharding-core-parse-common/src/main/java/org/apache/shardingsphere/core/parse/sql/segment/dml/pagination/rownum/ParameterMarkerRowNumberValueSegment.java
/Users/huqingfeng/Downloads/apache-shardingsphere-incubating-4.0.0-RC2-src-release/sharding-core/sharding-core-parse/sharding-core-parse-common/src/main/java/org/apache/shardingsphere/core/parse/sql/segment/dml/order/item/IndexOrderByItemSegment.java
/Users/huqingfeng/Downloads/apache-shardingsphere-incubating-4.0.0-RC2-src-release/sharding-core/sharding-core-parse/sharding-core-parse-common/src/main/java/org/apache/shardingsphere/core/parse/sql/statement/ddl/AlterTableStatement.java
/Users/huqingfeng/Downloads/apache-shardingsphere-incubating-4.0.0-RC2-src-release/sharding-core/sharding-core-parse/sharding-core-parse-common/src/main/java/org/apache/shardingsphere/core/parse/core/rule/registry/statement/SQLStatementRuleDefinition.java
/Users/huqingfeng/Downloads/apache-shardingsphere-incubating-4.0.0-RC2-src-release/sharding-core/sharding-core-parse/sharding-core-parse-common/src/main/java/org/apache/shardingsphere/core/parse/core/extractor/impl/common/expression/impl/LiteralExpressionExtractor.java
/Users/huqingfeng/Downloads/apache-shardingsphere-incubating-4.0.0-RC2-src-release/sharding-core/sharding-core-parse/sharding-core-parse-common/src/main/java/org/apache/shardingsphere/core/parse/sql/statement/ddl/CreateTableStatement.java
/Users/huqingfeng/Downloads/apache-shardingsphere-incubating-4.0.0-RC2-src-release/sharding-core/sharding-core-parse/sharding-core-parse-common/src/main/java/org/apache/shardingsphere/core/parse/core/rule/jaxb/entity/filler/FillerRuleEntity.java
/Users/huqingfeng/Downloads/apache-shardingsphere-incubating-4.0.0-RC2-src-release/sharding-core/sharding-core-parse/sharding-core-parse-common/src/main/java/org/apache/shardingsphere/core/parse/sql/statement/dml/SelectStatement.java
/Users/huqingfeng/Downloads/apache-shardingsphere-incubating-4.0.0-RC2-src-release/sharding-core/sharding-core-parse/sharding-core-parse-common/src/main/java/org/apache/shardingsphere/core/parse/sql/statement/generic/IndexSegmentsAvailable.java
/Users/huqingfeng/Downloads/apache-shardingsphere-incubating-4.0.0-RC2-src-release/sharding-core/sharding-core-parse/sharding-core-parse-common/src/main/java/org/apache/shardingsphere/core/parse/sql/segment/dml/pagination/limit/NumberLiteralLimitValueSegment.java
/Users/huqingfeng/Downloads/apache-shardingsphere-incubating-4.0.0-RC2-src-release/sharding-core/sharding-core-parse/sharding-core-parse-common/src/main/java/org/apache/shardingsphere/core/parse/sql/segment/dml/expr/simple/ParameterMarkerExpressionSegment.java
/Users/huqingfeng/Downloads/apache-shardingsphere-incubating-4.0.0-RC2-src-release/sharding-core/sharding-core-parse/sharding-core-parse-common/src/main/java/org/apache/shardingsphere/core/parse/core/parser/SQLAST.java
/Users/huqingfeng/Downloads/apache-shardingsphere-incubating-4.0.0-RC2-src-release/sharding-core/sharding-core-parse/sharding-core-parse-common/src/main/java/org/apache/shardingsphere/core/parse/sql/segment/dml/order/OrderBySegment.java
/Users/huqingfeng/Downloads/apache-shardingsphere-incubating-4.0.0-RC2-src-release/sharding-core/sharding-core-parse/sharding-core-parse-common/src/main/java/org/apache/shardingsphere/core/parse/core/extractor/impl/dml/select/orderby/AscNullOrderDirectionOrderByExtractor.java
/Users/huqingfeng/Downloads/apache-shardingsphere-incubating-4.0.0-RC2-src-release/sharding-core/sharding-core-parse/sharding-core-parse-common/src/main/java/org/apache/shardingsphere/core/parse/sql/statement/generic/TableSegmentAvailable.java
/Users/huqingfeng/Downloads/apache-shardingsphere-incubating-4.0.0-RC2-src-release/sharding-core/sharding-core-parse/sharding-core-parse-common/src/main/java/org/apache/shardingsphere/core/parse/sql/segment/dml/assignment/SetAssignmentsSegment.java
/Users/huqingfeng/Downloads/apache-shardingsphere-incubating-4.0.0-RC2-src-release/sharding-core/sharding-core-parse/sharding-core-parse-common/src/main/java/org/apache/shardingsphere/core/parse/sql/segment/dml/pagination/NumberLiteralPaginationValueSegment.java
/Users/huqingfeng/Downloads/apache-shardingsphere-incubating-4.0.0-RC2-src-release/sharding-core/sharding-core-parse/sharding-core-parse-common/src/main/java/org/apache/shardingsphere/core/parse/sql/segment/dml/expr/complex/CommonExpressionSegment.java
/Users/huqingfeng/Downloads/apache-shardingsphere-incubating-4.0.0-RC2-src-release/sharding-core/sharding-core-parse/sharding-core-parse-common/src/main/java/org/apache/shardingsphere/core/parse/core/extractor/impl/common/index/IndexesExtractor.java
/Users/huqingfeng/Downloads/apache-shardingsphere-incubating-4.0.0-RC2-src-release/sharding-core/sharding-core-parse/sharding-core-parse-common/src/main/java/org/apache/shardingsphere/core/parse/core/rule/jaxb/entity/statement/SQLStatementRuleDefinitionEntity.java
/Users/huqingfeng/Downloads/apache-shardingsphere-incubating-4.0.0-RC2-src-release/sharding-core/sharding-core-parse/sharding-core-parse-common/src/main/java/org/apache/shardingsphere/core/parse/core/extractor/impl/dml/select/groupby/AscNullOrderDirectionGroupByExtractor.java
/Users/huqingfeng/Downloads/apache-shardingsphere-incubating-4.0.0-RC2-src-release/sharding-core/sharding-core-parse/sharding-core-parse-common/src/main/java/org/apache/shardingsphere/core/parse/sql/statement/dal/dialect/mysql/ShowColumnsStatement.java
/Users/huqingfeng/Downloads/apache-shardingsphere-incubating-4.0.0-RC2-src-release/sharding-core/sharding-core-parse/sharding-core-parse-common/src/main/java/org/apache/shardingsphere/core/parse/sql/segment/ddl/column/position/ColumnAfterPositionSegment.java
/Users/huqingfeng/Downloads/apache-shardingsphere-incubating-4.0.0-RC2-src-release/sharding-core/sharding-core-parse/sharding-core-parse-common/src/main/java/org/apache/shardingsphere/core/parse/sql/statement/dml/UpdateStatement.java
/Users/huqingfeng/Downloads/apache-shardingsphere-incubating-4.0.0-RC2-src-release/sharding-core/sharding-core-parse/sharding-core-parse-common/src/main/java/org/apache/shardingsphere/core/parse/sql/statement/tcl/RollbackStatement.java
/Users/huqingfeng/Downloads/apache-shardingsphere-incubating-4.0.0-RC2-src-release/sharding-core/sharding-core-parse/sharding-core-parse-common/src/main/java/org/apache/shardingsphere/core/parse/sql/segment/dml/item/SelectItemSegment.java
/Users/huqingfeng/Downloads/apache-shardingsphere-incubating-4.0.0-RC2-src-release/sharding-core/sharding-core-parse/sharding-core-parse-common/src/main/java/org/apache/shardingsphere/core/parse/sql/segment/dml/order/item/ColumnOrderByItemSegment.java
/Users/huqingfeng/Downloads/apache-shardingsphere-incubating-4.0.0-RC2-src-release/sharding-core/sharding-core-parse/sharding-core-parse-common/src/main/java/org/apache/shardingsphere/core/parse/core/extractor/impl/ddl/column/AddColumnDefinitionExtractor.java
/Users/huqingfeng/Downloads/apache-shardingsphere-incubating-4.0.0-RC2-src-release/sharding-core/sharding-core-parse/sharding-core-parse-common/src/main/java/org/apache/shardingsphere/core/parse/core/filler/impl/dml/InsertValuesFiller.java
/Users/huqingfeng/Downloads/apache-shardingsphere-incubating-4.0.0-RC2-src-release/sharding-core/sharding-core-parse/sharding-core-parse-common/src/main/java/org/apache/shardingsphere/core/parse/sql/statement/dal/DALStatement.java
/Users/huqingfeng/Downloads/apache-shardingsphere-incubating-4.0.0-RC2-src-release/sharding-core/sharding-core-parse/sharding-core-parse-common/src/main/java/org/apache/shardingsphere/core/parse/sql/segment/dml/item/AggregationSelectItemSegment.java
/Users/huqingfeng/Downloads/apache-shardingsphere-incubating-4.0.0-RC2-src-release/sharding-core/sharding-core-parse/sharding-core-parse-common/src/main/java/org/apache/shardingsphere/core/parse/core/extractor/util/RuleName.java
/Users/huqingfeng/Downloads/apache-shardingsphere-incubating-4.0.0-RC2-src-release/sharding-core/sharding-core-parse/sharding-core-parse-common/src/main/java/org/apache/shardingsphere/core/parse/sql/segment/dml/column/InsertColumnsSegment.java
/Users/huqingfeng/Downloads/apache-shardingsphere-incubating-4.0.0-RC2-src-release/sharding-core/sharding-core-parse/sharding-core-parse-common/src/main/java/org/apache/shardingsphere/core/parse/sql/segment/dml/pagination/top/TopSegment.java
/Users/huqingfeng/Downloads/apache-shardingsphere-incubating-4.0.0-RC2-src-release/sharding-core/sharding-core-parse/sharding-core-parse-common/src/main/java/org/apache/shardingsphere/core/parse/sql/statement/tcl/TCLStatement.java
/Users/huqingfeng/Downloads/apache-shardingsphere-incubating-4.0.0-RC2-src-release/sharding-core/sharding-core-parse/sharding-core-parse-common/src/main/java/org/apache/shardingsphere/core/parse/SQLParseEngineFactory.java
/Users/huqingfeng/Downloads/apache-shardingsphere-incubating-4.0.0-RC2-src-release/sharding-core/sharding-core-parse/sharding-core-parse-common/src/main/java/org/apache/shardingsphere/core/parse/sql/segment/dml/assignment/AssignmentSegment.java
/Users/huqingfeng/Downloads/apache-shardingsphere-incubating-4.0.0-RC2-src-release/sharding-core/sharding-core-parse/sharding-core-parse-common/src/main/java/org/apache/shardingsphere/core/parse/sql/statement/dal/dialect/postgresql/ResetParameterStatement.java
/Users/huqingfeng/Downloads/apache-shardingsphere-incubating-4.0.0-RC2-src-release/sharding-core/sharding-core-parse/sharding-core-parse-common/src/main/java/org/apache/shardingsphere/core/parse/core/filler/impl/dml/WhereFiller.java
/Users/huqingfeng/Downloads/apache-shardingsphere-incubating-4.0.0-RC2-src-release/sharding-core/sharding-core-parse/sharding-core-parse-common/src/main/java/org/apache/shardingsphere/core/parse/sql/segment/dml/pagination/limit/LimitSegment.java
/Users/huqingfeng/Downloads/apache-shardingsphere-incubating-4.0.0-RC2-src-release/sharding-core/sharding-core-parse/sharding-core-parse-common/src/main/java/org/apache/shardingsphere/core/parse/sql/statement/dal/dialect/mysql/ShowCreateTableStatement.java
/Users/huqingfeng/Downloads/apache-shardingsphere-incubating-4.0.0-RC2-src-release/sharding-core/sharding-core-parse/sharding-core-parse-common/src/main/java/org/apache/shardingsphere/core/parse/core/extractor/impl/common/table/TableExtractor.java
/Users/huqingfeng/Downloads/apache-shardingsphere-incubating-4.0.0-RC2-src-release/sharding-core/sharding-core-parse/sharding-core-parse-common/src/main/java/org/apache/shardingsphere/core/parse/core/rule/jaxb/entity/filler/FillerRuleDefinitionEntity.java
/Users/huqingfeng/Downloads/apache-shardingsphere-incubating-4.0.0-RC2-src-release/sharding-core/sharding-core-parse/sharding-core-parse-common/src/main/java/org/apache/shardingsphere/core/parse/util/SQLUtil.java
/Users/huqingfeng/Downloads/apache-shardingsphere-incubating-4.0.0-RC2-src-release/sharding-core/sharding-core-parse/sharding-core-parse-common/src/main/java/org/apache/shardingsphere/core/parse/core/extractor/impl/ddl/column/ModifyColumnDefinitionExtractor.java
/Users/huqingfeng/Downloads/apache-shardingsphere-incubating-4.0.0-RC2-src-release/sharding-core/sharding-core-parse/sharding-core-parse-common/src/main/java/org/apache/shardingsphere/core/parse/sql/segment/dml/column/ColumnSegment.java
/Users/huqingfeng/Downloads/apache-shardingsphere-incubating-4.0.0-RC2-src-release/sharding-core/sharding-core-parse/sharding-core-parse-common/src/main/java/org/apache/shardingsphere/core/parse/core/filler/impl/ddl/column/DropColumnDefinitionFiller.java
/Users/huqingfeng/Downloads/apache-shardingsphere-incubating-4.0.0-RC2-src-release/sharding-core/sharding-core-parse/sharding-core-parse-common/src/main/java/org/apache/shardingsphere/core/parse/sql/segment/ddl/index/IndexSegment.java
/Users/huqingfeng/Downloads/apache-shardingsphere-incubating-4.0.0-RC2-src-release/sharding-core/sharding-core-parse/sharding-core-parse-common/src/main/java/org/apache/shardingsphere/core/parse/core/extractor/impl/dml/select/item/impl/FunctionSelectItemExtractor.java
/Users/huqingfeng/Downloads/apache-shardingsphere-incubating-4.0.0-RC2-src-release/sharding-core/sharding-core-parse/sharding-core-parse-common/src/main/java/org/apache/shardingsphere/core/parse/sql/statement/dcl/DCLStatement.java
/Users/huqingfeng/Downloads/apache-shardingsphere-incubating-4.0.0-RC2-src-release/sharding-core/sharding-core-parse/sharding-core-parse-common/src/main/java/org/apache/shardingsphere/core/parse/sql/statement/tcl/BeginTransactionStatement.java
/Users/huqingfeng/Downloads/apache-shardingsphere-incubating-4.0.0-RC2-src-release/sharding-core/sharding-core-parse/sharding-core-parse-common/src/main/java/org/apache/shardingsphere/core/parse/core/extractor/impl/dml/select/SubqueryPredicateExtractor.java
/Users/huqingfeng/Downloads/apache-shardingsphere-incubating-4.0.0-RC2-src-release/sharding-core/sharding-core-parse/sharding-core-parse-common/src/main/java/org/apache/shardingsphere/core/parse/sql/segment/dml/item/SelectItemsSegment.java
/Users/huqingfeng/Downloads/apache-shardingsphere-incubating-4.0.0-RC2-src-release/sharding-core/sharding-core-parse/sharding-core-parse-common/src/main/java/org/apache/shardingsphere/core/parse/sql/statement/dal/dialect/mysql/DescribeStatement.java
/Users/huqingfeng/Downloads/apache-shardingsphere-incubating-4.0.0-RC2-src-release/sharding-core/sharding-core-parse/sharding-core-parse-common/src/main/java/org/apache/shardingsphere/core/parse/sql/segment/dml/predicate/value/PredicateRightValue.java
/Users/huqingfeng/Downloads/apache-shardingsphere-incubating-4.0.0-RC2-src-release/sharding-core/sharding-core-parse/sharding-core-parse-common/src/main/java/org/apache/shardingsphere/core/parse/sql/statement/dal/dialect/mysql/ShowOtherStatement.java
/Users/huqingfeng/Downloads/apache-shardingsphere-incubating-4.0.0-RC2-src-release/sharding-core/sharding-core-parse/sharding-core-parse-common/src/main/java/org/apache/shardingsphere/core/parse/sql/segment/dml/expr/simple/LiteralExpressionSegment.java
/Users/huqingfeng/Downloads/apache-shardingsphere-incubating-4.0.0-RC2-src-release/sharding-core/sharding-core-parse/sharding-core-parse-common/src/main/java/org/apache/shardingsphere/core/parse/sql/segment/dml/assignment/InsertValuesSegment.java
/Users/huqingfeng/Downloads/apache-shardingsphere-incubating-4.0.0-RC2-src-release/sharding-core/sharding-core-parse/sharding-core-parse-common/src/main/java/org/apache/shardingsphere/core/parse/core/extractor/impl/ddl/column/DropColumnDefinitionExtractor.java
/Users/huqingfeng/Downloads/apache-shardingsphere-incubating-4.0.0-RC2-src-release/sharding-core/sharding-core-parse/sharding-core-parse-common/src/main/java/org/apache/shardingsphere/core/parse/sql/segment/dml/item/ColumnSelectItemSegment.java
/Users/huqingfeng/Downloads/apache-shardingsphere-incubating-4.0.0-RC2-src-release/sharding-core/sharding-core-parse/sharding-core-parse-common/src/main/java/org/apache/shardingsphere/core/parse/core/filler/impl/dal/SchemaFiller.java
/Users/huqingfeng/Downloads/apache-shardingsphere-incubating-4.0.0-RC2-src-release/sharding-core/sharding-core-parse/sharding-core-parse-common/src/main/java/org/apache/shardingsphere/core/parse/sql/segment/generic/OwnerAvailable.java
/Users/huqingfeng/Downloads/apache-shardingsphere-incubating-4.0.0-RC2-src-release/sharding-core/sharding-core-parse/sharding-core-parse-common/src/main/java/org/apache/shardingsphere/core/parse/sql/statement/dal/dialect/postgresql/ShowStatement.java
/Users/huqingfeng/Downloads/apache-shardingsphere-incubating-4.0.0-RC2-src-release/sharding-core/sharding-core-parse/sharding-core-parse-common/src/main/java/org/apache/shardingsphere/core/parse/core/filler/SQLSegmentFiller.java
/Users/huqingfeng/Downloads/apache-shardingsphere-incubating-4.0.0-RC2-src-release/sharding-core/sharding-core-parse/sharding-core-parse-common/src/main/java/org/apache/shardingsphere/core/parse/core/rule/jaxb/entity/statement/SQLStatementRuleEntity.java
/Users/huqingfeng/Downloads/apache-shardingsphere-incubating-4.0.0-RC2-src-release/sharding-core/sharding-core-parse/sharding-core-parse-common/src/main/java/org/apache/shardingsphere/core/parse/sql/segment/dml/predicate/AndPredicate.java
/Users/huqingfeng/Downloads/apache-shardingsphere-incubating-4.0.0-RC2-src-release/sharding-core/sharding-core-parse/sharding-core-parse-common/src/main/java/org/apache/shardingsphere/core/parse/sql/statement/dal/dialect/mysql/ShowDatabasesStatement.java
/Users/huqingfeng/Downloads/apache-shardingsphere-incubating-4.0.0-RC2-src-release/sharding-core/sharding-core-parse/sharding-core-parse-common/src/main/java/org/apache/shardingsphere/core/parse/sql/segment/dml/predicate/WhereSegment.java
/Users/huqingfeng/Downloads/apache-shardingsphere-incubating-4.0.0-RC2-src-release/sharding-core/sharding-core-parse/sharding-core-parse-common/src/main/java/org/apache/shardingsphere/core/parse/sql/statement/generic/AbstractSQLStatement.java
/Users/huqingfeng/Downloads/apache-shardingsphere-incubating-4.0.0-RC2-src-release/sharding-core/sharding-core-parse/sharding-core-parse-common/src/main/java/org/apache/shardingsphere/core/parse/core/extractor/impl/dml/select/orderby/DescNullOrderDirectionOrderByExtractor.java
/Users/huqingfeng/Downloads/apache-shardingsphere-incubating-4.0.0-RC2-src-release/sharding-core/sharding-core-parse/sharding-core-parse-common/src/main/java/org/apache/shardingsphere/core/parse/core/rule/registry/ParseRuleRegistry.java
/Users/huqingfeng/Downloads/apache-shardingsphere-incubating-4.0.0-RC2-src-release/sharding-core/sharding-core-parse/sharding-core-parse-common/src/main/java/org/apache/shardingsphere/core/parse/sql/statement/dml/DeleteStatement.java
/Users/huqingfeng/Downloads/apache-shardingsphere-incubating-4.0.0-RC2-src-release/sharding-core/sharding-core-parse/sharding-core-parse-common/src/main/java/org/apache/shardingsphere/core/parse/sql/segment/dml/pagination/rownum/NumberLiteralRowNumberValueSegment.java
/Users/huqingfeng/Downloads/apache-shardingsphere-incubating-4.0.0-RC2-src-release/sharding-core/sharding-core-parse/sharding-core-parse-common/src/main/java/org/apache/shardingsphere/core/parse/sql/segment/dml/item/AggregationDistinctSelectItemSegment.java
/Users/huqingfeng/Downloads/apache-shardingsphere-incubating-4.0.0-RC2-src-release/sharding-core/sharding-core-parse/sharding-core-parse-common/src/main/java/org/apache/shardingsphere/core/parse/core/extractor/impl/dml/select/SelectItemsExtractor.java
/Users/huqingfeng/Downloads/apache-shardingsphere-incubating-4.0.0-RC2-src-release/sharding-core/sharding-core-parse/sharding-core-parse-common/src/main/java/org/apache/shardingsphere/core/parse/core/filler/impl/dml/InsertColumnsFiller.java
/Users/huqingfeng/Downloads/apache-shardingsphere-incubating-4.0.0-RC2-src-release/sharding-core/sharding-core-parse/sharding-core-parse-common/src/main/java/org/apache/shardingsphere/core/parse/sql/statement/ddl/DropTableStatement.java
/Users/huqingfeng/Downloads/apache-shardingsphere-incubating-4.0.0-RC2-src-release/sharding-core/sharding-core-parse/sharding-core-parse-common/src/main/java/org/apache/shardingsphere/core/parse/core/filler/impl/ddl/column/ModifyColumnDefinitionFiller.java
/Users/huqingfeng/Downloads/apache-shardingsphere-incubating-4.0.0-RC2-src-release/sharding-core/sharding-core-parse/sharding-core-parse-common/src/main/java/org/apache/shardingsphere/core/parse/sql/segment/dml/item/ExpressionSelectItemSegment.java
/Users/huqingfeng/Downloads/apache-shardingsphere-incubating-4.0.0-RC2-src-release/sharding-core/sharding-core-parse/sharding-core-parse-common/src/main/java/org/apache/shardingsphere/core/parse/core/constant/OrderDirection.java
/Users/huqingfeng/Downloads/apache-shardingsphere-incubating-4.0.0-RC2-src-release/sharding-core/sharding-core-parse/sharding-core-parse-common/src/main/java/org/apache/shardingsphere/core/parse/core/rule/jaxb/entity/extractor/ExtractorRuleDefinitionEntity.java
/Users/huqingfeng/Downloads/apache-shardingsphere-incubating-4.0.0-RC2-src-release/sharding-core/sharding-core-parse/sharding-core-parse-common/src/main/java/org/apache/shardingsphere/core/parse/core/extractor/impl/dml/select/orderby/OrderByExtractor.java
