org/apache/shardingsphere/core/execute/hook/fixture/RootInvokeHookFixture.class
org/apache/shardingsphere/core/execute/sql/execute/result/QueryResultUtilTest.class
org/apache/shardingsphere/core/execute/threadlocal/ExecutorExceptionHandlerTest.class
org/apache/shardingsphere/core/execute/sql/prepare/SQLExecutePrepareTemplateTest.class
org/apache/shardingsphere/core/execute/hook/SPISQLExecutionHookTest.class
org/apache/shardingsphere/core/execute/hook/fixture/SQLExecutionHookFixture.class
org/apache/shardingsphere/core/execute/sql/execute/result/MemoryQueryResultTest.class
org/apache/shardingsphere/core/execute/sql/execute/result/QueryResultMetaDataTest.class
org/apache/shardingsphere/core/execute/hook/SPIRootInvokeHookTest.class
org/apache/shardingsphere/core/execute/ShardingExecuteEngineTest.class
org/apache/shardingsphere/core/execute/sql/execute/result/DistinctQueryResultTest.class
org/apache/shardingsphere/core/execute/sql/execute/result/AggregationDistinctQueryMetaDataTest.class
org/apache/shardingsphere/core/execute/sql/execute/result/AggregationDistinctQueryResultTest.class
org/apache/shardingsphere/core/execute/ShardingExecuteEngineTest$MockGroupExecuteCallback.class
org/apache/shardingsphere/core/execute/sql/execute/result/StreamQueryResultTest.class
org/apache/shardingsphere/core/execute/sql/execute/row/QueryRowTest.class
