/Users/huqingfeng/Downloads/apache-shardingsphere-incubating-4.0.0-RC2-src-release/sharding-core/sharding-core-execute/src/test/java/org/apache/shardingsphere/core/execute/hook/SPISQLExecutionHookTest.java
/Users/huqingfeng/Downloads/apache-shardingsphere-incubating-4.0.0-RC2-src-release/sharding-core/sharding-core-execute/src/test/java/org/apache/shardingsphere/core/execute/sql/prepare/SQLExecutePrepareTemplateTest.java
/Users/huqingfeng/Downloads/apache-shardingsphere-incubating-4.0.0-RC2-src-release/sharding-core/sharding-core-execute/src/test/java/org/apache/shardingsphere/core/execute/sql/execute/result/StreamQueryResultTest.java
/Users/huqingfeng/Downloads/apache-shardingsphere-incubating-4.0.0-RC2-src-release/sharding-core/sharding-core-execute/src/test/java/org/apache/shardingsphere/core/execute/sql/execute/result/MemoryQueryResultTest.java
/Users/huqingfeng/Downloads/apache-shardingsphere-incubating-4.0.0-RC2-src-release/sharding-core/sharding-core-execute/src/test/java/org/apache/shardingsphere/core/execute/ShardingExecuteEngineTest.java
/Users/huqingfeng/Downloads/apache-shardingsphere-incubating-4.0.0-RC2-src-release/sharding-core/sharding-core-execute/src/test/java/org/apache/shardingsphere/core/execute/hook/fixture/RootInvokeHookFixture.java
/Users/huqingfeng/Downloads/apache-shardingsphere-incubating-4.0.0-RC2-src-release/sharding-core/sharding-core-execute/src/test/java/org/apache/shardingsphere/core/execute/sql/execute/result/AggregationDistinctQueryResultTest.java
/Users/huqingfeng/Downloads/apache-shardingsphere-incubating-4.0.0-RC2-src-release/sharding-core/sharding-core-execute/src/test/java/org/apache/shardingsphere/core/execute/threadlocal/ExecutorExceptionHandlerTest.java
/Users/huqingfeng/Downloads/apache-shardingsphere-incubating-4.0.0-RC2-src-release/sharding-core/sharding-core-execute/src/test/java/org/apache/shardingsphere/core/execute/sql/execute/result/AggregationDistinctQueryMetaDataTest.java
/Users/huqingfeng/Downloads/apache-shardingsphere-incubating-4.0.0-RC2-src-release/sharding-core/sharding-core-execute/src/test/java/org/apache/shardingsphere/core/execute/hook/SPIRootInvokeHookTest.java
/Users/huqingfeng/Downloads/apache-shardingsphere-incubating-4.0.0-RC2-src-release/sharding-core/sharding-core-execute/src/test/java/org/apache/shardingsphere/core/execute/sql/execute/result/DistinctQueryResultTest.java
/Users/huqingfeng/Downloads/apache-shardingsphere-incubating-4.0.0-RC2-src-release/sharding-core/sharding-core-execute/src/test/java/org/apache/shardingsphere/core/execute/sql/execute/result/QueryResultUtilTest.java
/Users/huqingfeng/Downloads/apache-shardingsphere-incubating-4.0.0-RC2-src-release/sharding-core/sharding-core-execute/src/test/java/org/apache/shardingsphere/core/execute/hook/fixture/SQLExecutionHookFixture.java
/Users/huqingfeng/Downloads/apache-shardingsphere-incubating-4.0.0-RC2-src-release/sharding-core/sharding-core-execute/src/test/java/org/apache/shardingsphere/core/execute/sql/execute/result/QueryResultMetaDataTest.java
/Users/huqingfeng/Downloads/apache-shardingsphere-incubating-4.0.0-RC2-src-release/sharding-core/sharding-core-execute/src/test/java/org/apache/shardingsphere/core/execute/sql/execute/row/QueryRowTest.java
