/Users/huqingfeng/Downloads/apache-shardingsphere-incubating-4.0.0-RC2-src-release/sharding-core/sharding-core-parse/sharding-core-parse-mysql/src/main/java/org/apache/shardingsphere/core/parse/core/extractor/dal/MySQLFromSchemaExtractor.java
/Users/huqingfeng/Downloads/apache-shardingsphere-incubating-4.0.0-RC2-src-release/sharding-core/sharding-core-parse/sharding-core-parse-mysql/src/main/java/org/apache/shardingsphere/core/parse/sql/segment/dal/FromSchemaSegment.java
/Users/huqingfeng/Downloads/apache-shardingsphere-incubating-4.0.0-RC2-src-release/sharding-core/sharding-core-parse/sharding-core-parse-mysql/src/main/java/org/apache/shardingsphere/core/parse/sql/segment/dal/ShowLikeSegment.java
/Users/huqingfeng/Downloads/apache-shardingsphere-incubating-4.0.0-RC2-src-release/sharding-core/sharding-core-parse/sharding-core-parse-mysql/src/main/java/org/apache/shardingsphere/core/parse/core/extractor/ddl/MySQLColumnPositionExtractor.java
/Users/huqingfeng/Downloads/apache-shardingsphere-incubating-4.0.0-RC2-src-release/sharding-core/sharding-core-parse/sharding-core-parse-mysql/jars/generated-sources/antlr4/org/apache/shardingsphere/core/parse/autogen/MySQLStatementParser.java
/Users/huqingfeng/Downloads/apache-shardingsphere-incubating-4.0.0-RC2-src-release/sharding-core/sharding-core-parse/sharding-core-parse-mysql/src/main/java/org/apache/shardingsphere/core/parse/core/extractor/dal/MySQLShowLikeExtractor.java
/Users/huqingfeng/Downloads/apache-shardingsphere-incubating-4.0.0-RC2-src-release/sharding-core/sharding-core-parse/sharding-core-parse-mysql/src/main/java/org/apache/shardingsphere/core/parse/sql/segment/tcl/AutoCommitSegment.java
/Users/huqingfeng/Downloads/apache-shardingsphere-incubating-4.0.0-RC2-src-release/sharding-core/sharding-core-parse/sharding-core-parse-mysql/src/main/java/org/apache/shardingsphere/core/parse/MySQLParser.java
/Users/huqingfeng/Downloads/apache-shardingsphere-incubating-4.0.0-RC2-src-release/sharding-core/sharding-core-parse/sharding-core-parse-mysql/jars/generated-sources/antlr4/org/apache/shardingsphere/core/parse/autogen/MySQLStatementLexer.java
/Users/huqingfeng/Downloads/apache-shardingsphere-incubating-4.0.0-RC2-src-release/sharding-core/sharding-core-parse/sharding-core-parse-mysql/src/main/java/org/apache/shardingsphere/core/parse/core/extractor/ddl/MySQLChangeColumnDefinitionExtractor.java
/Users/huqingfeng/Downloads/apache-shardingsphere-incubating-4.0.0-RC2-src-release/sharding-core/sharding-core-parse/sharding-core-parse-mysql/src/main/java/org/apache/shardingsphere/core/parse/core/extractor/tcl/MySQLSetAutoCommitExtractor.java
/Users/huqingfeng/Downloads/apache-shardingsphere-incubating-4.0.0-RC2-src-release/sharding-core/sharding-core-parse/sharding-core-parse-mysql/src/main/java/org/apache/shardingsphere/core/parse/MySQLParserEntry.java
/Users/huqingfeng/Downloads/apache-shardingsphere-incubating-4.0.0-RC2-src-release/sharding-core/sharding-core-parse/sharding-core-parse-mysql/src/main/java/org/apache/shardingsphere/core/parse/core/extractor/ddl/MySQLAddColumnDefinitionExtractor.java
/Users/huqingfeng/Downloads/apache-shardingsphere-incubating-4.0.0-RC2-src-release/sharding-core/sharding-core-parse/sharding-core-parse-mysql/src/main/java/org/apache/shardingsphere/core/parse/core/filler/tcl/MySQLAutoCommitFiller.java
/Users/huqingfeng/Downloads/apache-shardingsphere-incubating-4.0.0-RC2-src-release/sharding-core/sharding-core-parse/sharding-core-parse-mysql/src/main/java/org/apache/shardingsphere/core/parse/core/extractor/ddl/MySQLModifyColumnDefinitionExtractor.java
/Users/huqingfeng/Downloads/apache-shardingsphere-incubating-4.0.0-RC2-src-release/sharding-core/sharding-core-parse/sharding-core-parse-mysql/src/main/java/org/apache/shardingsphere/core/parse/core/extractor/ddl/MySQLDropPrimaryKeyExtractor.java
