/Users/huqingfeng/Downloads/apache-shardingsphere-incubating-4.0.0-RC2-src-release/sharding-transaction/sharding-transaction-base/sharding-transaction-base-seata-at/src/main/java/org/apache/shardingsphere/transaction/base/seata/at/SeataTransactionBroadcaster.java
/Users/huqingfeng/Downloads/apache-shardingsphere-incubating-4.0.0-RC2-src-release/sharding-transaction/sharding-transaction-base/sharding-transaction-base-seata-at/src/main/java/org/apache/shardingsphere/transaction/base/seata/at/TransactionalSQLExecutionHook.java
/Users/huqingfeng/Downloads/apache-shardingsphere-incubating-4.0.0-RC2-src-release/sharding-transaction/sharding-transaction-base/sharding-transaction-base-seata-at/src/main/java/org/apache/shardingsphere/transaction/base/seata/at/SeataTransactionHolder.java
/Users/huqingfeng/Downloads/apache-shardingsphere-incubating-4.0.0-RC2-src-release/sharding-transaction/sharding-transaction-base/sharding-transaction-base-seata-at/src/main/java/org/apache/shardingsphere/transaction/base/seata/at/SeataATShardingTransactionManager.java
