/Users/huqingfeng/Downloads/apache-shardingsphere-incubating-4.0.0-RC2-src-release/sharding-core/sharding-core-optimize/src/main/java/org/apache/shardingsphere/core/optimize/sharding/segment/insert/ShardingInsertColumns.java
/Users/huqingfeng/Downloads/apache-shardingsphere-incubating-4.0.0-RC2-src-release/sharding-core/sharding-core-optimize/src/main/java/org/apache/shardingsphere/core/optimize/encrypt/segment/condition/EncryptCondition.java
/Users/huqingfeng/Downloads/apache-shardingsphere-incubating-4.0.0-RC2-src-release/sharding-core/sharding-core-optimize/src/main/java/org/apache/shardingsphere/core/optimize/api/segment/InsertColumns.java
/Users/huqingfeng/Downloads/apache-shardingsphere-incubating-4.0.0-RC2-src-release/sharding-core/sharding-core-optimize/src/main/java/org/apache/shardingsphere/core/optimize/sharding/segment/select/pagination/Pagination.java
/Users/huqingfeng/Downloads/apache-shardingsphere-incubating-4.0.0-RC2-src-release/sharding-core/sharding-core-optimize/src/main/java/org/apache/shardingsphere/core/optimize/encrypt/statement/EncryptInsertOptimizedStatement.java
/Users/huqingfeng/Downloads/apache-shardingsphere-incubating-4.0.0-RC2-src-release/sharding-core/sharding-core-optimize/src/main/java/org/apache/shardingsphere/core/optimize/sharding/segment/select/orderby/OrderByEngine.java
/Users/huqingfeng/Downloads/apache-shardingsphere-incubating-4.0.0-RC2-src-release/sharding-core/sharding-core-optimize/src/main/java/org/apache/shardingsphere/core/optimize/sharding/segment/select/pagination/engine/RowNumberPaginationEngine.java
/Users/huqingfeng/Downloads/apache-shardingsphere-incubating-4.0.0-RC2-src-release/sharding-core/sharding-core-optimize/src/main/java/org/apache/shardingsphere/core/optimize/encrypt/engine/dml/EncryptWhereOptimizeEngine.java
/Users/huqingfeng/Downloads/apache-shardingsphere-incubating-4.0.0-RC2-src-release/sharding-core/sharding-core-optimize/src/main/java/org/apache/shardingsphere/core/optimize/api/statement/ConditionOptimizedStatement.java
/Users/huqingfeng/Downloads/apache-shardingsphere-incubating-4.0.0-RC2-src-release/sharding-core/sharding-core-optimize/src/main/java/org/apache/shardingsphere/core/optimize/sharding/segment/select/item/AggregationDistinctSelectItem.java
/Users/huqingfeng/Downloads/apache-shardingsphere-incubating-4.0.0-RC2-src-release/sharding-core/sharding-core-optimize/src/main/java/org/apache/shardingsphere/core/optimize/encrypt/engine/EncryptOptimizeEngine.java
/Users/huqingfeng/Downloads/apache-shardingsphere-incubating-4.0.0-RC2-src-release/sharding-core/sharding-core-optimize/src/main/java/org/apache/shardingsphere/core/optimize/sharding/engnie/dml/ShardingInsertOptimizeEngine.java
/Users/huqingfeng/Downloads/apache-shardingsphere-incubating-4.0.0-RC2-src-release/sharding-core/sharding-core-optimize/src/main/java/org/apache/shardingsphere/core/optimize/sharding/segment/condition/generator/ConditionValueGeneratorFactory.java
/Users/huqingfeng/Downloads/apache-shardingsphere-incubating-4.0.0-RC2-src-release/sharding-core/sharding-core-optimize/src/main/java/org/apache/shardingsphere/core/optimize/sharding/segment/condition/engine/WhereClauseShardingConditionEngine.java
/Users/huqingfeng/Downloads/apache-shardingsphere-incubating-4.0.0-RC2-src-release/sharding-core/sharding-core-optimize/src/main/java/org/apache/shardingsphere/core/optimize/encrypt/segment/EncryptInsertColumns.java
/Users/huqingfeng/Downloads/apache-shardingsphere-incubating-4.0.0-RC2-src-release/sharding-core/sharding-core-optimize/src/main/java/org/apache/shardingsphere/core/optimize/encrypt/EncryptOptimizeEngineFactory.java
/Users/huqingfeng/Downloads/apache-shardingsphere-incubating-4.0.0-RC2-src-release/sharding-core/sharding-core-optimize/src/main/java/org/apache/shardingsphere/core/optimize/sharding/segment/select/item/DerivedColumn.java
/Users/huqingfeng/Downloads/apache-shardingsphere-incubating-4.0.0-RC2-src-release/sharding-core/sharding-core-optimize/src/main/java/org/apache/shardingsphere/core/optimize/sharding/segment/select/item/engine/SelectItemsEngine.java
/Users/huqingfeng/Downloads/apache-shardingsphere-incubating-4.0.0-RC2-src-release/sharding-core/sharding-core-optimize/src/main/java/org/apache/shardingsphere/core/optimize/sharding/segment/condition/engine/InsertClauseShardingConditionEngine.java
/Users/huqingfeng/Downloads/apache-shardingsphere-incubating-4.0.0-RC2-src-release/sharding-core/sharding-core-optimize/src/main/java/org/apache/shardingsphere/core/optimize/sharding/engnie/ShardingOptimizeEngine.java
/Users/huqingfeng/Downloads/apache-shardingsphere-incubating-4.0.0-RC2-src-release/sharding-core/sharding-core-optimize/src/main/java/org/apache/shardingsphere/core/optimize/sharding/segment/select/item/ShorthandSelectItem.java
/Users/huqingfeng/Downloads/apache-shardingsphere-incubating-4.0.0-RC2-src-release/sharding-core/sharding-core-optimize/src/main/java/org/apache/shardingsphere/core/optimize/sharding/segment/select/groupby/GroupByEngine.java
/Users/huqingfeng/Downloads/apache-shardingsphere-incubating-4.0.0-RC2-src-release/sharding-core/sharding-core-optimize/src/main/java/org/apache/shardingsphere/core/optimize/sharding/segment/select/item/DerivedSelectItem.java
/Users/huqingfeng/Downloads/apache-shardingsphere-incubating-4.0.0-RC2-src-release/sharding-core/sharding-core-optimize/src/main/java/org/apache/shardingsphere/core/optimize/api/segment/Column.java
/Users/huqingfeng/Downloads/apache-shardingsphere-incubating-4.0.0-RC2-src-release/sharding-core/sharding-core-optimize/src/main/java/org/apache/shardingsphere/core/optimize/sharding/segment/condition/generator/ConditionValue.java
/Users/huqingfeng/Downloads/apache-shardingsphere-incubating-4.0.0-RC2-src-release/sharding-core/sharding-core-optimize/src/main/java/org/apache/shardingsphere/core/optimize/sharding/segment/select/item/ColumnSelectItem.java
/Users/huqingfeng/Downloads/apache-shardingsphere-incubating-4.0.0-RC2-src-release/sharding-core/sharding-core-optimize/src/main/java/org/apache/shardingsphere/core/optimize/sharding/segment/select/pagination/engine/TopPaginationEngine.java
/Users/huqingfeng/Downloads/apache-shardingsphere-incubating-4.0.0-RC2-src-release/sharding-core/sharding-core-optimize/src/main/java/org/apache/shardingsphere/core/optimize/sharding/engnie/dml/ShardingSelectOptimizeEngine.java
/Users/huqingfeng/Downloads/apache-shardingsphere-incubating-4.0.0-RC2-src-release/sharding-core/sharding-core-optimize/src/main/java/org/apache/shardingsphere/core/optimize/sharding/segment/select/item/engine/SelectItemEngine.java
/Users/huqingfeng/Downloads/apache-shardingsphere-incubating-4.0.0-RC2-src-release/sharding-core/sharding-core-optimize/src/main/java/org/apache/shardingsphere/core/optimize/sharding/segment/select/orderby/OrderByItem.java
/Users/huqingfeng/Downloads/apache-shardingsphere-incubating-4.0.0-RC2-src-release/sharding-core/sharding-core-optimize/src/main/java/org/apache/shardingsphere/core/optimize/sharding/engnie/dml/ShardingUpdateOptimizeEngine.java
/Users/huqingfeng/Downloads/apache-shardingsphere-incubating-4.0.0-RC2-src-release/sharding-core/sharding-core-optimize/src/main/java/org/apache/shardingsphere/core/optimize/sharding/statement/dml/ShardingSelectOptimizedStatement.java
/Users/huqingfeng/Downloads/apache-shardingsphere-incubating-4.0.0-RC2-src-release/sharding-core/sharding-core-optimize/src/main/java/org/apache/shardingsphere/core/optimize/api/engine/OptimizeEngine.java
/Users/huqingfeng/Downloads/apache-shardingsphere-incubating-4.0.0-RC2-src-release/sharding-core/sharding-core-optimize/src/main/java/org/apache/shardingsphere/core/optimize/sharding/segment/select/item/ExpressionSelectItem.java
/Users/huqingfeng/Downloads/apache-shardingsphere-incubating-4.0.0-RC2-src-release/sharding-core/sharding-core-optimize/src/main/java/org/apache/shardingsphere/core/optimize/sharding/segment/condition/generator/impl/ConditionValueCompareOperatorGenerator.java
/Users/huqingfeng/Downloads/apache-shardingsphere-incubating-4.0.0-RC2-src-release/sharding-core/sharding-core-optimize/src/main/java/org/apache/shardingsphere/core/optimize/sharding/segment/condition/generator/ConditionValueGenerator.java
/Users/huqingfeng/Downloads/apache-shardingsphere-incubating-4.0.0-RC2-src-release/sharding-core/sharding-core-optimize/src/main/java/org/apache/shardingsphere/core/optimize/sharding/segment/select/item/SelectItems.java
/Users/huqingfeng/Downloads/apache-shardingsphere-incubating-4.0.0-RC2-src-release/sharding-core/sharding-core-optimize/src/main/java/org/apache/shardingsphere/core/optimize/encrypt/segment/condition/engine/WhereClauseEncryptConditionEngine.java
/Users/huqingfeng/Downloads/apache-shardingsphere-incubating-4.0.0-RC2-src-release/sharding-core/sharding-core-optimize/src/main/java/org/apache/shardingsphere/core/optimize/sharding/segment/select/orderby/OrderBy.java
/Users/huqingfeng/Downloads/apache-shardingsphere-incubating-4.0.0-RC2-src-release/sharding-core/sharding-core-optimize/src/main/java/org/apache/shardingsphere/core/optimize/sharding/segment/insert/InsertOptimizeResultUnit.java
/Users/huqingfeng/Downloads/apache-shardingsphere-incubating-4.0.0-RC2-src-release/sharding-core/sharding-core-optimize/src/main/java/org/apache/shardingsphere/core/optimize/sharding/engnie/ddl/ShardingDropIndexOptimizeEngine.java
/Users/huqingfeng/Downloads/apache-shardingsphere-incubating-4.0.0-RC2-src-release/sharding-core/sharding-core-optimize/src/main/java/org/apache/shardingsphere/core/optimize/encrypt/segment/condition/EncryptConditions.java
/Users/huqingfeng/Downloads/apache-shardingsphere-incubating-4.0.0-RC2-src-release/sharding-core/sharding-core-optimize/src/main/java/org/apache/shardingsphere/core/optimize/sharding/segment/select/pagination/engine/LimitPaginationEngine.java
/Users/huqingfeng/Downloads/apache-shardingsphere-incubating-4.0.0-RC2-src-release/sharding-core/sharding-core-optimize/src/main/java/org/apache/shardingsphere/core/optimize/sharding/segment/condition/ShardingConditions.java
/Users/huqingfeng/Downloads/apache-shardingsphere-incubating-4.0.0-RC2-src-release/sharding-core/sharding-core-optimize/src/main/java/org/apache/shardingsphere/core/optimize/api/segment/Tables.java
/Users/huqingfeng/Downloads/apache-shardingsphere-incubating-4.0.0-RC2-src-release/sharding-core/sharding-core-optimize/src/main/java/org/apache/shardingsphere/core/optimize/sharding/statement/dml/ShardingInsertOptimizedStatement.java
/Users/huqingfeng/Downloads/apache-shardingsphere-incubating-4.0.0-RC2-src-release/sharding-core/sharding-core-optimize/src/main/java/org/apache/shardingsphere/core/optimize/sharding/segment/select/item/SelectItem.java
/Users/huqingfeng/Downloads/apache-shardingsphere-incubating-4.0.0-RC2-src-release/sharding-core/sharding-core-optimize/src/main/java/org/apache/shardingsphere/core/optimize/encrypt/engine/dml/EncryptInsertOptimizeEngine.java
/Users/huqingfeng/Downloads/apache-shardingsphere-incubating-4.0.0-RC2-src-release/sharding-core/sharding-core-optimize/src/main/java/org/apache/shardingsphere/core/optimize/sharding/segment/select/groupby/GroupBy.java
/Users/huqingfeng/Downloads/apache-shardingsphere-incubating-4.0.0-RC2-src-release/sharding-core/sharding-core-optimize/src/main/java/org/apache/shardingsphere/core/optimize/encrypt/statement/EncryptOptimizedStatement.java
/Users/huqingfeng/Downloads/apache-shardingsphere-incubating-4.0.0-RC2-src-release/sharding-core/sharding-core-optimize/src/main/java/org/apache/shardingsphere/core/optimize/transparent/statement/TransparentOptimizedStatement.java
/Users/huqingfeng/Downloads/apache-shardingsphere-incubating-4.0.0-RC2-src-release/sharding-core/sharding-core-optimize/src/main/java/org/apache/shardingsphere/core/optimize/encrypt/statement/EncryptConditionOptimizedStatement.java
/Users/huqingfeng/Downloads/apache-shardingsphere-incubating-4.0.0-RC2-src-release/sharding-core/sharding-core-optimize/src/main/java/org/apache/shardingsphere/core/optimize/sharding/segment/select/pagination/engine/PaginationEngine.java
/Users/huqingfeng/Downloads/apache-shardingsphere-incubating-4.0.0-RC2-src-release/sharding-core/sharding-core-optimize/src/main/java/org/apache/shardingsphere/core/optimize/api/segment/InsertValue.java
/Users/huqingfeng/Downloads/apache-shardingsphere-incubating-4.0.0-RC2-src-release/sharding-core/sharding-core-optimize/src/main/java/org/apache/shardingsphere/core/optimize/transparent/engine/TransparentOptimizeEngine.java
/Users/huqingfeng/Downloads/apache-shardingsphere-incubating-4.0.0-RC2-src-release/sharding-core/sharding-core-optimize/src/main/java/org/apache/shardingsphere/core/optimize/sharding/segment/condition/AlwaysFalseRouteValue.java
/Users/huqingfeng/Downloads/apache-shardingsphere-incubating-4.0.0-RC2-src-release/sharding-core/sharding-core-optimize/src/main/java/org/apache/shardingsphere/core/optimize/sharding/segment/select/item/AggregationSelectItem.java
/Users/huqingfeng/Downloads/apache-shardingsphere-incubating-4.0.0-RC2-src-release/sharding-core/sharding-core-optimize/src/main/java/org/apache/shardingsphere/core/optimize/api/statement/InsertOptimizedStatement.java
/Users/huqingfeng/Downloads/apache-shardingsphere-incubating-4.0.0-RC2-src-release/sharding-core/sharding-core-optimize/src/main/java/org/apache/shardingsphere/core/optimize/sharding/statement/dml/ShardingConditionOptimizedStatement.java
/Users/huqingfeng/Downloads/apache-shardingsphere-incubating-4.0.0-RC2-src-release/sharding-core/sharding-core-optimize/src/main/java/org/apache/shardingsphere/core/optimize/sharding/statement/ShardingOptimizedStatement.java
/Users/huqingfeng/Downloads/apache-shardingsphere-incubating-4.0.0-RC2-src-release/sharding-core/sharding-core-optimize/src/main/java/org/apache/shardingsphere/core/optimize/sharding/statement/ddl/ShardingDropIndexOptimizedStatement.java
/Users/huqingfeng/Downloads/apache-shardingsphere-incubating-4.0.0-RC2-src-release/sharding-core/sharding-core-optimize/src/main/java/org/apache/shardingsphere/core/optimize/api/statement/OptimizedStatement.java
/Users/huqingfeng/Downloads/apache-shardingsphere-incubating-4.0.0-RC2-src-release/sharding-core/sharding-core-optimize/src/main/java/org/apache/shardingsphere/core/optimize/sharding/segment/insert/GeneratedKey.java
/Users/huqingfeng/Downloads/apache-shardingsphere-incubating-4.0.0-RC2-src-release/sharding-core/sharding-core-optimize/src/main/java/org/apache/shardingsphere/core/optimize/sharding/segment/condition/generator/impl/ConditionValueInOperatorGenerator.java
/Users/huqingfeng/Downloads/apache-shardingsphere-incubating-4.0.0-RC2-src-release/sharding-core/sharding-core-optimize/src/main/java/org/apache/shardingsphere/core/optimize/sharding/segment/condition/ShardingCondition.java
/Users/huqingfeng/Downloads/apache-shardingsphere-incubating-4.0.0-RC2-src-release/sharding-core/sharding-core-optimize/src/main/java/org/apache/shardingsphere/core/optimize/api/segment/Table.java
/Users/huqingfeng/Downloads/apache-shardingsphere-incubating-4.0.0-RC2-src-release/sharding-core/sharding-core-optimize/src/main/java/org/apache/shardingsphere/core/optimize/sharding/ShardingOptimizeEngineFactory.java
/Users/huqingfeng/Downloads/apache-shardingsphere-incubating-4.0.0-RC2-src-release/sharding-core/sharding-core-optimize/src/main/java/org/apache/shardingsphere/core/optimize/sharding/segment/condition/generator/impl/ConditionValueBetweenOperatorGenerator.java
/Users/huqingfeng/Downloads/apache-shardingsphere-incubating-4.0.0-RC2-src-release/sharding-core/sharding-core-optimize/src/main/java/org/apache/shardingsphere/core/optimize/sharding/segment/insert/value/InsertValueEngine.java
/Users/huqingfeng/Downloads/apache-shardingsphere-incubating-4.0.0-RC2-src-release/sharding-core/sharding-core-optimize/src/main/java/org/apache/shardingsphere/core/optimize/sharding/segment/condition/AlwaysFalseShardingCondition.java
/Users/huqingfeng/Downloads/apache-shardingsphere-incubating-4.0.0-RC2-src-release/sharding-core/sharding-core-optimize/src/main/java/org/apache/shardingsphere/core/optimize/sharding/engnie/dml/ShardingDeleteOptimizeEngine.java
